Microchip MPLAB XC8 Compiler V2.31

Linker command line:

-W-3 --edf=C:\Program Files\Microchip\xc8\v2.31\pic\dat\en_msgs.txt -cn \
  -h+dist/default/production\LAB3-DIGITAL2.X.production.sym \
  --cmf=dist/default/production\LAB3-DIGITAL2.X.production.cmf -z -Q16F887 \
  -oC:\Users\cnata\AppData\Local\Temp\s808.2 --defsym=__MPLAB_BUILD=1 \
  -Mdist/default/production/LAB3-DIGITAL2.X.production.map -E1 \
  -ver=XC8 Compiler -ASTACK=0110h-016Fh -pstack=STACK -ACODE=00h-07FFhx4 \
  -ASTRCODE=00h-01FFFh -ASTRING=00h-0FFhx32 -ACONST=00h-0FFhx32 \
  -AENTRY=00h-0FFhx32 -ACOMMON=070h-07Fh -ABANK0=020h-06Fh \
  -ABANK1=0A0h-0EFh -ABANK2=0110h-016Fh -ABANK3=0190h-01EFh \
  -ARAM=020h-06Fh,0A0h-0EFh,0110h-016Fh,0190h-01EFh \
  -AABS1=020h-07Fh,0A0h-0EFh,0110h-016Fh,0190h-01EFh -ASFR0=00h-01Fh \
  -ASFR1=080h-09Fh -ASFR2=0100h-010Fh -ASFR3=0180h-018Fh \
  -ACONFIG=02007h-02008h -DCONFIG=2 -AIDLOC=02000h-02003h -DIDLOC=2 \
  -AEEDATA=00h-0FFh/02100h -peeprom_data=EEDATA -DEEDATA=2 -DCODE=2 \
  -DSTRCODE=2 -DSTRING=2 -DCONST=2 -DENTRY=2 \
  -preset_vec=00h,intentry=04h,init,end_init -ppowerup=CODE -pcinit=CODE \
  -pfunctab=ENTRY -k C:\Users\cnata\AppData\Local\Temp\s808.o \
  dist/default/production\LAB3-DIGITAL2.X.production.o 

Object code version is 3.11

Machine type is 16F887



                Name                               Link     Load   Length Selector   Space Scale
C:\Users\cnata\AppData\Local\Temp\s808.o
                end_init                              C        C        3        8       0
                reset_vec                             0        0        3        0       0
                config                             2007     2007        2        0       4
dist/default/production\LAB3-DIGITAL2.X.production.o
                cinit                                 F        F       13        8       0
                intentry                              4        4        8        8       0
                text17_split_1                       22       22      645        8       0
                config                             2007     2007        2        0       4
                text44                             1D46     1D46       27     3A8C       0
                text43                             1475     1475       BC     28EA       0
                text42                             1367     1367       82     26CE       0
                text41                             1D6D     1D6D       29     3ADA       0
                text40                              802      802       C2     1004       0
                text39                             15EE     15EE       E5     2BDC       0
                text38                             1129     1129       5B     2252       0
                text37                             1184     1184       5B     2308       0
                text36                             1EAE     1EAE       3A     3D5C       0
                text35                             1C8D     1C8D        A     391A       0
                text34                              667      667      136        8       0
                text33                             1CFB     1CFB       25     39F6       0
                text32                             13E9     13E9       8C     27D2       0
                text31                             1296     1296       68     252C       0
                text30                             10D3     10D3       56     21A6       0
                text29                             1E43     1E43       33     3C86       0
                text28                             1D96     1D96       2B     3B2C       0
                text27                             16D3     16D3      12D     2DA6       0
                text26                             1531     1531       BD     2A62       0
                text25                             1CE4     1CE4       17     39C8       0
                text24                             1F24     1F24       46     3E48       0
                text23                             1EE8     1EE8       3C     3DD0       0
                text22                              8C4      8C4      1A9     1188       0
                text21                             1CBC     1CBC       12     3978       0
                text20                             12FE     12FE       69     25FC       0
                text19                             11DF     11DF       5B     23BE       0
                text18                              A6D      A6D      2BB     14DA       0
                text17                              D28      D28      2D8     1A50       0
                text16                             1E76     1E76       38     3CEC       0
                text15                             1C73     1C73        6     38E6       0
                text14                             10B9     10B9       1A     2172       0
                text13                             1FB0     1FB0       50     3F60       0
                text12                             1CAF     1CAF        D     395E       0
                text11                             1D20     1D20       26     3A40       0
                text10                             1CCE     1CCE       16     399C       0
                text9                              1F6A     1F6A       46     3ED4       0
                text8                              1E17     1E17       2C     3C2E       0
                text7                              1C97     1C97        C     392E       0
                text6                              1DC1     1DC1       2B     3B82       0
                text5                              1C79     1C79        6     38F2       0
                text4                              1CA3     1CA3        C     3946       0
                text3                              1C7F     1C7F        6     38FE       0
                text2                              123A     123A       5C     2474       0
                text1                              1DEC     1DEC       2B     3BD8       0
                maintext                            79D      79D       60        8       0
                cstackBANK0                          20       20       4E       20       1
                cstackCOMMON                         70       70        8       70       1
                cstackBANK1                          A0       A0       22       A0       1
                clrtext                            1C85     1C85        8     390A       0
                bssBANK1                             C2       C2       20       A0       1
                bssBANK0                             6E       6E        1       20       1
                bssCOMMON                            78       78        3       70       1
                strings                            1000     1000       B7     2000       0

TOTAL           Name                               Link     Load   Length     Space
        CLASS   STACK          

        CLASS   CODE           
                end_init                              C        C        3         0
                cinit                                 F        F       13         0
                intentry                              4        4        8         0
                reset_vec                             0        0        3         0
                text17_split_1                       22       22      645         0
                text44                             1D46     1D46       27         0
                text43                             1475     1475       BC         0
                text42                             1367     1367       82         0
                text41                             1D6D     1D6D       29         0
                text40                              802      802       C2         0
                text39                             15EE     15EE       E5         0
                text38                             1129     1129       5B         0
                text37                             1184     1184       5B         0
                text36                             1EAE     1EAE       3A         0
                text35                             1C8D     1C8D        A         0
                text34                              667      667      136         0
                text33                             1CFB     1CFB       25         0
                text32                             13E9     13E9       8C         0
                text31                             1296     1296       68         0
                text30                             10D3     10D3       56         0
                text29                             1E43     1E43       33         0
                text28                             1D96     1D96       2B         0
                text27                             16D3     16D3      12D         0
                text26                             1531     1531       BD         0
                text25                             1CE4     1CE4       17         0
                text24                             1F24     1F24       46         0
                text23                             1EE8     1EE8       3C         0
                text22                              8C4      8C4      1A9         0
                text21                             1CBC     1CBC       12         0
                text20                             12FE     12FE       69         0
                text19                             11DF     11DF       5B         0
                text18                              A6D      A6D      2BB         0
                text17                              D28      D28      2D8         0
                text16                             1E76     1E76       38         0
                text15                             1C73     1C73        6         0
                text14                             10B9     10B9       1A         0
                text13                             1FB0     1FB0       50         0
                text12                             1CAF     1CAF        D         0
                text11                             1D20     1D20       26         0
                text10                             1CCE     1CCE       16         0
                text9                              1F6A     1F6A       46         0
                text8                              1E17     1E17       2C         0
                text7                              1C97     1C97        C         0
                text6                              1DC1     1DC1       2B         0
                text5                              1C79     1C79        6         0
                text4                              1CA3     1CA3        C         0
                text3                              1C7F     1C7F        6         0
                text2                              123A     123A       5C         0
                text1                              1DEC     1DEC       2B         0
                maintext                            79D      79D       60         0
                clrtext                            1C85     1C85        8         0

        CLASS   STRCODE        

        CLASS   STRING         
                strings                            1000     1000       B7         0

        CLASS   CONST          

        CLASS   ENTRY          

        CLASS   COMMON         
                cstackCOMMON                         70       70        8         1
                bssCOMMON                            78       78        3         1

        CLASS   BANK0          
                cstackBANK0                          20       20       4E         1
                bssBANK0                             6E       6E        1         1

        CLASS   BANK1          
                cstackBANK1                          A0       A0       22         1
                bssBANK1                             C2       C2       20         1

        CLASS   BANK2          

        CLASS   BANK3          

        CLASS   RAM            

        CLASS   ABS1           
                abs_s1                               7E       7E        2         1

        CLASS   SFR0           

        CLASS   SFR1           

        CLASS   SFR2           

        CLASS   SFR3           

        CLASS   CONFIG         
                config                             2007     2007        2         4

        CLASS   IDLOC          

        CLASS   EEDATA         



SEGMENTS        Name                           Load    Length   Top    Selector   Space  Class     Delta

                reset_vec                      000000  000003  000003         0       0  CODE        2
                intentry                       000004  0007F9  0007FD         8       0  CODE        2
                cstackBANK0                    000020  00004F  00006F        20       1  BANK0       1
                cstackCOMMON                   000070  00000B  00007B        70       1  COMMON      1
                cstackBANK1                    0000A0  000042  0000E2        A0       1  BANK1       1
                text40                         000802  0000C2  0008C4      1004       0  CODE        2
                text22                         0008C4  0001A9  000A6D      1188       0  CODE        2
                text18                         000A6D  0002BB  000D28      14DA       0  CODE        2
                text17                         000D28  0002D8  001000      1A50       0  CODE        2
                strings                        001000  0000B7  0010B7      2000       0  STRING      2
                text14                         0010B9  00001A  0010D3      2172       0  CODE        2
                text30                         0010D3  000056  001129      21A6       0  CODE        2
                text38                         001129  00005B  001184      2252       0  CODE        2
                text37                         001184  00005B  0011DF      2308       0  CODE        2
                text19                         0011DF  00005B  00123A      23BE       0  CODE        2
                text2                          00123A  00005C  001296      2474       0  CODE        2
                text31                         001296  000068  0012FE      252C       0  CODE        2
                text20                         0012FE  000069  001367      25FC       0  CODE        2
                text42                         001367  000082  0013E9      26CE       0  CODE        2
                text32                         0013E9  00008C  001475      27D2       0  CODE        2
                text43                         001475  0000BC  001531      28EA       0  CODE        2
                text26                         001531  0000BD  0015EE      2A62       0  CODE        2
                text39                         0015EE  0000E5  0016D3      2BDC       0  CODE        2
                text27                         0016D3  00012D  001800      2DA6       0  CODE        2
                text15                         001C73  000006  001C79      38E6       0  CODE        2
                text5                          001C79  000006  001C7F      38F2       0  CODE        2
                text3                          001C7F  000006  001C85      38FE       0  CODE        2
                clrtext                        001C85  000008  001C8D      390A       0  CODE        2
                text35                         001C8D  00000A  001C97      391A       0  CODE        2
                text7                          001C97  00000C  001CA3      392E       0  CODE        2
                text4                          001CA3  00000C  001CAF      3946       0  CODE        2
                text12                         001CAF  00000D  001CBC      395E       0  CODE        2
                text21                         001CBC  000012  001CCE      3978       0  CODE        2
                text10                         001CCE  000016  001CE4      399C       0  CODE        2
                text25                         001CE4  000017  001CFB      39C8       0  CODE        2
                text33                         001CFB  000025  001D20      39F6       0  CODE        2
                text11                         001D20  000026  001D46      3A40       0  CODE        2
                text44                         001D46  000027  001D6D      3A8C       0  CODE        2
                text41                         001D6D  000029  001D96      3ADA       0  CODE        2
                text28                         001D96  00002B  001DC1      3B2C       0  CODE        2
                text6                          001DC1  00002B  001DEC      3B82       0  CODE        2
                text1                          001DEC  00002B  001E17      3BD8       0  CODE        2
                text8                          001E17  00002C  001E43      3C2E       0  CODE        2
                text29                         001E43  000033  001E76      3C86       0  CODE        2
                text16                         001E76  000038  001EAE      3CEC       0  CODE        2
                text36                         001EAE  00003A  001EE8      3D5C       0  CODE        2
                text23                         001EE8  00003C  001F24      3DD0       0  CODE        2
                text24                         001F24  000046  001F6A      3E48       0  CODE        2
                text9                          001F6A  000046  001FB0      3ED4       0  CODE        2
                text13                         001FB0  000050  002000      3F60       0  CODE        2


UNUSED ADDRESS RANGES

        Name                Unused          Largest block    Delta
        BANK0            00006F-00006F                1           1
        BANK1            0000E2-0000EF                E           1
        BANK2            000110-00016F               60           1
        BANK3            000190-0001EF               60           1
        CODE             000003-000003                1           2
                         0007FD-000801                3
                         0010B7-0010B8                2
                         001800-001C72              473
        COMMON           00007B-00007D                3           1
        CONST            000003-000003                1           2
                         0007FD-000801                3
                         0010B7-0010B8                2
                         001800-001C72              100
        EEDATA           002100-0021FF              100           2
        ENTRY            000003-000003                1           2
                         0007FD-000801                3
                         0010B7-0010B8                2
                         001800-001C72              100
        IDLOC            002000-002003                4           2
        RAM              00006F-00006F                1           1
                         0000E2-0000EF                E
                         000110-00016F               60
                         000190-0001EF               60
        SFR0             000000-00001F               20           1
        SFR1             000080-00009F               20           1
        SFR2             000100-00010F               10           1
        SFR3             000180-00018F               10           1
        STACK            000110-00016F               60           1
        STRCODE          000003-000003                1           2
                         0007FD-000801                5
                         0010B7-0010B8                2
                         001800-001C72              473
        STRING           000003-000003                1           2
                         0007FD-000801                3
                         0010B7-0010B8                2
                         001800-001C72              100

                                  Symbol Table

?___awdiv                     cstackBANK0  000022
?___awmod                     cstackCOMMON 000073
?___awtoft                    cstackBANK0  000023
?___ftadd                     cstackBANK0  00004F
?___ftdiv                     cstackBANK0  00003F
?___ftmul                     cstackBANK0  00002F
?___ftneg                     cstackCOMMON 000073
?___ftpack                    cstackCOMMON 000073
?___ftsub                     cstackBANK0  00005C
?___fttol                     cstackBANK0  000048
?___lldiv                     cstackBANK0  000020
?___llmod                     cstackBANK0  00002D
?___lltoft                    cstackBANK0  000023
?___lwdiv                     cstackBANK0  000021
?___lwmod                     cstackCOMMON 000073
?___wmul                      cstackCOMMON 000073
?__div_to_l_                  cstackBANK0  000020
?__tdiv_to_l_                 cstackBANK0  000020
?_fround                      cstackBANK0  00003F
?_scale                       cstackBANK0  00003F
?_sprintf                     cstackBANK0  000062
ADC_Config@AN_num             cstackCOMMON 000075
Lcd_Cmd@a                     cstackCOMMON 000076
Lcd_Port@a                    cstackCOMMON 000073
Lcd_Set_Cursor@a              cstackBANK0  000021
Lcd_Set_Cursor@b              cstackCOMMON 000077
Lcd_Set_Cursor@temp           cstackBANK0  000022
Lcd_Write_Char@a              cstackCOMMON 000075
Lcd_Write_String@a            cstackCOMMON 000076
Lcd_Write_String@i            cstackBANK0  000023
Write_USART@a                 cstackCOMMON 000073
Write_USART_String@a          cstackCOMMON 000074
Write_USART_String@i          cstackCOMMON 000077
_ADCON0bits                   (abs)        00001F
_ADCON1                       (abs)        00009F
_ADC_Config                   text43       001475
_ADC_channel1                 text38       001129
_ADC_channel2                 text37       001184
_ADC_to_string                text16       001E76
_ADRESH                       (abs)        00001E
_ADRESL                       (abs)        00009E
_ANSEL                        (abs)        000188
_ANSELH                       (abs)        000189
_INTCONbits                   (abs)        00000B
_ISR                          text44       001D46
_Lcd_Clear                    text12       001CAF
_Lcd_Cmd                      text14       0010B9
_Lcd_Init                     text13       001FB0
_Lcd_Port                     text15       001C73
_Lcd_Set_Cursor               text11       001D20
_Lcd_Write_Char               text10       001CCE
_Lcd_Write_String             text9        001F6A
_OSCCONbits                   (abs)        00008F
_PIE1bits                     (abs)        00008C
_PIR1bits                     (abs)        00000C
_PORTA                        (abs)        000005
_PORTB                        (abs)        000006
_PORTC                        (abs)        000007
_PORTD                        (abs)        000008
_PORTE                        (abs)        000009
_PORTEbits                    (abs)        000009
_RCIF                         (abs)        000065
_RCREG                        (abs)        00001A
_RCSTAbits                    (abs)        000018
_S1_val                       bssBANK1     0000C5
_S2_val                       bssBANK1     0000C2
_SPBRG                        (abs)        000099
_SPBRGH                       (abs)        00009A
_Show_val_LCD                 text8        001E17
_TRISA                        (abs)        000085
_TRISB                        (abs)        000086
_TRISCbits                    (abs)        000087
_TRISD                        (abs)        000088
_TRISE                        (abs)        000089
_TRMT                         (abs)        0004C1
_TXREG                        (abs)        000019
_TXSTAbits                    (abs)        000098
_USART_INTERRUPT              text5        001C79
_USART_Init                   text4        001CA3
_USART_Init_BaudRate          text3        001C7F
_VAL                          bssCOMMON    000078
_VAL_NIBBLE1                  bssBANK1     0000CA
_VAL_NIBBLE2                  bssBANK1     0000C8
_VAL_SWAP                     bssBANK1     0000CC
_Write_USART                  text7        001C97
_Write_USART_String           text6        001DC1
__Habs1                       abs1         000000
__Hbank0                      bank0        000000
__Hbank1                      bank1        000000
__Hbank2                      bank2        000000
__Hbank3                      bank3        000000
__HbssBANK0                   bssBANK0     000000
__HbssBANK1                   bssBANK1     000000
__HbssCOMMON                  bssCOMMON    000000
__Hcinit                      cinit        000022
__Hclrtext                    clrtext      000000
__Hcode                       code         000000
__Hcommon                     common       000000
__Hconfig                     config       002009
__HcstackBANK0                cstackBANK0  000000
__HcstackBANK1                cstackBANK1  000000
__HcstackCOMMON               cstackCOMMON 000000
__Heeprom_data                eeprom_data  000000
__Hend_init                   end_init     00000F
__Hfunctab                    functab      000000
__Hinit                       init         00000C
__Hintentry                   intentry     00000C
__Hmaintext                   maintext     000000
__Hpowerup                    powerup      000000
__Hram                        ram          000000
__Hreset_vec                  reset_vec    000003
__Hsfr0                       sfr0         000000
__Hsfr1                       sfr1         000000
__Hsfr2                       sfr2         000000
__Hsfr3                       sfr3         000000
__Hspace_0                    (abs)        002000
__Hspace_1                    (abs)        0000E2
__Hspace_2                    (abs)        000000
__Hspace_3                    (abs)        000000
__Hspace_4                    (abs)        004010
__Hstack                      stack        000000
__Hstrings                    strings      000000
__Htext                       text         000000
__Labs1                       abs1         000000
__Lbank0                      bank0        000000
__Lbank1                      bank1        000000
__Lbank2                      bank2        000000
__Lbank3                      bank3        000000
__LbssBANK0                   bssBANK0     000000
__LbssBANK1                   bssBANK1     000000
__LbssCOMMON                  bssCOMMON    000000
__Lcinit                      cinit        00000F
__Lclrtext                    clrtext      000000
__Lcode                       code         000000
__Lcommon                     common       000000
__Lconfig                     config       000000
__LcstackBANK0                cstackBANK0  000000
__LcstackBANK1                cstackBANK1  000000
__LcstackCOMMON               cstackCOMMON 000000
__Leeprom_data                eeprom_data  000000
__Lend_init                   end_init     00000C
__Lfunctab                    functab      000000
__Linit                       init         00000C
__Lintentry                   intentry     000004
__Lmaintext                   maintext     000000
__Lpowerup                    powerup      000000
__Lram                        ram          000000
__Lreset_vec                  reset_vec    000000
__Lsfr0                       sfr0         000000
__Lsfr1                       sfr1         000000
__Lsfr2                       sfr2         000000
__Lsfr3                       sfr3         000000
__Lspace_0                    (abs)        000000
__Lspace_1                    (abs)        000000
__Lspace_2                    (abs)        000000
__Lspace_3                    (abs)        000000
__Lspace_4                    (abs)        000000
__Lstack                      stack        000000
__Lstrings                    strings      000000
__Ltext                       text         000000
__S0                          (abs)        002000
__S1                          (abs)        0000E2
__S2                          (abs)        000000
__S3                          (abs)        000000
___awdiv                      text20       0012FE
___awdiv@counter              cstackBANK0  000027
___awdiv@dividend             cstackBANK0  000024
___awdiv@divisor              cstackBANK0  000022
___awdiv@quotient             cstackBANK0  000029
___awdiv@sign                 cstackBANK0  000028
___awmod                      text19       0011DF
___awmod@counter              cstackBANK0  000020
___awmod@dividend             cstackCOMMON 000075
___awmod@divisor              cstackCOMMON 000073
___awmod@sign                 cstackBANK0  000021
___awtoft                     text41       001D6D
___awtoft@c                   cstackBANK0  000023
___awtoft@sign                cstackBANK0  000028
___bmul                       text25       001CE4
___bmul@multiplicand          cstackBANK0  00002B
___bmul@multiplier            cstackBANK0  00002E
___bmul@product               cstackBANK0  00002D
___ftadd                      text34       000667
___ftadd@exp1                 cstackBANK0  00005B
___ftadd@exp2                 cstackBANK0  00005A
___ftadd@f1                   cstackBANK0  00004F
___ftadd@f2                   cstackBANK0  000052
___ftadd@sign                 cstackBANK0  000059
___ftdiv                      text40       000802
___ftdiv@cntr                 cstackBANK0  000049
___ftdiv@exp                  cstackBANK0  00004D
___ftdiv@f1                   cstackBANK0  000042
___ftdiv@f2                   cstackBANK0  00003F
___ftdiv@f3                   cstackBANK0  00004A
___ftdiv@sign                 cstackBANK0  00004E
___ftge                       text36       001EAE
___ftge@ff1                   cstackBANK0  000020
___ftge@ff2                   cstackBANK0  000023
___ftmul                      text39       0015EE
___ftmul@cntr                 cstackBANK0  00003D
___ftmul@exp                  cstackBANK0  000039
___ftmul@f1                   cstackBANK0  00002F
___ftmul@f2                   cstackBANK0  000032
___ftmul@f3_as_product        cstackBANK0  00003A
___ftmul@sign                 cstackBANK0  00003E
___ftneg                      text35       001C8D
___ftneg@f1                   cstackCOMMON 000073
___ftpack                     text42       001367
___ftpack@arg                 cstackCOMMON 000073
___ftpack@exp                 cstackCOMMON 000076
___ftpack@sign                cstackCOMMON 000077
___ftsub                      text33       001CFB
___ftsub@f1                   cstackBANK0  00005F
___ftsub@f2                   cstackBANK0  00005C
___fttol                      text32       0013E9
___fttol@exp1                 cstackBANK0  000055
___fttol@f1                   cstackBANK0  000048
___fttol@lval                 cstackBANK0  000051
___fttol@sign1                cstackBANK0  000050
___int_sp                     stack        000000
___latbits                    (abs)        000002
___lldiv                      text31       001296
___lldiv@counter              cstackBANK0  00002C
___lldiv@dividend             cstackBANK0  000024
___lldiv@divisor              cstackBANK0  000020
___lldiv@quotient             cstackBANK0  000028
___llmod                      text30       0010D3
___llmod@counter              cstackCOMMON 000075
___llmod@dividend             cstackBANK0  000031
___llmod@divisor              cstackBANK0  00002D
___lltoft                     text29       001E43
___lltoft@c                   cstackBANK0  000023
___lltoft@exp                 cstackBANK0  000028
___lwdiv                      text24       001F24
___lwdiv@counter              cstackBANK0  000026
___lwdiv@dividend             cstackBANK0  000023
___lwdiv@divisor              cstackBANK0  000021
___lwdiv@quotient             cstackBANK0  000027
___lwmod                      text23       001EE8
___lwmod@counter              cstackBANK0  000020
___lwmod@dividend             cstackCOMMON 000075
___lwmod@divisor              cstackCOMMON 000073
___sp                         stack        000000
___stackhi                    (abs)        000000
___stacklo                    (abs)        000000
___wmul                       text28       001D96
___wmul@multiplicand          cstackCOMMON 000075
___wmul@multiplier            cstackCOMMON 000073
___wmul@product               cstackBANK0  000020
__div_to_l_                   text27       0016D3
__div_to_l_@cntr              cstackBANK0  000032
__div_to_l_@exp1              cstackBANK0  000033
__div_to_l_@f1                cstackBANK0  000020
__div_to_l_@f2                cstackBANK0  000023
__div_to_l_@quot              cstackBANK0  00002E
__end_of_ADC_Config           text43       001531
__end_of_ADC_channel1         text38       001184
__end_of_ADC_channel2         text37       0011DF
__end_of_ADC_to_string        text16       001EAE
__end_of_ISR                  text44       001D6D
__end_of_Lcd_Clear            text12       001CBC
__end_of_Lcd_Cmd              text14       0010D3
__end_of_Lcd_Init             text13       002000
__end_of_Lcd_Port             text15       001C79
__end_of_Lcd_Set_Cursor       text11       001D46
__end_of_Lcd_Write_Char       text10       001CE4
__end_of_Lcd_Write_String     text9        001FB0
__end_of_Show_val_LCD         text8        001E43
__end_of_USART_INTERRUPT      text5        001C7F
__end_of_USART_Init           text4        001CAF
__end_of_USART_Init_BaudRate  text3        001C85
__end_of_Write_USART          text7        001CA3
__end_of_Write_USART_String   text6        001DEC
__end_of___awdiv              text20       001367
__end_of___awmod              text19       00123A
__end_of___awtoft             text41       001D96
__end_of___bmul               text25       001CFB
__end_of___ftadd              text34       00079D
__end_of___ftdiv              text40       0008C4
__end_of___ftge               text36       001EE8
__end_of___ftmul              text39       0016D3
__end_of___ftneg              text35       001C97
__end_of___ftpack             text42       0013E9
__end_of___ftsub              text33       001D20
__end_of___fttol              text32       001475
__end_of___lldiv              text31       0012FE
__end_of___llmod              text30       001129
__end_of___lltoft             text29       001E76
__end_of___lwdiv              text24       001F6A
__end_of___lwmod              text23       001F24
__end_of___wmul               text28       001DC1
__end_of__div_to_l_           text27       001800
__end_of__initialization      cinit        00001E
__end_of__npowers_            strings      00105E
__end_of__powers_             strings      001037
__end_of__stringtab           strings      001010
__end_of__tdiv_to_l_          text26       0015EE
__end_of_dpowers              strings      001086
__end_of_fround               text22       000A6D
__end_of_initOsc              text2        001296
__end_of_isdigit              text21       001CCE
__end_of_main                 maintext     0007FD
__end_of_scale                text18       000D28
__end_of_setup                text1        001E17
__end_of_sprintf              text17_split_1 000667
__initialization              cinit        00000F
__npowers_                    strings      001037
__pbssBANK0                   bssBANK0     00006E
__pbssBANK1                   bssBANK1     0000C2
__pbssCOMMON                  bssCOMMON    000078
__pcstackBANK0                cstackBANK0  000020
__pcstackBANK1                cstackBANK1  0000A0
__pcstackCOMMON               cstackCOMMON 000070
__pintentry                   intentry     000004
__pmaintext                   maintext     00079D
__powers_                     strings      001010
__pstrings                    strings      001000
__ptext1                      text1        001DEC
__ptext10                     text10       001CCE
__ptext11                     text11       001D20
__ptext12                     text12       001CAF
__ptext13                     text13       001FB0
__ptext14                     text14       0010B9
__ptext15                     text15       001C73
__ptext16                     text16       001E76
__ptext17                     text17       000D28
__ptext18                     text18       000A6D
__ptext19                     text19       0011DF
__ptext2                      text2        00123A
__ptext20                     text20       0012FE
__ptext21                     text21       001CBC
__ptext22                     text22       0008C4
__ptext23                     text23       001EE8
__ptext24                     text24       001F24
__ptext25                     text25       001CE4
__ptext26                     text26       001531
__ptext27                     text27       0016D3
__ptext28                     text28       001D96
__ptext29                     text29       001E43
__ptext3                      text3        001C7F
__ptext30                     text30       0010D3
__ptext31                     text31       001296
__ptext32                     text32       0013E9
__ptext33                     text33       001CFB
__ptext34                     text34       000667
__ptext35                     text35       001C8D
__ptext36                     text36       001EAE
__ptext37                     text37       001184
__ptext38                     text38       001129
__ptext39                     text39       0015EE
__ptext4                      text4        001CA3
__ptext40                     text40       000802
__ptext41                     text41       001D6D
__ptext42                     text42       001367
__ptext43                     text43       001475
__ptext44                     text44       001D46
__ptext5                      text5        001C79
__ptext6                      text6        001DC1
__ptext7                      text7        001C97
__ptext8                      text8        001E17
__ptext9                      text9        001F6A
__size_of_ADC_Config          (abs)        000000
__size_of_ADC_channel1        (abs)        000000
__size_of_ADC_channel2        (abs)        000000
__size_of_ADC_to_string       (abs)        000000
__size_of_ISR                 (abs)        000000
__size_of_Lcd_Clear           (abs)        000000
__size_of_Lcd_Cmd             (abs)        000000
__size_of_Lcd_Init            (abs)        000000
__size_of_Lcd_Port            (abs)        000000
__size_of_Lcd_Set_Cursor      (abs)        000000
__size_of_Lcd_Write_Char      (abs)        000000
__size_of_Lcd_Write_String    (abs)        000000
__size_of_Show_val_LCD        (abs)        000000
__size_of_USART_INTERRUPT     (abs)        000000
__size_of_USART_Init          (abs)        000000
__size_of_USART_Init_BaudRate (abs)        000000
__size_of_Write_USART         (abs)        000000
__size_of_Write_USART_String  (abs)        000000
__size_of___awdiv             (abs)        000000
__size_of___awmod             (abs)        000000
__size_of___awtoft            (abs)        000000
__size_of___bmul              (abs)        000000
__size_of___ftadd             (abs)        000000
__size_of___ftdiv             (abs)        000000
__size_of___ftge              (abs)        000000
__size_of___ftmul             (abs)        000000
__size_of___ftneg             (abs)        000000
__size_of___ftpack            (abs)        000000
__size_of___ftsub             (abs)        000000
__size_of___fttol             (abs)        000000
__size_of___lldiv             (abs)        000000
__size_of___llmod             (abs)        000000
__size_of___lltoft            (abs)        000000
__size_of___lwdiv             (abs)        000000
__size_of___lwmod             (abs)        000000
__size_of___wmul              (abs)        000000
__size_of__div_to_l_          (abs)        000000
__size_of__tdiv_to_l_         (abs)        000000
__size_of_fround              (abs)        000000
__size_of_initOsc             (abs)        000000
__size_of_isdigit             (abs)        000000
__size_of_main                (abs)        000000
__size_of_scale               (abs)        000000
__size_of_setup               (abs)        000000
__size_of_sprintf             (abs)        000000
__stringbase                  strings      00100F
__stringtab                   strings      001000
__tdiv_to_l_                  text26       001531
__tdiv_to_l_@cntr             cstackBANK0  00002A
__tdiv_to_l_@exp1             cstackBANK0  00002B
__tdiv_to_l_@f1               cstackBANK0  000020
__tdiv_to_l_@f2               cstackBANK0  000023
__tdiv_to_l_@quot             cstackBANK0  000026
_cont                         bssBANK0     00006E
_data_recive                  bssCOMMON    00007A
_data_total                   bssBANK1     0000CE
_dpowers                      strings      00105E
_fround                       text22       0008C4
_fround$1185                  cstackBANK0  00004B
_fround$1186                  cstackBANK0  000048
_initOsc                      text2        00123A
_isdigit                      text21       001CBC
_isdigit$978                  cstackCOMMON 000073
_main                         maintext     00079D
_scale                        text18       000A6D
_scale$1187                   cstackBANK0  000044
_setup                        text1        001DEC
_sprintf                      text17       000D28
_sprintf$1188                 cstackBANK1  0000A6
btemp                         (abs)        00007E
clear_ram0                    clrtext      001C85
end_of_initialization         cinit        00001E
fround@prec                   cstackBANK0  00004E
initOsc@IRCF                  cstackCOMMON 000075
interrupt_function            intentry     000004
intlevel0                     functab      000000
intlevel1                     functab      000000
intlevel2                     functab      000000
intlevel3                     functab      000000
intlevel4                     functab      000000
intlevel5                     functab      000000
isdigit@c                     cstackCOMMON 000074
pnum$text17                   (abs)        00001C
pnum$text17_split_1           (abs)        00003A
psplit$0                      (abs)        1C003A
reset_vec                     reset_vec    000000
saved_w                       (abs)        00007E
scale@scl                     cstackBANK0  000047
sprintf@ap                    cstackBANK1  0000A9
sprintf@c                     cstackBANK1  0000BE
sprintf@eexp                  cstackBANK1  0000B6
sprintf@f                     cstackBANK0  000062
sprintf@flag                  cstackBANK1  0000AA
sprintf@fval                  cstackBANK1  0000B8
sprintf@prec                  cstackBANK1  0000BC
sprintf@sp                    cstackBANK1  0000BB
sprintf@tmpval                cstackBANK1  0000AE
sprintf@val                   cstackBANK1  0000B2
sprintf@width                 cstackBANK1  0000AC
start                         init         00000C
start_initialization          cinit        00000F
wtemp0                        (abs)        00007E


FUNCTION INFORMATION:

 *************** function _main *****************
 Defined at:
		line 98 in file "pseudocodigo_lab3.c"
 Parameters:    Size  Location     Type
		None
 Auto vars:     Size  Location     Type
		None
 Return value:  Size  Location     Type
                  1    wreg      void 
 Registers used:
		wreg, fsr0l, fsr0h, status,2, status,0, btemp+1, pclath, cstack
 Tracked objects:
		On entry : 
		On exit  : 
		Unchanged: 
 Data sizes:     COMMON   BANK0   BANK1   BANK3   BANK2
      Params:         0       0       0       0       0
      Locals:         0       0       0       0       0
      Temps:          0       0       3       0       0
      Totals:         0       0       3       0       0
Total ram usage:        3 bytes
 Hardware stack levels required when called:    6
 This function calls:
		_ADC_channel1
		_ADC_channel2
		_ADC_to_string
		_Lcd_Clear
		_Lcd_Init
		_Show_val_LCD
		_Write_USART
		_Write_USART_String
		_setup
 This function is called by:
		Startup code after reset
 This function uses a non-reentrant model


 *************** function _setup *****************
 Defined at:
		line 168 in file "pseudocodigo_lab3.c"
 Parameters:    Size  Location     Type
		None
 Auto vars:     Size  Location     Type
		None
 Return value:  Size  Location     Type
                  1    wreg      void 
 Registers used:
		wreg, fsr0l, fsr0h, status,2, status,0, pclath, cstack
 Tracked objects:
		On entry : 
		On exit  : 
		Unchanged: 
 Data sizes:     COMMON   BANK0   BANK1   BANK3   BANK2
      Params:         0       0       0       0       0
      Locals:         0       0       0       0       0
      Temps:          0       0       0       0       0
      Totals:         0       0       0       0       0
Total ram usage:        0 bytes
 Hardware stack levels used:    1
 Hardware stack levels required when called:    2
 This function calls:
		_USART_INTERRUPT
		_USART_Init
		_USART_Init_BaudRate
		_initOsc
 This function is called by:
		_main
 This function uses a non-reentrant model


 *************** function _initOsc *****************
 Defined at:
		line 3 in file "Oscilador.c"
 Parameters:    Size  Location     Type
  IRCF            1    wreg     unsigned char 
 Auto vars:     Size  Location     Type
  IRCF            1    5[COMMON] unsigned char 
 Return value:  Size  Location     Type
                  1    wreg      void 
 Registers used:
		wreg, fsr0l, fsr0h, status,2, status,0
 Tracked objects:
		On entry : 
		On exit  : 
		Unchanged: 
 Data sizes:     COMMON   BANK0   BANK1   BANK3   BANK2
      Params:         0       0       0       0       0
      Locals:         1       0       0       0       0
      Temps:          2       0       0       0       0
      Totals:         3       0       0       0       0
Total ram usage:        3 bytes
 Hardware stack levels used:    1
 Hardware stack levels required when called:    1
 This function calls:
		Nothing
 This function is called by:
		_setup
 This function uses a non-reentrant model


 *************** function _USART_Init_BaudRate *****************
 Defined at:
		line 19 in file "USART.c"
 Parameters:    Size  Location     Type
		None
 Auto vars:     Size  Location     Type
		None
 Return value:  Size  Location     Type
                  1    wreg      void 
 Registers used:
		wreg, status,2
 Tracked objects:
		On entry : 
		On exit  : 
		Unchanged: 
 Data sizes:     COMMON   BANK0   BANK1   BANK3   BANK2
      Params:         0       0       0       0       0
      Locals:         0       0       0       0       0
      Temps:          0       0       0       0       0
      Totals:         0       0       0       0       0
Total ram usage:        0 bytes
 Hardware stack levels used:    1
 Hardware stack levels required when called:    1
 This function calls:
		Nothing
 This function is called by:
		_setup
 This function uses a non-reentrant model


 *************** function _USART_Init *****************
 Defined at:
		line 8 in file "USART.c"
 Parameters:    Size  Location     Type
		None
 Auto vars:     Size  Location     Type
		None
 Return value:  Size  Location     Type
                  1    wreg      void 
 Registers used:
		status,2
 Tracked objects:
		On entry : 
		On exit  : 
		Unchanged: 
 Data sizes:     COMMON   BANK0   BANK1   BANK3   BANK2
      Params:         0       0       0       0       0
      Locals:         0       0       0       0       0
      Temps:          0       0       0       0       0
      Totals:         0       0       0       0       0
Total ram usage:        0 bytes
 Hardware stack levels used:    1
 Hardware stack levels required when called:    1
 This function calls:
		Nothing
 This function is called by:
		_setup
 This function uses a non-reentrant model


 *************** function _USART_INTERRUPT *****************
 Defined at:
		line 24 in file "USART.c"
 Parameters:    Size  Location     Type
		None
 Auto vars:     Size  Location     Type
		None
 Return value:  Size  Location     Type
                  1    wreg      void 
 Registers used:
		None
 Tracked objects:
		On entry : 
		On exit  : 
		Unchanged: 
 Data sizes:     COMMON   BANK0   BANK1   BANK3   BANK2
      Params:         0       0       0       0       0
      Locals:         0       0       0       0       0
      Temps:          0       0       0       0       0
      Totals:         0       0       0       0       0
Total ram usage:        0 bytes
 Hardware stack levels used:    1
 Hardware stack levels required when called:    1
 This function calls:
		Nothing
 This function is called by:
		_setup
 This function uses a non-reentrant model


 *************** function _Write_USART_String *****************
 Defined at:
		line 37 in file "USART.c"
 Parameters:    Size  Location     Type
  a               2    4[COMMON] PTR unsigned char 
		 -> data_total(20), STR_1(15), 
 Auto vars:     Size  Location     Type
  i               1    7[COMMON] unsigned char 
 Return value:  Size  Location     Type
                  1    wreg      void 
 Registers used:
		wreg, fsr0l, fsr0h, status,2, status,0, btemp+1, pclath, cstack
 Tracked objects:
		On entry : 
		On exit  : 
		Unchanged: 
 Data sizes:     COMMON   BANK0   BANK1   BANK3   BANK2
      Params:         2       0       0       0       0
      Locals:         1       0       0       0       0
      Temps:          1       0       0       0       0
      Totals:         4       0       0       0       0
Total ram usage:        4 bytes
 Hardware stack levels used:    1
 Hardware stack levels required when called:    2
 This function calls:
		_Write_USART
 This function is called by:
		_main
 This function uses a non-reentrant model


 *************** function _Write_USART *****************
 Defined at:
		line 33 in file "USART.c"
 Parameters:    Size  Location     Type
  a               1    wreg     unsigned char 
 Auto vars:     Size  Location     Type
  a               1    3[COMMON] unsigned char 
 Return value:  Size  Location     Type
                  1    wreg      void 
 Registers used:
		wreg
 Tracked objects:
		On entry : 
		On exit  : 
		Unchanged: 
 Data sizes:     COMMON   BANK0   BANK1   BANK3   BANK2
      Params:         0       0       0       0       0
      Locals:         1       0       0       0       0
      Temps:          0       0       0       0       0
      Totals:         1       0       0       0       0
Total ram usage:        1 bytes
 Hardware stack levels used:    1
 Hardware stack levels required when called:    1
 This function calls:
		Nothing
 This function is called by:
		_main
		_Write_USART_String
 This function uses a non-reentrant model


 *************** function _Show_val_LCD *****************
 Defined at:
		line 132 in file "pseudocodigo_lab3.c"
 Parameters:    Size  Location     Type
		None
 Auto vars:     Size  Location     Type
		None
 Return value:  Size  Location     Type
                  1    wreg      void 
 Registers used:
		wreg, fsr0l, fsr0h, status,2, status,0, btemp+1, pclath, cstack
 Tracked objects:
		On entry : 
		On exit  : 
		Unchanged: 
 Data sizes:     COMMON   BANK0   BANK1   BANK3   BANK2
      Params:         0       0       0       0       0
      Locals:         0       0       0       0       0
      Temps:          0       1       0       0       0
      Totals:         0       1       0       0       0
Total ram usage:        1 bytes
 Hardware stack levels used:    1
 Hardware stack levels required when called:    4
 This function calls:
		_Lcd_Clear
		_Lcd_Set_Cursor
		_Lcd_Write_String
 This function is called by:
		_main
 This function uses a non-reentrant model


 *************** function _Lcd_Write_String *****************
 Defined at:
		line 70 in file "LCD.c"
 Parameters:    Size  Location     Type
  a               2    6[COMMON] PTR unsigned char 
		 -> STR_3(16), data_total(20), 
 Auto vars:     Size  Location     Type
  i               2    3[BANK0 ] int 
 Return value:  Size  Location     Type
                  1    wreg      void 
 Registers used:
		wreg, fsr0l, fsr0h, status,2, status,0, btemp+1, pclath, cstack
 Tracked objects:
		On entry : 
		On exit  : 
		Unchanged: 
 Data sizes:     COMMON   BANK0   BANK1   BANK3   BANK2
      Params:         2       0       0       0       0
      Locals:         0       2       0       0       0
      Temps:          0       3       0       0       0
      Totals:         2       5       0       0       0
Total ram usage:        7 bytes
 Hardware stack levels used:    1
 Hardware stack levels required when called:    3
 This function calls:
		_Lcd_Write_Char
 This function is called by:
		_Show_val_LCD
 This function uses a non-reentrant model


 *************** function _Lcd_Write_Char *****************
 Defined at:
		line 61 in file "LCD.c"
 Parameters:    Size  Location     Type
  a               1    wreg     unsigned char 
 Auto vars:     Size  Location     Type
  a               1    5[COMMON] unsigned char 
 Return value:  Size  Location     Type
                  1    wreg      void 
 Registers used:
		wreg, status,2, status,0, pclath, cstack
 Tracked objects:
		On entry : 
		On exit  : 
		Unchanged: 
 Data sizes:     COMMON   BANK0   BANK1   BANK3   BANK2
      Params:         0       0       0       0       0
      Locals:         1       0       0       0       0
      Temps:          1       0       0       0       0
      Totals:         2       0       0       0       0
Total ram usage:        2 bytes
 Hardware stack levels used:    1
 Hardware stack levels required when called:    2
 This function calls:
		_Lcd_Port
 This function is called by:
		_Lcd_Write_String
 This function uses a non-reentrant model


 *************** function _Lcd_Set_Cursor *****************
 Defined at:
		line 48 in file "LCD.c"
 Parameters:    Size  Location     Type
  a               1    wreg     unsigned char 
  b               1    7[COMMON] unsigned char 
 Auto vars:     Size  Location     Type
  a               1    1[BANK0 ] unsigned char 
  temp            1    2[BANK0 ] unsigned char 
 Return value:  Size  Location     Type
                  1    wreg      void 
 Registers used:
		wreg, status,2, status,0, pclath, cstack
 Tracked objects:
		On entry : 
		On exit  : 
		Unchanged: 
 Data sizes:     COMMON   BANK0   BANK1   BANK3   BANK2
      Params:         1       0       0       0       0
      Locals:         0       2       0       0       0
      Temps:          0       1       0       0       0
      Totals:         1       3       0       0       0
Total ram usage:        4 bytes
 Hardware stack levels used:    1
 Hardware stack levels required when called:    3
 This function calls:
		_Lcd_Cmd
 This function is called by:
		_Show_val_LCD
 This function uses a non-reentrant model


 *************** function _Lcd_Clear *****************
 Defined at:
		line 42 in file "LCD.c"
 Parameters:    Size  Location     Type
		None
 Auto vars:     Size  Location     Type
		None
 Return value:  Size  Location     Type
                  1    wreg      void 
 Registers used:
		wreg, status,2, status,0, pclath, cstack
 Tracked objects:
		On entry : 
		On exit  : 
		Unchanged: 
 Data sizes:     COMMON   BANK0   BANK1   BANK3   BANK2
      Params:         0       0       0       0       0
      Locals:         0       0       0       0       0
      Temps:          0       0       0       0       0
      Totals:         0       0       0       0       0
Total ram usage:        0 bytes
 Hardware stack levels used:    1
 Hardware stack levels required when called:    3
 This function calls:
		_Lcd_Cmd
 This function is called by:
		_main
		_Show_val_LCD
 This function uses a non-reentrant model


 *************** function _Lcd_Init *****************
 Defined at:
		line 14 in file "LCD.c"
 Parameters:    Size  Location     Type
		None
 Auto vars:     Size  Location     Type
		None
 Return value:  Size  Location     Type
                  1    wreg      void 
 Registers used:
		wreg, status,2, status,0, pclath, cstack
 Tracked objects:
		On entry : 
		On exit  : 
		Unchanged: 
 Data sizes:     COMMON   BANK0   BANK1   BANK3   BANK2
      Params:         0       0       0       0       0
      Locals:         0       0       0       0       0
      Temps:          0       2       0       0       0
      Totals:         0       2       0       0       0
Total ram usage:        2 bytes
 Hardware stack levels used:    1
 Hardware stack levels required when called:    3
 This function calls:
		_Lcd_Cmd
		_Lcd_Port
 This function is called by:
		_main
 This function uses a non-reentrant model


 *************** function _Lcd_Cmd *****************
 Defined at:
		line 33 in file "LCD.c"
 Parameters:    Size  Location     Type
  a               1    wreg     unsigned char 
 Auto vars:     Size  Location     Type
  a               1    6[COMMON] unsigned char 
 Return value:  Size  Location     Type
                  1    wreg      void 
 Registers used:
		wreg, status,2, status,0, pclath, cstack
 Tracked objects:
		On entry : 
		On exit  : 
		Unchanged: 
 Data sizes:     COMMON   BANK0   BANK1   BANK3   BANK2
      Params:         0       0       0       0       0
      Locals:         1       0       0       0       0
      Temps:          2       0       0       0       0
      Totals:         3       0       0       0       0
Total ram usage:        3 bytes
 Hardware stack levels used:    1
 Hardware stack levels required when called:    2
 This function calls:
		_Lcd_Port
 This function is called by:
		_Lcd_Init
		_Lcd_Clear
		_Lcd_Set_Cursor
		_Lcd_Shift_Right
		_Lcd_Shift_Left
 This function uses a non-reentrant model


 *************** function _Lcd_Port *****************
 Defined at:
		line 29 in file "LCD.c"
 Parameters:    Size  Location     Type
  a               1    wreg     unsigned char 
 Auto vars:     Size  Location     Type
  a               1    3[COMMON] unsigned char 
 Return value:  Size  Location     Type
                  1    wreg      void 
 Registers used:
		wreg
 Tracked objects:
		On entry : 
		On exit  : 
		Unchanged: 
 Data sizes:     COMMON   BANK0   BANK1   BANK3   BANK2
      Params:         0       0       0       0       0
      Locals:         1       0       0       0       0
      Temps:          0       0       0       0       0
      Totals:         1       0       0       0       0
Total ram usage:        1 bytes
 Hardware stack levels used:    1
 Hardware stack levels required when called:    1
 This function calls:
		Nothing
 This function is called by:
		_Lcd_Init
		_Lcd_Cmd
		_Lcd_Write_Char
 This function uses a non-reentrant model


 *************** function _ADC_to_string *****************
 Defined at:
		line 128 in file "pseudocodigo_lab3.c"
 Parameters:    Size  Location     Type
		None
 Auto vars:     Size  Location     Type
		None
 Return value:  Size  Location     Type
                  1    wreg      void 
 Registers used:
		wreg, fsr0l, fsr0h, status,2, status,0, btemp+1, pclath, cstack
 Tracked objects:
		On entry : 
		On exit  : 
		Unchanged: 
 Data sizes:     COMMON   BANK0   BANK1   BANK3   BANK2
      Params:         0       0       0       0       0
      Locals:         0       0       0       0       0
      Temps:          0       3       0       0       0
      Totals:         0       3       0       0       0
Total ram usage:        3 bytes
 Hardware stack levels used:    1
 Hardware stack levels required when called:    5
 This function calls:
		_sprintf
 This function is called by:
		_main
 This function uses a non-reentrant model


 *************** function _sprintf *****************
 Defined at:
		line 505 in file "C:\Program Files\Microchip\xc8\v2.31\pic\sources\c90\common\doprnt.c"
 Parameters:    Size  Location     Type
  sp              1    wreg     PTR unsigned char 
		 -> data_total(20), 
  f               1   66[BANK0 ] PTR const unsigned char 
		 -> STR_2(18), 
 Auto vars:     Size  Location     Type
  sp              1   27[BANK1 ] PTR unsigned char 
		 -> data_total(20), 
  val             4   18[BANK1 ] unsigned long 
  tmpval          4   14[BANK1 ] struct .
  fval            3   24[BANK1 ] struct .
  prec            2   28[BANK1 ] int 
  eexp            2   22[BANK1 ] int 
  width           2   12[BANK1 ] int 
  flag            2   10[BANK1 ] unsigned short 
  cp              2    0        PTR const unsigned char 
  len             2    0        unsigned int 
  c               1   30[BANK1 ] unsigned char 
  ap              1    9[BANK1 ] PTR void [1]
		 -> ?_sprintf(2), 
  d               1    0        unsigned char 
 Return value:  Size  Location     Type
                  2   66[BANK0 ] int 
 Registers used:
		wreg, fsr0l, fsr0h, status,2, status,0, btemp+1, pclath, cstack
 Tracked objects:
		On entry : 
		On exit  : 
		Unchanged: 
 Data sizes:     COMMON   BANK0   BANK1   BANK3   BANK2
      Params:         0       9       0       0       0
      Locals:         0       0      25       0       0
      Temps:          0       0       6       0       0
      Totals:         0       9      31       0       0
Total ram usage:       40 bytes
 Hardware stack levels used:    1
 Hardware stack levels required when called:    4
 This function calls:
		___awdiv
		___ftadd
		___ftge
		___ftmul
		___ftneg
		___ftsub
		___fttol
		___lldiv
		___llmod
		___lltoft
		___wmul
		__div_to_l_
		__tdiv_to_l_
		_fround
		_isdigit
		_scale
 This function is called by:
		_ADC_to_string
 This function uses a non-reentrant model


 *************** function _scale *****************
 Defined at:
		line 433 in file "C:\Program Files\Microchip\xc8\v2.31\pic\sources\c90\common\doprnt.c"
 Parameters:    Size  Location     Type
  scl             1    wreg     char 
 Auto vars:     Size  Location     Type
  scl             1   39[BANK0 ] char 
 Return value:  Size  Location     Type
                  3   31[BANK0 ] char 
 Registers used:
		wreg, fsr0l, fsr0h, status,2, status,0, pclath, cstack
 Tracked objects:
		On entry : 
		On exit  : 
		Unchanged: 
 Data sizes:     COMMON   BANK0   BANK1   BANK3   BANK2
      Params:         0       3       0       0       0
      Locals:         0       4       0       0       0
      Temps:          0       2       0       0       0
      Totals:         0       9       0       0       0
Total ram usage:        9 bytes
 Hardware stack levels used:    1
 Hardware stack levels required when called:    3
 This function calls:
		___awdiv
		___awmod
		___bmul
		___ftmul
 This function is called by:
		_sprintf
 This function uses a non-reentrant model


 *************** function ___awmod *****************
 Defined at:
		line 5 in file "C:\Program Files\Microchip\xc8\v2.31\pic\sources\c90\common\awmod.c"
 Parameters:    Size  Location     Type
  divisor         2    3[COMMON] int 
  dividend        2    5[COMMON] int 
 Auto vars:     Size  Location     Type
  sign            1    1[BANK0 ] unsigned char 
  counter         1    0[BANK0 ] unsigned char 
 Return value:  Size  Location     Type
                  2    3[COMMON] int 
 Registers used:
		wreg, status,2, status,0
 Tracked objects:
		On entry : 
		On exit  : 
		Unchanged: 
 Data sizes:     COMMON   BANK0   BANK1   BANK3   BANK2
      Params:         4       0       0       0       0
      Locals:         0       2       0       0       0
      Temps:          1       0       0       0       0
      Totals:         5       2       0       0       0
Total ram usage:        7 bytes
 Hardware stack levels used:    1
 Hardware stack levels required when called:    1
 This function calls:
		Nothing
 This function is called by:
		_scale
 This function uses a non-reentrant model


 *************** function ___awdiv *****************
 Defined at:
		line 5 in file "C:\Program Files\Microchip\xc8\v2.31\pic\sources\c90\common\awdiv.c"
 Parameters:    Size  Location     Type
  divisor         2    2[BANK0 ] int 
  dividend        2    4[BANK0 ] int 
 Auto vars:     Size  Location     Type
  quotient        2    9[BANK0 ] int 
  sign            1    8[BANK0 ] unsigned char 
  counter         1    7[BANK0 ] unsigned char 
 Return value:  Size  Location     Type
                  2    2[BANK0 ] int 
 Registers used:
		wreg, status,2, status,0
 Tracked objects:
		On entry : 
		On exit  : 
		Unchanged: 
 Data sizes:     COMMON   BANK0   BANK1   BANK3   BANK2
      Params:         0       4       0       0       0
      Locals:         0       4       0       0       0
      Temps:          0       1       0       0       0
      Totals:         0       9       0       0       0
Total ram usage:        9 bytes
 Hardware stack levels used:    1
 Hardware stack levels required when called:    1
 This function calls:
		Nothing
 This function is called by:
		_scale
		_sprintf
 This function uses a non-reentrant model


 *************** function _isdigit *****************
 Defined at:
		line 8 in file "C:\Program Files\Microchip\xc8\v2.31\pic\sources\c90\common\isdigit.c"
 Parameters:    Size  Location     Type
  c               1    wreg     unsigned char 
 Auto vars:     Size  Location     Type
  c               1    4[COMMON] unsigned char 
 Return value:  Size  Location     Type
		None               void
 Registers used:
		wreg, status,2, status,0
 Tracked objects:
		On entry : 
		On exit  : 
		Unchanged: 
 Data sizes:     COMMON   BANK0   BANK1   BANK3   BANK2
      Params:         0       0       0       0       0
      Locals:         2       0       0       0       0
      Temps:          0       0       0       0       0
      Totals:         2       0       0       0       0
Total ram usage:        2 bytes
 Hardware stack levels used:    1
 Hardware stack levels required when called:    1
 This function calls:
		Nothing
 This function is called by:
		_sprintf
 This function uses a non-reentrant model


 *************** function _fround *****************
 Defined at:
		line 417 in file "C:\Program Files\Microchip\xc8\v2.31\pic\sources\c90\common\doprnt.c"
 Parameters:    Size  Location     Type
  prec            1    wreg     unsigned char 
 Auto vars:     Size  Location     Type
  prec            1   46[BANK0 ] unsigned char 
 Return value:  Size  Location     Type
                  3   31[BANK0 ] unsigned char 
 Registers used:
		wreg, fsr0l, fsr0h, status,2, status,0, pclath, cstack
 Tracked objects:
		On entry : 
		On exit  : 
		Unchanged: 
 Data sizes:     COMMON   BANK0   BANK1   BANK3   BANK2
      Params:         0       3       0       0       0
      Locals:         0       7       0       0       0
      Temps:          0       6       0       0       0
      Totals:         0      16       0       0       0
Total ram usage:       16 bytes
 Hardware stack levels used:    1
 Hardware stack levels required when called:    3
 This function calls:
		___bmul
		___ftmul
		___lwdiv
		___lwmod
 This function is called by:
		_sprintf
 This function uses a non-reentrant model


 *************** function ___lwmod *****************
 Defined at:
		line 5 in file "C:\Program Files\Microchip\xc8\v2.31\pic\sources\c90\common\lwmod.c"
 Parameters:    Size  Location     Type
  divisor         2    3[COMMON] unsigned int 
  dividend        2    5[COMMON] unsigned int 
 Auto vars:     Size  Location     Type
  counter         1    0[BANK0 ] unsigned char 
 Return value:  Size  Location     Type
                  2    3[COMMON] unsigned int 
 Registers used:
		wreg, status,2, status,0
 Tracked objects:
		On entry : 
		On exit  : 
		Unchanged: 
 Data sizes:     COMMON   BANK0   BANK1   BANK3   BANK2
      Params:         4       0       0       0       0
      Locals:         0       1       0       0       0
      Temps:          1       0       0       0       0
      Totals:         5       1       0       0       0
Total ram usage:        6 bytes
 Hardware stack levels used:    1
 Hardware stack levels required when called:    1
 This function calls:
		Nothing
 This function is called by:
		_fround
 This function uses a non-reentrant model


 *************** function ___lwdiv *****************
 Defined at:
		line 5 in file "C:\Program Files\Microchip\xc8\v2.31\pic\sources\c90\common\lwdiv.c"
 Parameters:    Size  Location     Type
  divisor         2    1[BANK0 ] unsigned int 
  dividend        2    3[BANK0 ] unsigned int 
 Auto vars:     Size  Location     Type
  quotient        2    7[BANK0 ] unsigned int 
  counter         1    6[BANK0 ] unsigned char 
 Return value:  Size  Location     Type
                  2    1[BANK0 ] unsigned int 
 Registers used:
		wreg, status,2, status,0
 Tracked objects:
		On entry : 
		On exit  : 
		Unchanged: 
 Data sizes:     COMMON   BANK0   BANK1   BANK3   BANK2
      Params:         0       4       0       0       0
      Locals:         0       3       0       0       0
      Temps:          0       1       0       0       0
      Totals:         0       8       0       0       0
Total ram usage:        8 bytes
 Hardware stack levels used:    1
 Hardware stack levels required when called:    1
 This function calls:
		Nothing
 This function is called by:
		_fround
 This function uses a non-reentrant model


 *************** function ___bmul *****************
 Defined at:
		line 4 in file "C:\Program Files\Microchip\xc8\v2.31\pic\sources\c90\common\Umul8.c"
 Parameters:    Size  Location     Type
  multiplier      1    wreg     unsigned char 
  multiplicand    1   11[BANK0 ] unsigned char 
 Auto vars:     Size  Location     Type
  multiplier      1   14[BANK0 ] unsigned char 
  product         1   13[BANK0 ] unsigned char 
 Return value:  Size  Location     Type
                  1    wreg      unsigned char 
 Registers used:
		wreg, status,2, status,0
 Tracked objects:
		On entry : 
		On exit  : 
		Unchanged: 
 Data sizes:     COMMON   BANK0   BANK1   BANK3   BANK2
      Params:         0       1       0       0       0
      Locals:         0       2       0       0       0
      Temps:          0       1       0       0       0
      Totals:         0       4       0       0       0
Total ram usage:        4 bytes
 Hardware stack levels used:    1
 Hardware stack levels required when called:    1
 This function calls:
		Nothing
 This function is called by:
		_fround
		_scale
 This function uses a non-reentrant model


 *************** function __tdiv_to_l_ *****************
 Defined at:
		line 60 in file "C:\Program Files\Microchip\xc8\v2.31\pic\sources\c90\common\ftdivl.c"
 Parameters:    Size  Location     Type
  f1              3    0[BANK0 ] float 
  f2              3    3[BANK0 ] float 
 Auto vars:     Size  Location     Type
  quot            4    6[BANK0 ] unsigned long 
  exp1            1   11[BANK0 ] unsigned char 
  cntr            1   10[BANK0 ] unsigned char 
 Return value:  Size  Location     Type
                  4    0[BANK0 ] unsigned long 
 Registers used:
		wreg, status,2, status,0
 Tracked objects:
		On entry : 
		On exit  : 
		Unchanged: 
 Data sizes:     COMMON   BANK0   BANK1   BANK3   BANK2
      Params:         0       6       0       0       0
      Locals:         0       6       0       0       0
      Temps:          4       0       0       0       0
      Totals:         4      12       0       0       0
Total ram usage:       16 bytes
 Hardware stack levels used:    1
 Hardware stack levels required when called:    1
 This function calls:
		Nothing
 This function is called by:
		_sprintf
 This function uses a non-reentrant model


 *************** function __div_to_l_ *****************
 Defined at:
		line 60 in file "C:\Program Files\Microchip\xc8\v2.31\pic\sources\c90\common\fldivl.c"
 Parameters:    Size  Location     Type
  f1              3    0[BANK0 ] unsigned long 
  f2              3    3[BANK0 ] unsigned long 
 Auto vars:     Size  Location     Type
  quot            4   14[BANK0 ] unsigned long 
  exp1            1   19[BANK0 ] unsigned char 
  cntr            1   18[BANK0 ] unsigned char 
 Return value:  Size  Location     Type
                  4    0[BANK0 ] unsigned long 
 Registers used:
		wreg, fsr0l, fsr0h, status,2, status,0
 Tracked objects:
		On entry : 
		On exit  : 
		Unchanged: 
 Data sizes:     COMMON   BANK0   BANK1   BANK3   BANK2
      Params:         0       6       0       0       0
      Locals:         0       6       0       0       0
      Temps:          0       8       0       0       0
      Totals:         0      20       0       0       0
Total ram usage:       20 bytes
 Hardware stack levels used:    1
 Hardware stack levels required when called:    1
 This function calls:
		Nothing
 This function is called by:
		_sprintf
 This function uses a non-reentrant model


 *************** function ___wmul *****************
 Defined at:
		line 15 in file "C:\Program Files\Microchip\xc8\v2.31\pic\sources\c90\common\Umul16.c"
 Parameters:    Size  Location     Type
  multiplier      2    3[COMMON] unsigned int 
  multiplicand    2    5[COMMON] unsigned int 
 Auto vars:     Size  Location     Type
  product         2    0[BANK0 ] unsigned int 
 Return value:  Size  Location     Type
                  2    3[COMMON] unsigned int 
 Registers used:
		wreg, status,2, status,0
 Tracked objects:
		On entry : 
		On exit  : 
		Unchanged: 
 Data sizes:     COMMON   BANK0   BANK1   BANK3   BANK2
      Params:         4       0       0       0       0
      Locals:         0       2       0       0       0
      Temps:          0       0       0       0       0
      Totals:         4       2       0       0       0
Total ram usage:        6 bytes
 Hardware stack levels used:    1
 Hardware stack levels required when called:    1
 This function calls:
		Nothing
 This function is called by:
		_sprintf
 This function uses a non-reentrant model


 *************** function ___lltoft *****************
 Defined at:
		line 35 in file "C:\Program Files\Microchip\xc8\v2.31\pic\sources\c90\common\lltoft.c"
 Parameters:    Size  Location     Type
  c               4    3[BANK0 ] unsigned long 
 Auto vars:     Size  Location     Type
  exp             1    8[BANK0 ] unsigned char 
 Return value:  Size  Location     Type
                  3    3[BANK0 ] float 
 Registers used:
		wreg, status,2, status,0, pclath, cstack
 Tracked objects:
		On entry : 
		On exit  : 
		Unchanged: 
 Data sizes:     COMMON   BANK0   BANK1   BANK3   BANK2
      Params:         0       4       0       0       0
      Locals:         0       1       0       0       0
      Temps:          0       1       0       0       0
      Totals:         0       6       0       0       0
Total ram usage:        6 bytes
 Hardware stack levels used:    1
 Hardware stack levels required when called:    2
 This function calls:
		___ftpack
 This function is called by:
		_sprintf
 This function uses a non-reentrant model


 *************** function ___llmod *****************
 Defined at:
		line 5 in file "C:\Program Files\Microchip\xc8\v2.31\pic\sources\c90\common\llmod.c"
 Parameters:    Size  Location     Type
  divisor         4   13[BANK0 ] unsigned long 
  dividend        4   17[BANK0 ] unsigned long 
 Auto vars:     Size  Location     Type
  counter         1    5[COMMON] unsigned char 
 Return value:  Size  Location     Type
                  4   13[BANK0 ] unsigned long 
 Registers used:
		wreg, status,2, status,0
 Tracked objects:
		On entry : 
		On exit  : 
		Unchanged: 
 Data sizes:     COMMON   BANK0   BANK1   BANK3   BANK2
      Params:         0       8       0       0       0
      Locals:         1       0       0       0       0
      Temps:          1       0       0       0       0
      Totals:         2       8       0       0       0
Total ram usage:       10 bytes
 Hardware stack levels used:    1
 Hardware stack levels required when called:    1
 This function calls:
		Nothing
 This function is called by:
		_sprintf
 This function uses a non-reentrant model


 *************** function ___lldiv *****************
 Defined at:
		line 5 in file "C:\Program Files\Microchip\xc8\v2.31\pic\sources\c90\common\__lldiv.c"
 Parameters:    Size  Location     Type
  divisor         4    0[BANK0 ] unsigned long 
  dividend        4    4[BANK0 ] unsigned long 
 Auto vars:     Size  Location     Type
  quotient        4    8[BANK0 ] unsigned long 
  counter         1   12[BANK0 ] unsigned char 
 Return value:  Size  Location     Type
                  4    0[BANK0 ] unsigned long 
 Registers used:
		wreg, status,2, status,0
 Tracked objects:
		On entry : 
		On exit  : 
		Unchanged: 
 Data sizes:     COMMON   BANK0   BANK1   BANK3   BANK2
      Params:         0       8       0       0       0
      Locals:         0       5       0       0       0
      Temps:          1       0       0       0       0
      Totals:         1      13       0       0       0
Total ram usage:       14 bytes
 Hardware stack levels used:    1
 Hardware stack levels required when called:    1
 This function calls:
		Nothing
 This function is called by:
		_sprintf
 This function uses a non-reentrant model


 *************** function ___fttol *****************
 Defined at:
		line 44 in file "C:\Program Files\Microchip\xc8\v2.31\pic\sources\c90\common\fttol.c"
 Parameters:    Size  Location     Type
  f1              3   40[BANK0 ] float 
 Auto vars:     Size  Location     Type
  lval            4   49[BANK0 ] unsigned long 
  exp1            1   53[BANK0 ] unsigned char 
  sign1           1   48[BANK0 ] unsigned char 
 Return value:  Size  Location     Type
                  4   40[BANK0 ] long 
 Registers used:
		wreg, status,2, status,0
 Tracked objects:
		On entry : 
		On exit  : 
		Unchanged: 
 Data sizes:     COMMON   BANK0   BANK1   BANK3   BANK2
      Params:         0       4       0       0       0
      Locals:         0       6       0       0       0
      Temps:          0       4       0       0       0
      Totals:         0      14       0       0       0
Total ram usage:       14 bytes
 Hardware stack levels used:    1
 Hardware stack levels required when called:    1
 This function calls:
		Nothing
 This function is called by:
		_sprintf
 This function uses a non-reentrant model


 *************** function ___ftsub *****************
 Defined at:
		line 17 in file "C:\Program Files\Microchip\xc8\v2.31\pic\sources\c90\common\ftsub.c"
 Parameters:    Size  Location     Type
  f2              3   60[BANK0 ] float 
  f1              3   63[BANK0 ] float 
 Auto vars:     Size  Location     Type
		None
 Return value:  Size  Location     Type
                  3   60[BANK0 ] float 
 Registers used:
		wreg, status,2, status,0, pclath, cstack
 Tracked objects:
		On entry : 
		On exit  : 
		Unchanged: 
 Data sizes:     COMMON   BANK0   BANK1   BANK3   BANK2
      Params:         0       6       0       0       0
      Locals:         0       0       0       0       0
      Temps:          0       0       0       0       0
      Totals:         0       6       0       0       0
Total ram usage:        6 bytes
 Hardware stack levels used:    1
 Hardware stack levels required when called:    3
 This function calls:
		___ftadd
 This function is called by:
		_sprintf
 This function uses a non-reentrant model


 *************** function ___ftadd *****************
 Defined at:
		line 86 in file "C:\Program Files\Microchip\xc8\v2.31\pic\sources\c90\common\ftadd.c"
 Parameters:    Size  Location     Type
  f1              3   47[BANK0 ] float 
  f2              3   50[BANK0 ] float 
 Auto vars:     Size  Location     Type
  exp1            1   59[BANK0 ] unsigned char 
  exp2            1   58[BANK0 ] unsigned char 
  sign            1   57[BANK0 ] unsigned char 
 Return value:  Size  Location     Type
                  3   47[BANK0 ] float 
 Registers used:
		wreg, status,2, status,0, pclath, cstack
 Tracked objects:
		On entry : 
		On exit  : 
		Unchanged: 
 Data sizes:     COMMON   BANK0   BANK1   BANK3   BANK2
      Params:         0       6       0       0       0
      Locals:         0       3       0       0       0
      Temps:          0       4       0       0       0
      Totals:         0      13       0       0       0
Total ram usage:       13 bytes
 Hardware stack levels used:    1
 Hardware stack levels required when called:    2
 This function calls:
		___ftpack
 This function is called by:
		_sprintf
		___ftsub
 This function uses a non-reentrant model


 *************** function ___ftneg *****************
 Defined at:
		line 15 in file "C:\Program Files\Microchip\xc8\v2.31\pic\sources\c90\common\ftneg.c"
 Parameters:    Size  Location     Type
  f1              3    3[COMMON] float 
 Auto vars:     Size  Location     Type
		None
 Return value:  Size  Location     Type
                  3    3[COMMON] float 
 Registers used:
		wreg
 Tracked objects:
		On entry : 
		On exit  : 
		Unchanged: 
 Data sizes:     COMMON   BANK0   BANK1   BANK3   BANK2
      Params:         3       0       0       0       0
      Locals:         0       0       0       0       0
      Temps:          0       0       0       0       0
      Totals:         3       0       0       0       0
Total ram usage:        3 bytes
 Hardware stack levels used:    1
 Hardware stack levels required when called:    1
 This function calls:
		Nothing
 This function is called by:
		_sprintf
 This function uses a non-reentrant model


 *************** function ___ftge *****************
 Defined at:
		line 4 in file "C:\Program Files\Microchip\xc8\v2.31\pic\sources\c90\common\ftge.c"
 Parameters:    Size  Location     Type
  ff1             3    0[BANK0 ] float 
  ff2             3    3[BANK0 ] float 
 Auto vars:     Size  Location     Type
		None
 Return value:  Size  Location     Type
		None               void
 Registers used:
		wreg, status,2, status,0
 Tracked objects:
		On entry : 
		On exit  : 
		Unchanged: 
 Data sizes:     COMMON   BANK0   BANK1   BANK3   BANK2
      Params:         0       6       0       0       0
      Locals:         0       0       0       0       0
      Temps:          0       0       0       0       0
      Totals:         0       6       0       0       0
Total ram usage:        6 bytes
 Hardware stack levels used:    1
 Hardware stack levels required when called:    1
 This function calls:
		Nothing
 This function is called by:
		_sprintf
 This function uses a non-reentrant model


 *************** function _ADC_channel2 *****************
 Defined at:
		line 155 in file "pseudocodigo_lab3.c"
 Parameters:    Size  Location     Type
		None
 Auto vars:     Size  Location     Type
		None
 Return value:  Size  Location     Type
                  1    wreg      void 
 Registers used:
		wreg, fsr0l, fsr0h, status,2, status,0, pclath, cstack
 Tracked objects:
		On entry : 
		On exit  : 
		Unchanged: 
 Data sizes:     COMMON   BANK0   BANK1   BANK3   BANK2
      Params:         0       0       0       0       0
      Locals:         0       0       0       0       0
      Temps:          0       2       0       0       0
      Totals:         0       2       0       0       0
Total ram usage:        2 bytes
 Hardware stack levels used:    1
 Hardware stack levels required when called:    3
 This function calls:
		_ADC_Config
		___awtoft
		___ftdiv
		___ftmul
 This function is called by:
		_main
 This function uses a non-reentrant model


 *************** function _ADC_channel1 *****************
 Defined at:
		line 141 in file "pseudocodigo_lab3.c"
 Parameters:    Size  Location     Type
		None
 Auto vars:     Size  Location     Type
		None
 Return value:  Size  Location     Type
                  1    wreg      void 
 Registers used:
		wreg, fsr0l, fsr0h, status,2, status,0, pclath, cstack
 Tracked objects:
		On entry : 
		On exit  : 
		Unchanged: 
 Data sizes:     COMMON   BANK0   BANK1   BANK3   BANK2
      Params:         0       0       0       0       0
      Locals:         0       0       0       0       0
      Temps:          0       2       0       0       0
      Totals:         0       2       0       0       0
Total ram usage:        2 bytes
 Hardware stack levels used:    1
 Hardware stack levels required when called:    3
 This function calls:
		_ADC_Config
		___awtoft
		___ftdiv
		___ftmul
 This function is called by:
		_main
 This function uses a non-reentrant model


 *************** function ___ftmul *****************
 Defined at:
		line 62 in file "C:\Program Files\Microchip\xc8\v2.31\pic\sources\c90\common\ftmul.c"
 Parameters:    Size  Location     Type
  f1              3   15[BANK0 ] float 
  f2              3   18[BANK0 ] float 
 Auto vars:     Size  Location     Type
  f3_as_produc    3   26[BANK0 ] unsigned um
  sign            1   30[BANK0 ] unsigned char 
  cntr            1   29[BANK0 ] unsigned char 
  exp             1   25[BANK0 ] unsigned char 
 Return value:  Size  Location     Type
                  3   15[BANK0 ] float 
 Registers used:
		wreg, status,2, status,0, pclath, cstack
 Tracked objects:
		On entry : 
		On exit  : 
		Unchanged: 
 Data sizes:     COMMON   BANK0   BANK1   BANK3   BANK2
      Params:         0       6       0       0       0
      Locals:         0       6       0       0       0
      Temps:          0       4       0       0       0
      Totals:         0      16       0       0       0
Total ram usage:       16 bytes
 Hardware stack levels used:    1
 Hardware stack levels required when called:    2
 This function calls:
		___ftpack
 This function is called by:
		_ADC_channel1
		_ADC_channel2
		_fround
		_scale
		_sprintf
 This function uses a non-reentrant model


 *************** function ___ftdiv *****************
 Defined at:
		line 56 in file "C:\Program Files\Microchip\xc8\v2.31\pic\sources\c90\common\ftdiv.c"
 Parameters:    Size  Location     Type
  f2              3   31[BANK0 ] float 
  f1              3   34[BANK0 ] float 
 Auto vars:     Size  Location     Type
  f3              3   42[BANK0 ] float 
  sign            1   46[BANK0 ] unsigned char 
  exp             1   45[BANK0 ] unsigned char 
  cntr            1   41[BANK0 ] unsigned char 
 Return value:  Size  Location     Type
                  3   31[BANK0 ] float 
 Registers used:
		wreg, status,2, status,0, pclath, cstack
 Tracked objects:
		On entry : 
		On exit  : 
		Unchanged: 
 Data sizes:     COMMON   BANK0   BANK1   BANK3   BANK2
      Params:         0       6       0       0       0
      Locals:         0       6       0       0       0
      Temps:          0       4       0       0       0
      Totals:         0      16       0       0       0
Total ram usage:       16 bytes
 Hardware stack levels used:    1
 Hardware stack levels required when called:    2
 This function calls:
		___ftpack
 This function is called by:
		_ADC_channel1
		_ADC_channel2
 This function uses a non-reentrant model


 *************** function ___awtoft *****************
 Defined at:
		line 32 in file "C:\Program Files\Microchip\xc8\v2.31\pic\sources\c90\common\awtoft.c"
 Parameters:    Size  Location     Type
  c               2    3[BANK0 ] int 
 Auto vars:     Size  Location     Type
  sign            1    8[BANK0 ] unsigned char 
 Return value:  Size  Location     Type
                  3    3[BANK0 ] float 
 Registers used:
		wreg, status,2, status,0, pclath, cstack
 Tracked objects:
		On entry : 
		On exit  : 
		Unchanged: 
 Data sizes:     COMMON   BANK0   BANK1   BANK3   BANK2
      Params:         0       3       0       0       0
      Locals:         0       1       0       0       0
      Temps:          0       2       0       0       0
      Totals:         0       6       0       0       0
Total ram usage:        6 bytes
 Hardware stack levels used:    1
 Hardware stack levels required when called:    2
 This function calls:
		___ftpack
 This function is called by:
		_ADC_channel1
		_ADC_channel2
 This function uses a non-reentrant model


 *************** function ___ftpack *****************
 Defined at:
		line 62 in file "C:\Program Files\Microchip\xc8\v2.31\pic\sources\c90\common\float.c"
 Parameters:    Size  Location     Type
  arg             3    3[COMMON] unsigned um
  exp             1    6[COMMON] unsigned char 
  sign            1    7[COMMON] unsigned char 
 Auto vars:     Size  Location     Type
		None
 Return value:  Size  Location     Type
                  3    3[COMMON] float 
 Registers used:
		wreg, status,2, status,0
 Tracked objects:
		On entry : 
		On exit  : 
		Unchanged: 
 Data sizes:     COMMON   BANK0   BANK1   BANK3   BANK2
      Params:         5       0       0       0       0
      Locals:         0       0       0       0       0
      Temps:          0       3       0       0       0
      Totals:         5       3       0       0       0
Total ram usage:        8 bytes
 Hardware stack levels used:    1
 Hardware stack levels required when called:    1
 This function calls:
		Nothing
 This function is called by:
		___awtoft
		___ftadd
		___ftdiv
		___ftmul
		___lltoft
 This function uses a non-reentrant model


 *************** function _ADC_Config *****************
 Defined at:
		line 31 in file "Config_ADC.c"
 Parameters:    Size  Location     Type
  AN_num          1    wreg     unsigned char 
 Auto vars:     Size  Location     Type
  AN_num          1    5[COMMON] unsigned char 
 Return value:  Size  Location     Type
                  1    wreg      void 
 Registers used:
		wreg, fsr0l, fsr0h, status,2, status,0
 Tracked objects:
		On entry : 
		On exit  : 
		Unchanged: 
 Data sizes:     COMMON   BANK0   BANK1   BANK3   BANK2
      Params:         0       0       0       0       0
      Locals:         1       0       0       0       0
      Temps:          2       0       0       0       0
      Totals:         3       0       0       0       0
Total ram usage:        3 bytes
 Hardware stack levels used:    1
 Hardware stack levels required when called:    1
 This function calls:
		Nothing
 This function is called by:
		_ADC_channel1
		_ADC_channel2
 This function uses a non-reentrant model


 *************** function _ISR *****************
 Defined at:
		line 79 in file "pseudocodigo_lab3.c"
 Parameters:    Size  Location     Type
		None
 Auto vars:     Size  Location     Type
		None
 Return value:  Size  Location     Type
                  1    wreg      void 
 Registers used:
		wreg, status,2, status,0
 Tracked objects:
		On entry : 
		On exit  : 
		Unchanged: 
 Data sizes:     COMMON   BANK0   BANK1   BANK3   BANK2
      Params:         0       0       0       0       0
      Locals:         0       0       0       0       0
      Temps:          3       0       0       0       0
      Totals:         3       0       0       0       0
Total ram usage:        3 bytes
 Hardware stack levels used:    1
 This function calls:
		Nothing
 This function is called by:
		Interrupt level 1
 This function uses a non-reentrant model



MODULE INFORMATION

Module		Function		Class		Link	Load	Size
USART.c
		_Write_USART_String		CODE           	1DC1	0000	43
		_USART_INTERRUPT		CODE           	1C79	0000	6
		_Write_USART   		CODE           	1C97	0000	12
		_USART_Init_BaudRate		CODE           	1C7F	0000	6
		_USART_Init    		CODE           	1CA3	0000	12

USART.c estimated size: 79

C:\Program Files\Microchip\xc8\v2.31\pic\sources\c90\common\__lldiv.c
		___lldiv       		CODE           	1296	0000	104

C:\Program Files\Microchip\xc8\v2.31\pic\sources\c90\common\__lldiv.c estimated size: 104

C:\Program Files\Microchip\xc8\v2.31\pic\sources\c90\common\ftneg.c
		___ftneg       		CODE           	1C8D	0000	10

C:\Program Files\Microchip\xc8\v2.31\pic\sources\c90\common\ftneg.c estimated size: 10

pseudocodigo_lab3.c
		_ISR           		CODE           	1D46	0000	39
		_main          		CODE           	079D	0000	96
		_setup         		CODE           	1DEC	0000	43
		_ADC_channel1  		CODE           	1129	0000	91
		_ADC_channel2  		CODE           	1184	0000	91
		_ADC_to_string 		CODE           	1E76	0000	56
		_Show_val_LCD  		CODE           	1E17	0000	44

pseudocodigo_lab3.c estimated size: 460

C:\Program Files\Microchip\xc8\v2.31\pic\sources\c90\common\doprnt.c
		_scale         		CODE           	0A6D	0000	699
		_sprintf       		CODE           	0D28	0000	2333
		_fround        		CODE           	08C4	0000	425

C:\Program Files\Microchip\xc8\v2.31\pic\sources\c90\common\doprnt.c estimated size: 3457

C:\Program Files\Microchip\xc8\v2.31\pic\sources\c90\common\ftsub.c
		___ftsub       		CODE           	1CFB	0000	37

C:\Program Files\Microchip\xc8\v2.31\pic\sources\c90\common\ftsub.c estimated size: 37

C:\Program Files\Microchip\xc8\v2.31\pic\sources\c90\common\float.c
		___ftpack      		CODE           	1367	0000	130

C:\Program Files\Microchip\xc8\v2.31\pic\sources\c90\common\float.c estimated size: 130

C:\Program Files\Microchip\xc8\v2.31\pic\sources\c90\common\ftdivl.c
		__tdiv_to_l_   		CODE           	1531	0000	189

C:\Program Files\Microchip\xc8\v2.31\pic\sources\c90\common\ftdivl.c estimated size: 189

C:\Program Files\Microchip\xc8\v2.31\pic\sources\c90\common\ftge.c
		___ftge        		CODE           	1EAE	0000	58

C:\Program Files\Microchip\xc8\v2.31\pic\sources\c90\common\ftge.c estimated size: 58

C:\Program Files\Microchip\xc8\v2.31\pic\sources\c90\common\lwmod.c
		___lwmod       		CODE           	1EE8	0000	60

C:\Program Files\Microchip\xc8\v2.31\pic\sources\c90\common\lwmod.c estimated size: 60

C:\Program Files\Microchip\xc8\v2.31\pic\sources\c90\common\awmod.c
		___awmod       		CODE           	11DF	0000	91

C:\Program Files\Microchip\xc8\v2.31\pic\sources\c90\common\awmod.c estimated size: 91

C:\Program Files\Microchip\xc8\v2.31\pic\sources\c90\common\Umul16.c
		___wmul        		CODE           	1D96	0000	43

C:\Program Files\Microchip\xc8\v2.31\pic\sources\c90\common\Umul16.c estimated size: 43

C:\Program Files\Microchip\xc8\v2.31\pic\sources\c90\common\llmod.c
		___llmod       		CODE           	10D3	0000	86

C:\Program Files\Microchip\xc8\v2.31\pic\sources\c90\common\llmod.c estimated size: 86

C:\Program Files\Microchip\xc8\v2.31\pic\sources\c90\common\isdigit.c
		_isdigit       		CODE           	1CBC	0000	18

C:\Program Files\Microchip\xc8\v2.31\pic\sources\c90\common\isdigit.c estimated size: 18

C:\Program Files\Microchip\xc8\v2.31\pic\sources\c90\common\ftmul.c
		___ftmul       		CODE           	15EE	0000	229

C:\Program Files\Microchip\xc8\v2.31\pic\sources\c90\common\ftmul.c estimated size: 229

Oscilador.c
		_initOsc       		CODE           	123A	0000	92

Oscilador.c estimated size: 92

C:\Program Files\Microchip\xc8\v2.31\pic\sources\c90\common\ftdiv.c
		___ftdiv       		CODE           	0802	0000	194

C:\Program Files\Microchip\xc8\v2.31\pic\sources\c90\common\ftdiv.c estimated size: 194

C:\Program Files\Microchip\xc8\v2.31\pic\sources\c90\common\fldivl.c
		__div_to_l_    		CODE           	16D3	0000	301

C:\Program Files\Microchip\xc8\v2.31\pic\sources\c90\common\fldivl.c estimated size: 301

C:\Program Files\Microchip\xc8\v2.31\pic\sources\c90\common\lwdiv.c
		___lwdiv       		CODE           	1F24	0000	70

C:\Program Files\Microchip\xc8\v2.31\pic\sources\c90\common\lwdiv.c estimated size: 70

C:\Program Files\Microchip\xc8\v2.31\pic\sources\c90\common\awdiv.c
		___awdiv       		CODE           	12FE	0000	105

C:\Program Files\Microchip\xc8\v2.31\pic\sources\c90\common\awdiv.c estimated size: 105

shared
		__stringtab    		STRING         	1000	0000	16
		__powers_      		STRING         	1010	0000	39
		_dpowers       		STRING         	105E	0000	40
		__npowers_     		STRING         	1037	0000	39
		__initialization		CODE           	000F	0000	15

shared estimated size: 149

C:\Program Files\Microchip\xc8\v2.31\pic\sources\c90\common\Umul8.c
		___bmul        		CODE           	1CE4	0000	23

C:\Program Files\Microchip\xc8\v2.31\pic\sources\c90\common\Umul8.c estimated size: 23

Config_ADC.c
		_ADC_Config    		CODE           	1475	0000	188

Config_ADC.c estimated size: 188

C:\Program Files\Microchip\xc8\v2.31\pic\sources\c90\common\awtoft.c
		___awtoft      		CODE           	1D6D	0000	41

C:\Program Files\Microchip\xc8\v2.31\pic\sources\c90\common\awtoft.c estimated size: 41

C:\Program Files\Microchip\xc8\v2.31\pic\sources\c90\common\fttol.c
		___fttol       		CODE           	13E9	0000	140

C:\Program Files\Microchip\xc8\v2.31\pic\sources\c90\common\fttol.c estimated size: 140

C:\Program Files\Microchip\xc8\v2.31\pic\sources\c90\common\ftadd.c
		___ftadd       		CODE           	0667	0000	310

C:\Program Files\Microchip\xc8\v2.31\pic\sources\c90\common\ftadd.c estimated size: 310

C:\Program Files\Microchip\xc8\v2.31\pic\sources\c90\common\lltoft.c
		___lltoft      		CODE           	1E43	0000	51

C:\Program Files\Microchip\xc8\v2.31\pic\sources\c90\common\lltoft.c estimated size: 51

LCD.c
		_Lcd_Write_String		CODE           	1F6A	0000	70
		_Lcd_Init      		CODE           	1FB0	0000	80
		_Lcd_Write_Char		CODE           	1CCE	0000	22
		_Lcd_Cmd       		CODE           	10B9	0000	26
		_Lcd_Set_Cursor		CODE           	1D20	0000	38
		_Lcd_Clear     		CODE           	1CAF	0000	13
		_Lcd_Port      		CODE           	1C73	0000	6

LCD.c estimated size: 255

