Microchip MPLAB XC8 Compiler V2.31

Linker command line:

-W-3 --edf=C:\Program Files\Microchip\xc8\v2.31\pic\dat\en_msgs.txt -cn \
  -h+dist/default/production\LAB3-DIGITAL2.X.production.sym \
  --cmf=dist/default/production\LAB3-DIGITAL2.X.production.cmf -z -Q16F887 \
  -oC:\Users\cnata\AppData\Local\Temp\sirg.2 --defsym=__MPLAB_BUILD=1 \
  -Mdist/default/production/LAB3-DIGITAL2.X.production.map -E1 \
  -ver=XC8 Compiler --acfsm=1493 -ASTACK=0110h-016Fh -pstack=STACK \
  -ACODE=00h-07FFhx4 -ASTRCODE=00h-01FFFh -ASTRING=00h-0FFhx32 \
  -ACONST=00h-0FFhx32 -AENTRY=00h-0FFhx32 -ACOMMON=070h-07Fh \
  -ABANK0=020h-06Fh -ABANK1=0A0h-0EFh -ABANK2=0110h-016Fh \
  -ABANK3=0190h-01EFh -ARAM=020h-06Fh,0A0h-0EFh,0110h-016Fh,0190h-01EFh \
  -AABS1=020h-07Fh,0A0h-0EFh,0110h-016Fh,0190h-01EFh -ASFR0=00h-01Fh \
  -ASFR1=080h-09Fh -ASFR2=0100h-010Fh -ASFR3=0180h-018Fh \
  -ACONFIG=02007h-02008h -DCONFIG=2 -AIDLOC=02000h-02003h -DIDLOC=2 \
  -AEEDATA=00h-0FFh/02100h -peeprom_data=EEDATA -DEEDATA=2 -DCODE=2 \
  -DSTRCODE=2 -DSTRING=2 -DCONST=2 -DENTRY=2 \
  -preset_vec=00h,intentry,init,end_init -ppowerup=CODE -pcinit=CODE \
  -pfunctab=ENTRY -k C:\Users\cnata\AppData\Local\Temp\sirg.o \
  dist/default/production\LAB3-DIGITAL2.X.production.o 

Object code version is 3.11

Machine type is 16F887



                Name                               Link     Load   Length Selector   Space Scale
C:\Users\cnata\AppData\Local\Temp\sirg.o
                end_init                              0        0        3        0       0
                config                             2007     2007        2        0       4
dist/default/production\LAB3-DIGITAL2.X.production.o
                cinit                               7EB      7EB       15      FD6       0
                config                             2007     2007        2        0       4
                text24                               8E       8E       BC      11C       0
                text23                              2AD      2AD      1DD      55A       0
                text22                              CF0      CF0       27     19E0       0
                text21                              48A      48A      361      914       0
                text20                              F46      F46       BA     1E8C       0
                text19                              E7E      E7E       64     1CFC       0
                text18                              EE2      EE2       64     1DC4       0
                text17                              C36      C36        6     186C       0
                text16                              CBA      CBA       1A     1974       0
                text15                              DD7      DD7       4B     1BAE       0
                text14                              C44      C44       10     1888       0
                text13                              C31      C31        5     1862       0
                text12                              C7A      C7A       15     18F4       0
                text11                              D93      D93       44     1B26       0
                text10                              D17      D17       3A     1A2E       0
                text9                               C54      C54       12     18A8       0
                text8                               14A      14A      163      294       0
                text7                               C8F      C8F       15     191E       0
                text6                               E22      E22       5C     1C44       0
                text5                               CD4      CD4       1C     19A8       0
                text4                                 4        4       24        8       0
                text3                               CA4      CA4       16     1948       0
                text2                               D51      D51       42     1AA2       0
                text1                               C66      C66       14     18CC       0
                maintext                             28       28       66       50       0
                cstackBANK0                          20       20       3A       20       1
                cstackCOMMON                         70       70        E       70       1
                clrtext                             C3C      C3C        8     1878       0
                bssBANK1                             A0       A0       10       A0       1
                bssBANK0                             5A       5A       13       20       1
                strings                             800      800       2E     1000       0

TOTAL           Name                               Link     Load   Length     Space
        CLASS   STACK          

        CLASS   CODE           
                end_init                              0        0        3         0
                cinit                               7EB      7EB       15         0
                text24                               8E       8E       BC         0
                text23                              2AD      2AD      1DD         0
                text22                              CF0      CF0       27         0
                text21                              48A      48A      361         0
                text20                              F46      F46       BA         0
                text19                              E7E      E7E       64         0
                text18                              EE2      EE2       64         0
                text17                              C36      C36        6         0
                text16                              CBA      CBA       1A         0
                text15                              DD7      DD7       4B         0
                text14                              C44      C44       10         0
                text13                              C31      C31        5         0
                text12                              C7A      C7A       15         0
                text11                              D93      D93       44         0
                text10                              D17      D17       3A         0
                text9                               C54      C54       12         0
                text8                               14A      14A      163         0
                text7                               C8F      C8F       15         0
                text6                               E22      E22       5C         0
                text5                               CD4      CD4       1C         0
                text4                                 4        4       24         0
                text3                               CA4      CA4       16         0
                text2                               D51      D51       42         0
                text1                               C66      C66       14         0
                maintext                             28       28       66         0
                clrtext                             C3C      C3C        8         0

        CLASS   STRCODE        

        CLASS   STRING         
                strings                             800      800       2E         0

        CLASS   CONST          

        CLASS   ENTRY          

        CLASS   COMMON         
                cstackCOMMON                         70       70        E         1

        CLASS   BANK0          
                cstackBANK0                          20       20       3A         1
                bssBANK0                             5A       5A       13         1

        CLASS   BANK1          
                bssBANK1                             A0       A0       10         1

        CLASS   BANK2          

        CLASS   BANK3          

        CLASS   RAM            

        CLASS   ABS1           
                abs_s1                               7E       7E        2         1

        CLASS   SFR0           

        CLASS   SFR1           

        CLASS   SFR2           

        CLASS   SFR3           

        CLASS   CONFIG         
                config                             2007     2007        2         4

        CLASS   IDLOC          

        CLASS   EEDATA         



SEGMENTS        Name                           Load    Length   Top    Selector   Space  Class     Delta

                reset_vec                      000000  000003  000003         0       0  CODE        2
                text4                          000004  000024  000028         8       0  CODE        2
                cstackBANK0                    000020  00004D  00006D        20       1  BANK0       1
                maintext                       000028  000066  00008E        50       0  CODE        2
                cstackCOMMON                   000070  00000E  00007E        70       1  COMMON      1
                bssBANK1                       0000A0  000010  0000B0        A0       1  BANK1       1
                text24                         00008E  0000BC  00014A       11C       0  CODE        2
                text8                          00014A  000163  0002AD       294       0  CODE        2
                text23                         0002AD  0001DD  00048A       55A       0  CODE        2
                text21                         00048A  000361  0007EB       914       0  CODE        2
                cinit                          0007EB  000015  000800       FD6       0  CODE        2
                strings                        000800  00002E  00082E      1000       0  STRING      2
                text13                         000C31  000005  000C36      1862       0  CODE        2
                text17                         000C36  000006  000C3C      186C       0  CODE        2
                clrtext                        000C3C  000008  000C44      1878       0  CODE        2
                text14                         000C44  000010  000C54      1888       0  CODE        2
                text9                          000C54  000012  000C66      18A8       0  CODE        2
                text1                          000C66  000014  000C7A      18CC       0  CODE        2
                text12                         000C7A  000015  000C8F      18F4       0  CODE        2
                text7                          000C8F  000015  000CA4      191E       0  CODE        2
                text3                          000CA4  000016  000CBA      1948       0  CODE        2
                text16                         000CBA  00001A  000CD4      1974       0  CODE        2
                text5                          000CD4  00001C  000CF0      19A8       0  CODE        2
                text22                         000CF0  000027  000D17      19E0       0  CODE        2
                text10                         000D17  00003A  000D51      1A2E       0  CODE        2
                text2                          000D51  000042  000D93      1AA2       0  CODE        2
                text11                         000D93  000044  000DD7      1B26       0  CODE        2
                text15                         000DD7  00004B  000E22      1BAE       0  CODE        2
                text6                          000E22  00005C  000E7E      1C44       0  CODE        2
                text19                         000E7E  000064  000EE2      1CFC       0  CODE        2
                text18                         000EE2  000064  000F46      1DC4       0  CODE        2
                text20                         000F46  0000BA  001000      1E8C       0  CODE        2


UNUSED ADDRESS RANGES

        Name                Unused          Largest block    Delta
        BANK0            006D-006F              3           1
        BANK1            00B0-00EF             40           1
        BANK2            0110-016F             60           1
        BANK3            0190-01EF             60           1
        CODE             0003-0003              1           2
                         082E-0C30            403
                         1000-1FFF            800
        CONST            0003-0003              1           2
                         082E-0C30            100
                         1000-1FFF            100
        EEDATA           2100-21FF            100           2
        ENTRY            0003-0003              1           2
                         082E-0C30            100
                         1000-1FFF            100
        IDLOC            2000-2003              4           2
        RAM              006D-006F              3           1
                         00B0-00EF             40
                         0110-016F             60
                         0190-01EF             60
        SFR0             0000-001F             20           1
        SFR1             0080-009F             20           1
        SFR2             0100-010F             10           1
        SFR3             0180-018F             10           1
        STACK            0110-016F             60           1
        STRCODE          0003-0003              1           2
                         082E-0C30            403
                         1000-1FFF           1000
        STRING           0003-0003              1           2
                         082E-0C30            100
                         1000-1FFF            100

                                  Symbol Table

?__Umul8_16                   cstackCOMMON 0070
?___fldiv                     cstackBANK0  003A
?___flmul                     cstackBANK0  0020
?___lwdiv                     cstackCOMMON 0070
?___lwmod                     cstackCOMMON 0078
?___xxtofl                    cstackCOMMON 0070
?_sprintf                     cstackBANK0  0020
ADC_Config@AN_num             cstackCOMMON 0072
Lcd_Cmd@a                     cstackCOMMON 0073
Lcd_Port@a                    cstackCOMMON 0070
Lcd_Set_Cursor@a              cstackCOMMON 0076
Lcd_Set_Cursor@b              cstackCOMMON 0074
Lcd_Set_Cursor@temp           cstackCOMMON 0077
Lcd_Write_Char@a              cstackCOMMON 0072
Lcd_Write_String@a            cstackCOMMON 0073
Lcd_Write_String@i            cstackCOMMON 0078
_ADCON0bits                   (abs)        001F
_ADCON1                       (abs)        009F
_ADC_Config                   text24       008E
_ADC_channel1                 text19       0E7E
_ADC_channel2                 text18       0EE2
_ADRESH                       (abs)        001E
_ADRESL                       (abs)        009E
_ANSEL                        (abs)        0188
_ANSELH                       (abs)        0189
_INTCONbits                   (abs)        000B
_Lcd_Cmd                      text16       0CBA
_Lcd_Init                     text15       0DD7
_Lcd_Port                     text17       0C36
_Lcd_Set_Cursor               text4        0004
_Lcd_Write_Char               text3        0CA4
_Lcd_Write_String             text2        0D51
_OSCCONbits                   (abs)        008F
_PIE1bits                     (abs)        008C
_PORTA                        (abs)        0005
_PORTB                        (abs)        0006
_PORTC                        (abs)        0007
_PORTD                        (abs)        0008
_PORTE                        (abs)        0009
_PORTEbits                    (abs)        0009
_RCREG                        (abs)        001A
_RCSTAbits                    (abs)        0018
_S1_val                       bssBANK0     005E
_S2_val                       bssBANK0     005A
_SPBRG                        (abs)        0099
_TRISA                        (abs)        0085
_TRISB                        (abs)        0086
_TRISCbits                    (abs)        0087
_TRISD                        (abs)        0088
_TRISE                        (abs)        0089
_TXSTAbits                    (abs)        0098
_USART_Init                   text14       0C44
_USART_Init_BaudRate          text13       0C31
_VAL                          bssBANK0     0068
_VAL_NIBBLE1                  bssBANK0     0064
_VAL_NIBBLE2                  bssBANK0     0062
_VAL_SWAP                     bssBANK0     0066
__Habs1                       abs1         0000
__Hbank0                      bank0        0000
__Hbank1                      bank1        0000
__Hbank2                      bank2        0000
__Hbank3                      bank3        0000
__HbssBANK0                   bssBANK0     0000
__HbssBANK1                   bssBANK1     0000
__Hcinit                      cinit        0800
__Hclrtext                    clrtext      0000
__Hcode                       code         0000
__Hcommon                     common       0000
__Hconfig                     config       2009
__HcstackBANK0                cstackBANK0  0000
__HcstackCOMMON               cstackCOMMON 0000
__Heeprom_data                eeprom_data  0000
__Hend_init                   end_init     0003
__Hfunctab                    functab      0000
__Hinit                       init         0000
__Hintentry                   intentry     0000
__Hmaintext                   maintext     0000
__Hpowerup                    powerup      0000
__Hram                        ram          0000
__Hreset_vec                  reset_vec    0000
__Hsfr0                       sfr0         0000
__Hsfr1                       sfr1         0000
__Hsfr2                       sfr2         0000
__Hsfr3                       sfr3         0000
__Hspace_0                    (abs)        1000
__Hspace_1                    (abs)        00B0
__Hspace_2                    (abs)        0000
__Hspace_3                    (abs)        0000
__Hspace_4                    (abs)        4010
__Hstack                      stack        0000
__Hstrings                    strings      0000
__Htext                       text         0000
__Labs1                       abs1         0000
__Lbank0                      bank0        0000
__Lbank1                      bank1        0000
__Lbank2                      bank2        0000
__Lbank3                      bank3        0000
__LbssBANK0                   bssBANK0     0000
__LbssBANK1                   bssBANK1     0000
__Lcinit                      cinit        07EB
__Lclrtext                    clrtext      0000
__Lcode                       code         0000
__Lcommon                     common       0000
__Lconfig                     config       0000
__LcstackBANK0                cstackBANK0  0000
__LcstackCOMMON               cstackCOMMON 0000
__Leeprom_data                eeprom_data  0000
__Lend_init                   end_init     0000
__Lfunctab                    functab      0000
__Linit                       init         0000
__Lintentry                   intentry     0000
__Lmaintext                   maintext     0000
__Lpowerup                    powerup      0000
__Lram                        ram          0000
__Lreset_vec                  reset_vec    0000
__Lsfr0                       sfr0         0000
__Lsfr1                       sfr1         0000
__Lsfr2                       sfr2         0000
__Lsfr3                       sfr3         0000
__Lspace_0                    (abs)        0000
__Lspace_1                    (abs)        0000
__Lspace_2                    (abs)        0000
__Lspace_3                    (abs)        0000
__Lspace_4                    (abs)        0000
__Lstack                      stack        0000
__Lstrings                    strings      0000
__Ltext                       text         0000
__S0                          (abs)        1000
__S1                          (abs)        00B0
__S2                          (abs)        0000
__S3                          (abs)        0000
__Umul8_16                    text22       0CF0
__Umul8_16@multiplicand       cstackCOMMON 0070
__Umul8_16@multiplier         cstackCOMMON 0078
__Umul8_16@product            cstackCOMMON 0074
__Umul8_16@word_mpld          cstackCOMMON 0076
___bmul                       text12       0C7A
___bmul@multiplicand          cstackCOMMON 0070
___bmul@multiplier            cstackCOMMON 0073
___bmul@product               cstackCOMMON 0072
___fldiv                      text23       02AD
___fldiv@a                    cstackBANK0  003A
___fldiv@aexp                 cstackBANK0  0053
___fldiv@b                    cstackBANK0  003E
___fldiv@bexp                 cstackBANK0  0052
___fldiv@grs                  cstackBANK0  004E
___fldiv@new_exp              cstackBANK0  004C
___fldiv@rem                  cstackBANK0  0047
___fldiv@sign                 cstackBANK0  004B
___flmul                      text21       048A
___flmul@a                    cstackBANK0  0024
___flmul@aexp                 cstackBANK0  0032
___flmul@b                    cstackBANK0  0020
___flmul@bexp                 cstackBANK0  0033
___flmul@grs                  cstackBANK0  002E
___flmul@prod                 cstackBANK0  0034
___flmul@sign                 cstackBANK0  002D
___flmul@temp                 cstackBANK0  0038
___int_sp                     stack        0000
___latbits                    (abs)        0002
___lwdiv                      text11       0D93
___lwdiv@counter              cstackCOMMON 0077
___lwdiv@dividend             cstackCOMMON 0072
___lwdiv@divisor              cstackCOMMON 0070
___lwdiv@quotient             cstackCOMMON 0075
___lwmod                      text10       0D17
___lwmod@counter              cstackCOMMON 007D
___lwmod@dividend             cstackCOMMON 007A
___lwmod@divisor              cstackCOMMON 0078
___sp                         stack        0000
___stackhi                    (abs)        0000
___stacklo                    (abs)        0000
___xxtofl                     text20       0F46
___xxtofl@arg                 cstackCOMMON 007A
___xxtofl@exp                 cstackCOMMON 0079
___xxtofl@sign                cstackCOMMON 0078
___xxtofl@val                 cstackCOMMON 0070
__end_of_ADC_Config           text24       014A
__end_of_ADC_channel1         text19       0EE2
__end_of_ADC_channel2         text18       0F46
__end_of_Lcd_Cmd              text16       0CD4
__end_of_Lcd_Init             text15       0E22
__end_of_Lcd_Port             text17       0C3C
__end_of_Lcd_Set_Cursor       text4        0028
__end_of_Lcd_Write_Char       text3        0CBA
__end_of_Lcd_Write_String     text2        0D93
__end_of_USART_Init           text14       0C54
__end_of_USART_Init_BaudRate  text13       0C36
__end_of__Umul8_16            text22       0D17
__end_of___bmul               text12       0C8F
__end_of___fldiv              text23       048A
__end_of___flmul              text21       07EB
__end_of___lwdiv              text11       0DD7
__end_of___lwmod              text10       0D51
__end_of___xxtofl             text20       1000
__end_of__initialization      cinit        07FC
__end_of__stringtab           strings      0810
__end_of_dpowers              strings      081A
__end_of_float_to_string      text7        0CA4
__end_of_initOsc              text6        0E7E
__end_of_isdigit              text9        0C66
__end_of_main                 maintext     008E
__end_of_setup                text5        0CF0
__end_of_sprintf              text8        02AD
__end_of_titulos_LCD          text1        0C7A
__initialization              cinit        07EB
__pbssBANK0                   bssBANK0     005A
__pbssBANK1                   bssBANK1     00A0
__pcstackBANK0                cstackBANK0  0020
__pcstackCOMMON               cstackCOMMON 0070
__pmaintext                   maintext     0028
__pstrings                    strings      0800
__ptext1                      text1        0C66
__ptext10                     text10       0D17
__ptext11                     text11       0D93
__ptext12                     text12       0C7A
__ptext13                     text13       0C31
__ptext14                     text14       0C44
__ptext15                     text15       0DD7
__ptext16                     text16       0CBA
__ptext17                     text17       0C36
__ptext18                     text18       0EE2
__ptext19                     text19       0E7E
__ptext2                      text2        0D51
__ptext20                     text20       0F46
__ptext21                     text21       048A
__ptext22                     text22       0CF0
__ptext23                     text23       02AD
__ptext24                     text24       008E
__ptext3                      text3        0CA4
__ptext4                      text4        0004
__ptext5                      text5        0CD4
__ptext6                      text6        0E22
__ptext7                      text7        0C8F
__ptext8                      text8        014A
__ptext9                      text9        0C54
__size_of_ADC_Config          (abs)        0000
__size_of_ADC_channel1        (abs)        0000
__size_of_ADC_channel2        (abs)        0000
__size_of_Lcd_Cmd             (abs)        0000
__size_of_Lcd_Init            (abs)        0000
__size_of_Lcd_Port            (abs)        0000
__size_of_Lcd_Set_Cursor      (abs)        0000
__size_of_Lcd_Write_Char      (abs)        0000
__size_of_Lcd_Write_String    (abs)        0000
__size_of_USART_Init          (abs)        0000
__size_of_USART_Init_BaudRate (abs)        0000
__size_of__Umul8_16           (abs)        0000
__size_of___bmul              (abs)        0000
__size_of___fldiv             (abs)        0000
__size_of___flmul             (abs)        0000
__size_of___lwdiv             (abs)        0000
__size_of___lwmod             (abs)        0000
__size_of___xxtofl            (abs)        0000
__size_of_float_to_string     (abs)        0000
__size_of_initOsc             (abs)        0000
__size_of_isdigit             (abs)        0000
__size_of_main                (abs)        0000
__size_of_setup               (abs)        0000
__size_of_sprintf             (abs)        0000
__size_of_titulos_LCD         (abs)        0000
__stringbase                  strings      080F
__stringtab                   strings      0800
_data1                        bssBANK1     00A8
_data2                        bssBANK1     00A0
_dpowers                      strings      0810
_float_to_string              text7        0C8F
_initOsc                      text6        0E22
_isdigit                      text9        0C54
_isdigit$954                  cstackCOMMON 0070
_main                         maintext     0028
_setup                        text5        0CD4
_sprintf                      text8        014A
_titulos_LCD                  text1        0C66
btemp                         (abs)        007E
clear_ram0                    clrtext      0C3C
end_of_initialization         cinit        07FC
initOsc@IRCF                  cstackCOMMON 0072
intlevel0                     functab      0000
intlevel1                     functab      0000
intlevel2                     functab      0000
intlevel3                     functab      0000
intlevel4                     functab      0000
intlevel5                     functab      0000
isdigit@c                     cstackCOMMON 0071
reset_vec                     reset_vec    0000
sprintf@ap                    cstackBANK0  0028
sprintf@c                     cstackBANK0  002E
sprintf@f                     cstackBANK0  0020
sprintf@flag                  cstackBANK0  0029
sprintf@prec                  cstackBANK0  002D
sprintf@sp                    cstackBANK0  002A
sprintf@val                   cstackBANK0  002B
start                         init         0000
start_initialization          cinit        07EB
wtemp0                        (abs)        007E


FUNCTION INFORMATION:

 *************** function _main *****************
 Defined at:
		line 111 in file "pseudocodigo_lab3.c"
 Parameters:    Size  Location     Type
		None
 Auto vars:     Size  Location     Type
		None
 Return value:  Size  Location     Type
                  1    wreg      void 
 Registers used:
		wreg, fsr0l, fsr0h, status,2, status,0, btemp+1, pclath, cstack
 Tracked objects:
		On entry : 
		On exit  : 
		Unchanged: 
 Data sizes:     COMMON   BANK0   BANK1   BANK3   BANK2
      Params:         0       0       0       0       0
      Locals:         0       0       0       0       0
      Temps:          0       2       0       0       0
      Totals:         0       2       0       0       0
Total ram usage:        2 bytes
 Hardware stack levels required when called:    4
 This function calls:
		_ADC_channel1
		_ADC_channel2
		_Lcd_Init
		_Lcd_Set_Cursor
		_Lcd_Write_String
		_USART_Init
		_USART_Init_BaudRate
		_float_to_string
		_setup
		_titulos_LCD
 This function is called by:
		Startup code after reset
 This function uses a non-reentrant model


 *************** function _titulos_LCD *****************
 Defined at:
		line 151 in file "pseudocodigo_lab3.c"
 Parameters:    Size  Location     Type
		None
 Auto vars:     Size  Location     Type
		None
 Return value:  Size  Location     Type
                  1    wreg      void 
 Registers used:
		wreg, fsr0l, fsr0h, status,2, status,0, btemp+1, pclath, cstack
 Tracked objects:
		On entry : 
		On exit  : 
		Unchanged: 
 Data sizes:     COMMON   BANK0   BANK1   BANK3   BANK2
      Params:         0       0       0       0       0
      Locals:         0       0       0       0       0
      Temps:          1       0       0       0       0
      Totals:         1       0       0       0       0
Total ram usage:        1 bytes
 Hardware stack levels used:    1
 Hardware stack levels required when called:    3
 This function calls:
		_Lcd_Set_Cursor
		_Lcd_Write_String
 This function is called by:
		_main
 This function uses a non-reentrant model


 *************** function _Lcd_Write_String *****************
 Defined at:
		line 70 in file "LCD.c"
 Parameters:    Size  Location     Type
  a               2    3[COMMON] PTR unsigned char 
		 -> STR_1(15), data2(8), data1(8), 
 Auto vars:     Size  Location     Type
  i               2    8[COMMON] int 
 Return value:  Size  Location     Type
                  1    wreg      void 
 Registers used:
		wreg, fsr0l, fsr0h, status,2, status,0, btemp+1, pclath, cstack
 Tracked objects:
		On entry : 
		On exit  : 
		Unchanged: 
 Data sizes:     COMMON   BANK0   BANK1   BANK3   BANK2
      Params:         2       0       0       0       0
      Locals:         2       0       0       0       0
      Temps:          3       0       0       0       0
      Totals:         7       0       0       0       0
Total ram usage:        7 bytes
 Hardware stack levels used:    1
 Hardware stack levels required when called:    2
 This function calls:
		_Lcd_Write_Char
 This function is called by:
		_main
		_titulos_LCD
 This function uses a non-reentrant model


 *************** function _Lcd_Write_Char *****************
 Defined at:
		line 61 in file "LCD.c"
 Parameters:    Size  Location     Type
  a               1    wreg     unsigned char 
 Auto vars:     Size  Location     Type
  a               1    2[COMMON] unsigned char 
 Return value:  Size  Location     Type
                  1    wreg      void 
 Registers used:
		wreg, status,2, status,0, pclath, cstack
 Tracked objects:
		On entry : 
		On exit  : 
		Unchanged: 
 Data sizes:     COMMON   BANK0   BANK1   BANK3   BANK2
      Params:         0       0       0       0       0
      Locals:         1       0       0       0       0
      Temps:          1       0       0       0       0
      Totals:         2       0       0       0       0
Total ram usage:        2 bytes
 Hardware stack levels used:    1
 Hardware stack levels required when called:    1
 This function calls:
		_Lcd_Port
 This function is called by:
		_Lcd_Write_String
 This function uses a non-reentrant model


 *************** function _Lcd_Set_Cursor *****************
 Defined at:
		line 48 in file "LCD.c"
 Parameters:    Size  Location     Type
  a               1    wreg     unsigned char 
  b               1    4[COMMON] unsigned char 
 Auto vars:     Size  Location     Type
  a               1    6[COMMON] unsigned char 
  temp            1    7[COMMON] unsigned char 
 Return value:  Size  Location     Type
                  1    wreg      void 
 Registers used:
		wreg, status,2, status,0, pclath, cstack
 Tracked objects:
		On entry : 
		On exit  : 
		Unchanged: 
 Data sizes:     COMMON   BANK0   BANK1   BANK3   BANK2
      Params:         1       0       0       0       0
      Locals:         2       0       0       0       0
      Temps:          1       0       0       0       0
      Totals:         4       0       0       0       0
Total ram usage:        4 bytes
 Hardware stack levels used:    1
 Hardware stack levels required when called:    2
 This function calls:
		_Lcd_Cmd
 This function is called by:
		_main
		_titulos_LCD
 This function uses a non-reentrant model


 *************** function _setup *****************
 Defined at:
		line 194 in file "pseudocodigo_lab3.c"
 Parameters:    Size  Location     Type
		None
 Auto vars:     Size  Location     Type
		None
 Return value:  Size  Location     Type
                  1    wreg      void 
 Registers used:
		wreg, fsr0l, fsr0h, status,2, status,0, pclath, cstack
 Tracked objects:
		On entry : 
		On exit  : 
		Unchanged: 
 Data sizes:     COMMON   BANK0   BANK1   BANK3   BANK2
      Params:         0       0       0       0       0
      Locals:         0       0       0       0       0
      Temps:          0       0       0       0       0
      Totals:         0       0       0       0       0
Total ram usage:        0 bytes
 Hardware stack levels used:    1
 Hardware stack levels required when called:    1
 This function calls:
		_initOsc
 This function is called by:
		_main
 This function uses a non-reentrant model


 *************** function _initOsc *****************
 Defined at:
		line 3 in file "Oscilador.c"
 Parameters:    Size  Location     Type
  IRCF            1    wreg     unsigned char 
 Auto vars:     Size  Location     Type
  IRCF            1    2[COMMON] unsigned char 
 Return value:  Size  Location     Type
                  1    wreg      void 
 Registers used:
		wreg, fsr0l, fsr0h, status,2, status,0
 Tracked objects:
		On entry : 
		On exit  : 
		Unchanged: 
 Data sizes:     COMMON   BANK0   BANK1   BANK3   BANK2
      Params:         0       0       0       0       0
      Locals:         1       0       0       0       0
      Temps:          2       0       0       0       0
      Totals:         3       0       0       0       0
Total ram usage:        3 bytes
 Hardware stack levels used:    1
 This function calls:
		Nothing
 This function is called by:
		_setup
 This function uses a non-reentrant model


 *************** function _float_to_string *****************
 Defined at:
		line 179 in file "pseudocodigo_lab3.c"
 Parameters:    Size  Location     Type
		None
 Auto vars:     Size  Location     Type
		None
 Return value:  Size  Location     Type
                  1    wreg      void 
 Registers used:
		wreg, fsr0l, fsr0h, status,2, status,0, btemp+1, pclath, cstack
 Tracked objects:
		On entry : 
		On exit  : 
		Unchanged: 
 Data sizes:     COMMON   BANK0   BANK1   BANK3   BANK2
      Params:         0       0       0       0       0
      Locals:         0       0       0       0       0
      Temps:          0       1       0       0       0
      Totals:         0       1       0       0       0
Total ram usage:        1 bytes
 Hardware stack levels used:    1
 Hardware stack levels required when called:    2
 This function calls:
		_sprintf
 This function is called by:
		_main
 This function uses a non-reentrant model


 *************** function _sprintf *****************
 Defined at:
		line 505 in file "C:\Program Files\Microchip\xc8\v2.31\pic\sources\c90\common\doprnt.c"
 Parameters:    Size  Location     Type
  sp              1    wreg     PTR unsigned char 
		 -> data2(8), 
  f               1    0[BANK0 ] PTR const unsigned char 
		 -> STR_2(5), 
 Auto vars:     Size  Location     Type
  sp              1   10[BANK0 ] PTR unsigned char 
		 -> data2(8), 
  tmpval          4    0        struct .
  val             2   11[BANK0 ] unsigned int 
  cp              2    0        PTR const unsigned char 
  len             2    0        unsigned int 
  c               1   14[BANK0 ] unsigned char 
  prec            1   13[BANK0 ] char 
  flag            1    9[BANK0 ] unsigned char 
  ap              1    8[BANK0 ] PTR void [1]
		 -> ?_sprintf(2), 
 Return value:  Size  Location     Type
                  2    0[BANK0 ] int 
 Registers used:
		wreg, fsr0l, fsr0h, status,2, status,0, btemp+1, pclath, cstack
 Tracked objects:
		On entry : 
		On exit  : 
		Unchanged: 
 Data sizes:     COMMON   BANK0   BANK1   BANK3   BANK2
      Params:         0       5       0       0       0
      Locals:         0       7       0       0       0
      Temps:          0       3       0       0       0
      Totals:         0      15       0       0       0
Total ram usage:       15 bytes
 Hardware stack levels used:    1
 Hardware stack levels required when called:    1
 This function calls:
		___bmul
		___lwdiv
		___lwmod
		_isdigit
 This function is called by:
		_float_to_string
 This function uses a non-reentrant model


 *************** function _isdigit *****************
 Defined at:
		line 8 in file "C:\Program Files\Microchip\xc8\v2.31\pic\sources\c90\common\isdigit.c"
 Parameters:    Size  Location     Type
  c               1    wreg     unsigned char 
 Auto vars:     Size  Location     Type
  c               1    1[COMMON] unsigned char 
 Return value:  Size  Location     Type
		None               void
 Registers used:
		wreg, status,2, status,0
 Tracked objects:
		On entry : 
		On exit  : 
		Unchanged: 
 Data sizes:     COMMON   BANK0   BANK1   BANK3   BANK2
      Params:         0       0       0       0       0
      Locals:         2       0       0       0       0
      Temps:          0       0       0       0       0
      Totals:         2       0       0       0       0
Total ram usage:        2 bytes
 Hardware stack levels used:    1
 This function calls:
		Nothing
 This function is called by:
		_sprintf
 This function uses a non-reentrant model


 *************** function ___lwmod *****************
 Defined at:
		line 5 in file "C:\Program Files\Microchip\xc8\v2.31\pic\sources\c90\common\lwmod.c"
 Parameters:    Size  Location     Type
  divisor         2    8[COMMON] unsigned int 
  dividend        2   10[COMMON] unsigned int 
 Auto vars:     Size  Location     Type
  counter         1   13[COMMON] unsigned char 
 Return value:  Size  Location     Type
                  2    8[COMMON] unsigned int 
 Registers used:
		wreg, status,2, status,0
 Tracked objects:
		On entry : 
		On exit  : 
		Unchanged: 
 Data sizes:     COMMON   BANK0   BANK1   BANK3   BANK2
      Params:         4       0       0       0       0
      Locals:         1       0       0       0       0
      Temps:          1       0       0       0       0
      Totals:         6       0       0       0       0
Total ram usage:        6 bytes
 Hardware stack levels used:    1
 This function calls:
		Nothing
 This function is called by:
		_sprintf
 This function uses a non-reentrant model


 *************** function ___lwdiv *****************
 Defined at:
		line 5 in file "C:\Program Files\Microchip\xc8\v2.31\pic\sources\c90\common\lwdiv.c"
 Parameters:    Size  Location     Type
  divisor         2    0[COMMON] unsigned int 
  dividend        2    2[COMMON] unsigned int 
 Auto vars:     Size  Location     Type
  quotient        2    5[COMMON] unsigned int 
  counter         1    7[COMMON] unsigned char 
 Return value:  Size  Location     Type
                  2    0[COMMON] unsigned int 
 Registers used:
		wreg, status,2, status,0
 Tracked objects:
		On entry : 
		On exit  : 
		Unchanged: 
 Data sizes:     COMMON   BANK0   BANK1   BANK3   BANK2
      Params:         4       0       0       0       0
      Locals:         3       0       0       0       0
      Temps:          1       0       0       0       0
      Totals:         8       0       0       0       0
Total ram usage:        8 bytes
 Hardware stack levels used:    1
 This function calls:
		Nothing
 This function is called by:
		_sprintf
 This function uses a non-reentrant model


 *************** function ___bmul *****************
 Defined at:
		line 4 in file "C:\Program Files\Microchip\xc8\v2.31\pic\sources\c90\common\Umul8.c"
 Parameters:    Size  Location     Type
  multiplier      1    wreg     unsigned char 
  multiplicand    1    0[COMMON] unsigned char 
 Auto vars:     Size  Location     Type
  multiplier      1    3[COMMON] unsigned char 
  product         1    2[COMMON] unsigned char 
 Return value:  Size  Location     Type
                  1    wreg      unsigned char 
 Registers used:
		wreg, status,2, status,0
 Tracked objects:
		On entry : 
		On exit  : 
		Unchanged: 
 Data sizes:     COMMON   BANK0   BANK1   BANK3   BANK2
      Params:         1       0       0       0       0
      Locals:         2       0       0       0       0
      Temps:          1       0       0       0       0
      Totals:         4       0       0       0       0
Total ram usage:        4 bytes
 Hardware stack levels used:    1
 This function calls:
		Nothing
 This function is called by:
		_sprintf
 This function uses a non-reentrant model


 *************** function _USART_Init_BaudRate *****************
 Defined at:
		line 20 in file "USART.c"
 Parameters:    Size  Location     Type
		None
 Auto vars:     Size  Location     Type
		None
 Return value:  Size  Location     Type
                  1    wreg      void 
 Registers used:
		wreg
 Tracked objects:
		On entry : 
		On exit  : 
		Unchanged: 
 Data sizes:     COMMON   BANK0   BANK1   BANK3   BANK2
      Params:         0       0       0       0       0
      Locals:         0       0       0       0       0
      Temps:          0       0       0       0       0
      Totals:         0       0       0       0       0
Total ram usage:        0 bytes
 Hardware stack levels used:    1
 This function calls:
		Nothing
 This function is called by:
		_main
 This function uses a non-reentrant model


 *************** function _USART_Init *****************
 Defined at:
		line 5 in file "USART.c"
 Parameters:    Size  Location     Type
		None
 Auto vars:     Size  Location     Type
		None
 Return value:  Size  Location     Type
                  1    wreg      void 
 Registers used:
		status,2
 Tracked objects:
		On entry : 
		On exit  : 
		Unchanged: 
 Data sizes:     COMMON   BANK0   BANK1   BANK3   BANK2
      Params:         0       0       0       0       0
      Locals:         0       0       0       0       0
      Temps:          0       0       0       0       0
      Totals:         0       0       0       0       0
Total ram usage:        0 bytes
 Hardware stack levels used:    1
 This function calls:
		Nothing
 This function is called by:
		_main
 This function uses a non-reentrant model


 *************** function _Lcd_Init *****************
 Defined at:
		line 14 in file "LCD.c"
 Parameters:    Size  Location     Type
		None
 Auto vars:     Size  Location     Type
		None
 Return value:  Size  Location     Type
                  1    wreg      void 
 Registers used:
		wreg, status,2, status,0, pclath, cstack
 Tracked objects:
		On entry : 
		On exit  : 
		Unchanged: 
 Data sizes:     COMMON   BANK0   BANK1   BANK3   BANK2
      Params:         0       0       0       0       0
      Locals:         0       0       0       0       0
      Temps:          2       0       0       0       0
      Totals:         2       0       0       0       0
Total ram usage:        2 bytes
 Hardware stack levels used:    1
 Hardware stack levels required when called:    2
 This function calls:
		_Lcd_Cmd
		_Lcd_Port
 This function is called by:
		_main
 This function uses a non-reentrant model


 *************** function _Lcd_Cmd *****************
 Defined at:
		line 33 in file "LCD.c"
 Parameters:    Size  Location     Type
  a               1    wreg     unsigned char 
 Auto vars:     Size  Location     Type
  a               1    3[COMMON] unsigned char 
 Return value:  Size  Location     Type
                  1    wreg      void 
 Registers used:
		wreg, status,2, status,0, pclath, cstack
 Tracked objects:
		On entry : 
		On exit  : 
		Unchanged: 
 Data sizes:     COMMON   BANK0   BANK1   BANK3   BANK2
      Params:         0       0       0       0       0
      Locals:         1       0       0       0       0
      Temps:          2       0       0       0       0
      Totals:         3       0       0       0       0
Total ram usage:        3 bytes
 Hardware stack levels used:    1
 Hardware stack levels required when called:    1
 This function calls:
		_Lcd_Port
 This function is called by:
		_Lcd_Init
		_Lcd_Set_Cursor
		_Lcd_Clear
		_Lcd_Shift_Right
		_Lcd_Shift_Left
 This function uses a non-reentrant model


 *************** function _Lcd_Port *****************
 Defined at:
		line 29 in file "LCD.c"
 Parameters:    Size  Location     Type
  a               1    wreg     unsigned char 
 Auto vars:     Size  Location     Type
  a               1    0[COMMON] unsigned char 
 Return value:  Size  Location     Type
                  1    wreg      void 
 Registers used:
		wreg
 Tracked objects:
		On entry : 
		On exit  : 
		Unchanged: 
 Data sizes:     COMMON   BANK0   BANK1   BANK3   BANK2
      Params:         0       0       0       0       0
      Locals:         1       0       0       0       0
      Temps:          0       0       0       0       0
      Totals:         1       0       0       0       0
Total ram usage:        1 bytes
 Hardware stack levels used:    1
 This function calls:
		Nothing
 This function is called by:
		_Lcd_Init
		_Lcd_Cmd
		_Lcd_Write_Char
 This function uses a non-reentrant model


 *************** function _ADC_channel2 *****************
 Defined at:
		line 170 in file "pseudocodigo_lab3.c"
 Parameters:    Size  Location     Type
		None
 Auto vars:     Size  Location     Type
		None
 Return value:  Size  Location     Type
                  1    wreg      void 
 Registers used:
		wreg, fsr0l, fsr0h, status,2, status,0, btemp+1, pclath, cstack
 Tracked objects:
		On entry : 
		On exit  : 
		Unchanged: 
 Data sizes:     COMMON   BANK0   BANK1   BANK3   BANK2
      Params:         0       0       0       0       0
      Locals:         0       0       0       0       0
      Temps:          0       4       0       0       0
      Totals:         0       4       0       0       0
Total ram usage:        4 bytes
 Hardware stack levels used:    1
 Hardware stack levels required when called:    2
 This function calls:
		_ADC_Config
		___fldiv
		___flmul
		___xxtofl
 This function is called by:
		_main
 This function uses a non-reentrant model


 *************** function _ADC_channel1 *****************
 Defined at:
		line 161 in file "pseudocodigo_lab3.c"
 Parameters:    Size  Location     Type
		None
 Auto vars:     Size  Location     Type
		None
 Return value:  Size  Location     Type
                  1    wreg      void 
 Registers used:
		wreg, fsr0l, fsr0h, status,2, status,0, btemp+1, pclath, cstack
 Tracked objects:
		On entry : 
		On exit  : 
		Unchanged: 
 Data sizes:     COMMON   BANK0   BANK1   BANK3   BANK2
      Params:         0       0       0       0       0
      Locals:         0       0       0       0       0
      Temps:          0       4       0       0       0
      Totals:         0       4       0       0       0
Total ram usage:        4 bytes
 Hardware stack levels used:    1
 Hardware stack levels required when called:    2
 This function calls:
		_ADC_Config
		___fldiv
		___flmul
		___xxtofl
 This function is called by:
		_main
 This function uses a non-reentrant model


 *************** function ___xxtofl *****************
 Defined at:
		line 10 in file "C:\Program Files\Microchip\xc8\v2.31\pic\sources\c90\common\xxtofl.c"
 Parameters:    Size  Location     Type
  sign            1    wreg     unsigned char 
  val             4    0[COMMON] long 
 Auto vars:     Size  Location     Type
  sign            1    8[COMMON] unsigned char 
  arg             4   10[COMMON] unsigned long 
  exp             1    9[COMMON] unsigned char 
 Return value:  Size  Location     Type
                  4    0[COMMON] unsigned char 
 Registers used:
		wreg, status,2, status,0
 Tracked objects:
		On entry : 
		On exit  : 
		Unchanged: 
 Data sizes:     COMMON   BANK0   BANK1   BANK3   BANK2
      Params:         4       0       0       0       0
      Locals:         6       0       0       0       0
      Temps:          4       0       0       0       0
      Totals:        14       0       0       0       0
Total ram usage:       14 bytes
 Hardware stack levels used:    1
 This function calls:
		Nothing
 This function is called by:
		_ADC_channel1
		_ADC_channel2
 This function uses a non-reentrant model


 *************** function ___flmul *****************
 Defined at:
		line 8 in file "C:\Program Files\Microchip\xc8\v2.31\pic\sources\c90\common\sprcmul.c"
 Parameters:    Size  Location     Type
  b               4    0[BANK0 ] unsigned char 
  a               4    4[BANK0 ] unsigned char 
 Auto vars:     Size  Location     Type
  prod            4   20[BANK0 ] struct .
  grs             4   14[BANK0 ] unsigned long 
  temp            2   24[BANK0 ] struct .
  bexp            1   19[BANK0 ] unsigned char 
  aexp            1   18[BANK0 ] unsigned char 
  sign            1   13[BANK0 ] unsigned char 
 Return value:  Size  Location     Type
                  4    0[BANK0 ] unsigned char 
 Registers used:
		wreg, status,2, status,0, btemp+1, pclath, cstack
 Tracked objects:
		On entry : 
		On exit  : 
		Unchanged: 
 Data sizes:     COMMON   BANK0   BANK1   BANK3   BANK2
      Params:         0       8       0       0       0
      Locals:         0      13       0       0       0
      Temps:          0       5       0       0       0
      Totals:         0      26       0       0       0
Total ram usage:       26 bytes
 Hardware stack levels used:    1
 Hardware stack levels required when called:    1
 This function calls:
		__Umul8_16
 This function is called by:
		_ADC_channel1
		_ADC_channel2
 This function uses a non-reentrant model


 *************** function __Umul8_16 *****************
 Defined at:
		line 4 in file "C:\Program Files\Microchip\xc8\v2.31\pic\sources\c90\common\Umul8_16.c"
 Parameters:    Size  Location     Type
  multiplier      1    wreg     unsigned char 
  multiplicand    1    0[COMMON] unsigned char 
 Auto vars:     Size  Location     Type
  multiplier      1    8[COMMON] unsigned char 
  word_mpld       2    6[COMMON] unsigned int 
  product         2    4[COMMON] unsigned int 
 Return value:  Size  Location     Type
                  2    0[COMMON] unsigned int 
 Registers used:
		wreg, status,2, status,0
 Tracked objects:
		On entry : 
		On exit  : 
		Unchanged: 
 Data sizes:     COMMON   BANK0   BANK1   BANK3   BANK2
      Params:         2       0       0       0       0
      Locals:         5       0       0       0       0
      Temps:          2       0       0       0       0
      Totals:         9       0       0       0       0
Total ram usage:        9 bytes
 Hardware stack levels used:    1
 This function calls:
		Nothing
 This function is called by:
		___flmul
 This function uses a non-reentrant model


 *************** function ___fldiv *****************
 Defined at:
		line 8 in file "C:\Program Files\Microchip\xc8\v2.31\pic\sources\c90\common\sprcdiv.c"
 Parameters:    Size  Location     Type
  a               4   26[BANK0 ] unsigned int 
  b               4   30[BANK0 ] unsigned int 
 Auto vars:     Size  Location     Type
  grs             4   46[BANK0 ] unsigned long 
  rem             4   39[BANK0 ] unsigned long 
  new_exp         2   44[BANK0 ] int 
  aexp            1   51[BANK0 ] unsigned char 
  bexp            1   50[BANK0 ] unsigned char 
  sign            1   43[BANK0 ] unsigned char 
 Return value:  Size  Location     Type
                  4   26[BANK0 ] unsigned char 
 Registers used:
		wreg, status,2, status,0, btemp+1
 Tracked objects:
		On entry : 
		On exit  : 
		Unchanged: 
 Data sizes:     COMMON   BANK0   BANK1   BANK3   BANK2
      Params:         0       8       0       0       0
      Locals:         0      13       0       0       0
      Temps:          0       5       0       0       0
      Totals:         0      26       0       0       0
Total ram usage:       26 bytes
 Hardware stack levels used:    1
 This function calls:
		Nothing
 This function is called by:
		_ADC_channel1
		_ADC_channel2
 This function uses a non-reentrant model


 *************** function _ADC_Config *****************
 Defined at:
		line 31 in file "Config_ADC.c"
 Parameters:    Size  Location     Type
  AN_num          1    wreg     unsigned char 
 Auto vars:     Size  Location     Type
  AN_num          1    2[COMMON] unsigned char 
 Return value:  Size  Location     Type
                  1    wreg      void 
 Registers used:
		wreg, fsr0l, fsr0h, status,2, status,0
 Tracked objects:
		On entry : 
		On exit  : 
		Unchanged: 
 Data sizes:     COMMON   BANK0   BANK1   BANK3   BANK2
      Params:         0       0       0       0       0
      Locals:         1       0       0       0       0
      Temps:          2       0       0       0       0
      Totals:         3       0       0       0       0
Total ram usage:        3 bytes
 Hardware stack levels used:    1
 This function calls:
		Nothing
 This function is called by:
		_ADC_channel1
		_ADC_channel2
 This function uses a non-reentrant model



MODULE INFORMATION

Module		Function		Class		Link	Load	Size
USART.c
		_USART_Init_BaudRate		CODE           	0C31	0000	5
		_USART_Init    		CODE           	0C44	0000	16

USART.c estimated size: 21

C:\Program Files\Microchip\xc8\v2.31\pic\sources\c90\common\sprcmul.c
		___flmul       		CODE           	048A	0000	865

C:\Program Files\Microchip\xc8\v2.31\pic\sources\c90\common\sprcmul.c estimated size: 865

C:\Program Files\Microchip\xc8\v2.31\pic\sources\c90\common\sprcdiv.c
		___fldiv       		CODE           	02AD	0000	477

C:\Program Files\Microchip\xc8\v2.31\pic\sources\c90\common\sprcdiv.c estimated size: 477

C:\Program Files\Microchip\xc8\v2.31\pic\sources\c90\common\Umul8_16.c
		__Umul8_16     		CODE           	0CF0	0000	39

C:\Program Files\Microchip\xc8\v2.31\pic\sources\c90\common\Umul8_16.c estimated size: 39

pseudocodigo_lab3.c
		_main          		CODE           	0028	0000	102
		_titulos_LCD   		CODE           	0C66	0000	20
		_float_to_string		CODE           	0C8F	0000	21
		_setup         		CODE           	0CD4	0000	28
		_ADC_channel1  		CODE           	0E7E	0000	100
		_ADC_channel2  		CODE           	0EE2	0000	100

pseudocodigo_lab3.c estimated size: 371

C:\Program Files\Microchip\xc8\v2.31\pic\sources\c90\common\doprnt.c
		_sprintf       		CODE           	014A	0000	355

C:\Program Files\Microchip\xc8\v2.31\pic\sources\c90\common\doprnt.c estimated size: 355

C:\Program Files\Microchip\xc8\v2.31\pic\sources\c90\common\lwmod.c
		___lwmod       		CODE           	0D17	0000	58

C:\Program Files\Microchip\xc8\v2.31\pic\sources\c90\common\lwmod.c estimated size: 58

C:\Program Files\Microchip\xc8\v2.31\pic\sources\c90\common\isdigit.c
		_isdigit       		CODE           	0C54	0000	18

C:\Program Files\Microchip\xc8\v2.31\pic\sources\c90\common\isdigit.c estimated size: 18

Oscilador.c
		_initOsc       		CODE           	0E22	0000	92

Oscilador.c estimated size: 92

C:\Program Files\Microchip\xc8\v2.31\pic\sources\c90\common\lwdiv.c
		___lwdiv       		CODE           	0D93	0000	68

C:\Program Files\Microchip\xc8\v2.31\pic\sources\c90\common\lwdiv.c estimated size: 68

shared
		__stringtab    		STRING         	0800	0000	16
		_dpowers       		STRING         	0810	0000	10
		__initialization		CODE           	07EB	0000	17

shared estimated size: 43

C:\Program Files\Microchip\xc8\v2.31\pic\sources\c90\common\xxtofl.c
		___xxtofl      		CODE           	0F46	0000	186

C:\Program Files\Microchip\xc8\v2.31\pic\sources\c90\common\xxtofl.c estimated size: 186

C:\Program Files\Microchip\xc8\v2.31\pic\sources\c90\common\Umul8.c
		___bmul        		CODE           	0C7A	0000	21

C:\Program Files\Microchip\xc8\v2.31\pic\sources\c90\common\Umul8.c estimated size: 21

Config_ADC.c
		_ADC_Config    		CODE           	008E	0000	188

Config_ADC.c estimated size: 188

LCD.c
		_Lcd_Write_String		CODE           	0D51	0000	66
		_Lcd_Init      		CODE           	0DD7	0000	75
		_Lcd_Write_Char		CODE           	0CA4	0000	22
		_Lcd_Cmd       		CODE           	0CBA	0000	26
		_Lcd_Set_Cursor		CODE           	0004	0000	36
		_Lcd_Port      		CODE           	0C36	0000	6

LCD.c estimated size: 231

