Microchip MPLAB XC8 Compiler V2.31

Linker command line:

-W-3 --edf=C:\Program Files\Microchip\xc8\v2.31\pic\dat\en_msgs.txt -cn \
  -h+dist/default/production\Prueba3_miniProyecto2.X.production.sym \
  --cmf=dist/default/production\Prueba3_miniProyecto2.X.production.cmf -z \
  -Q16F887 -oC:\Users\cnata\AppData\Local\Temp\sles.2 \
  --defsym=__MPLAB_BUILD=1 \
  -Mdist/default/production/Prueba3_miniProyecto2.X.production.map -E1 \
  -ver=XC8 Compiler --acfsm=1493 -ASTACK=0110h-016Fh -pstack=STACK \
  -ACODE=00h-07FFhx4 -ASTRCODE=00h-01FFFh -ASTRING=00h-0FFhx32 \
  -ACONST=00h-0FFhx32 -AENTRY=00h-0FFhx32 -ACOMMON=070h-07Fh \
  -ABANK0=020h-06Fh -ABANK1=0A0h-0EFh -ABANK2=0110h-016Fh \
  -ABANK3=0190h-01EFh -ARAM=020h-06Fh,0A0h-0EFh,0110h-016Fh,0190h-01EFh \
  -AABS1=020h-07Fh,0A0h-0EFh,0110h-016Fh,0190h-01EFh -ASFR0=00h-01Fh \
  -ASFR1=080h-09Fh -ASFR2=0100h-010Fh -ASFR3=0180h-018Fh \
  -ACONFIG=02007h-02008h -DCONFIG=2 -AIDLOC=02000h-02003h -DIDLOC=2 \
  -AEEDATA=00h-0FFh/02100h -peeprom_data=EEDATA -DEEDATA=2 -DCODE=2 \
  -DSTRCODE=2 -DSTRING=2 -DCONST=2 -DENTRY=2 \
  -preset_vec=00h,intentry=04h,init,end_init -ppowerup=CODE -pcinit=CODE \
  -pfunctab=ENTRY -k C:\Users\cnata\AppData\Local\Temp\sles.o \
  dist/default/production\Prueba3_miniProyecto2.X.production.o 

Object code version is 3.11

Machine type is 16F887



                Name                               Link     Load   Length Selector   Space Scale
C:\Users\cnata\AppData\Local\Temp\sles.o
                end_init                              C        C        3        8       0
                reset_vec                             0        0        3        0       0
                config                             2007     2007        2        0       4
dist/default/production\Prueba3_miniProyecto2.X.production.o
                cinit                                 F        F       26        8       0
                intentry                              4        4        8        8       0
                config                             2007     2007        2        0       4
                text27                              EFA      EFA        8     1DF4       0
                text26                              6D2      6D2       44        8       0
                text25                              F47      F47        D     1E8E       0
                text24                              7BD      7BD       30        8       0
                text23                              F0A      F0A        9     1E14       0
                text22                              506      506       69        8       0
                text21                              5D7      5D7       5B        8       0
                text20                              F66      F66       17     1ECC       0
                text19                              F7D      F7D       1C     1EFA       0
                text18                              68C      68C       46        8       0
                text17                              716      716       3C        8       0
                text16                              FD9      FD9       27     1FB2       0
                text15                              F54      F54       12     1EA8       0
                text14                              22E      22E      1D4        8       0
                text13                               35       35      1F9        8       0
                text12                              F2F      F2F        C     1E5E       0
                text11                              FB7      FB7       22     1F6E       0
                text10                              F13      F13        9     1E26       0
                text9                               F1C      F1C        9     1E38       0
                text8                               F25      F25        A     1E4A       0
                text7                               632      632       5A        8       0
                text6                               56F      56F       68        8       0
                text5                               752      752       3A        8       0
                text4                               EEE      EEE        6     1DDC       0
                text3                               F3B      F3B        C     1E76       0
                text2                               EF4      EF4        6     1DE8       0
                text1                               78C      78C       31        8       0
                maintext                            402      402      104        8       0
                cstackBANK0                          4E       4E       21       20       1
                cstackCOMMON                         70       70        6       70       1
                clrtext                             F02      F02        8     1E04       0
                inittext                            7ED      7ED       13        8       0
                dataBANK1                            C4       C4       1E       A0       1
                bssBANK1                             A0       A0       24       A0       1
                bssBANK0                             20       20       2E       20       1
                bssCOMMON                            76       76        4       70       1
                strings                             800      800       1C     1000       0
                idataBANK1                          F99      F99       1E     1F32       0

TOTAL           Name                               Link     Load   Length     Space
        CLASS   STACK          

        CLASS   CODE           
                end_init                              C        C        3         0
                cinit                                 F        F       26         0
                intentry                              4        4        8         0
                reset_vec                             0        0        3         0
                text27                              EFA      EFA        8         0
                text26                              6D2      6D2       44         0
                text25                              F47      F47        D         0
                text24                              7BD      7BD       30         0
                text23                              F0A      F0A        9         0
                text22                              506      506       69         0
                text21                              5D7      5D7       5B         0
                text20                              F66      F66       17         0
                text19                              F7D      F7D       1C         0
                text18                              68C      68C       46         0
                text17                              716      716       3C         0
                text16                              FD9      FD9       27         0
                text15                              F54      F54       12         0
                text14                              22E      22E      1D4         0
                text13                               35       35      1F9         0
                text12                              F2F      F2F        C         0
                text11                              FB7      FB7       22         0
                text10                              F13      F13        9         0
                text9                               F1C      F1C        9         0
                text8                               F25      F25        A         0
                text7                               632      632       5A         0
                text6                               56F      56F       68         0
                text5                               752      752       3A         0
                text4                               EEE      EEE        6         0
                text3                               F3B      F3B        C         0
                text2                               EF4      EF4        6         0
                text1                               78C      78C       31         0
                maintext                            402      402      104         0
                clrtext                             F02      F02        8         0
                inittext                            7ED      7ED       13         0
                idataBANK1                          F99      F99       1E         0

        CLASS   STRCODE        

        CLASS   STRING         
                strings                             800      800       1C         0

        CLASS   CONST          

        CLASS   ENTRY          

        CLASS   COMMON         
                cstackCOMMON                         70       70        6         1
                bssCOMMON                            76       76        4         1

        CLASS   BANK0          
                cstackBANK0                          4E       4E       21         1
                bssBANK0                             20       20       2E         1

        CLASS   BANK1          
                dataBANK1                            C4       C4       1E         1
                bssBANK1                             A0       A0       24         1

        CLASS   BANK2          

        CLASS   BANK3          

        CLASS   RAM            

        CLASS   ABS1           
                abs_s1                               7E       7E        2         1

        CLASS   SFR0           

        CLASS   SFR1           

        CLASS   SFR2           

        CLASS   SFR3           

        CLASS   CONFIG         
                config                             2007     2007        2         4

        CLASS   IDLOC          

        CLASS   EEDATA         



SEGMENTS        Name                           Load    Length   Top    Selector   Space  Class     Delta

                reset_vec                      000000  000003  000003         0       0  CODE        2
                intentry                       000004  0007FC  000800         8       0  CODE        2
                bssBANK0                       000020  00004F  00006F        20       1  BANK0       1
                cstackCOMMON                   000070  00000A  00007A        70       1  COMMON      1
                bssBANK1                       0000A0  000042  0000E2        A0       1  BANK1       1
                strings                        000800  00001C  00081C      1000       0  STRING      2
                text4                          000EEE  000006  000EF4      1DDC       0  CODE        2
                text2                          000EF4  000006  000EFA      1DE8       0  CODE        2
                text27                         000EFA  000008  000F02      1DF4       0  CODE        2
                clrtext                        000F02  000008  000F0A      1E04       0  CODE        2
                text23                         000F0A  000009  000F13      1E14       0  CODE        2
                text10                         000F13  000009  000F1C      1E26       0  CODE        2
                text9                          000F1C  000009  000F25      1E38       0  CODE        2
                text8                          000F25  00000A  000F2F      1E4A       0  CODE        2
                text12                         000F2F  00000C  000F3B      1E5E       0  CODE        2
                text3                          000F3B  00000C  000F47      1E76       0  CODE        2
                text25                         000F47  00000D  000F54      1E8E       0  CODE        2
                text15                         000F54  000012  000F66      1EA8       0  CODE        2
                text20                         000F66  000017  000F7D      1ECC       0  CODE        2
                text19                         000F7D  00001C  000F99      1EFA       0  CODE        2
                idataBANK1                     000F99  00001E  000FB7      1F32       0  CODE        2
                text11                         000FB7  000022  000FD9      1F6E       0  CODE        2
                text16                         000FD9  000027  001000      1FB2       0  CODE        2


UNUSED ADDRESS RANGES

        Name                Unused          Largest block    Delta
        BANK0            006F-006F              1           1
        BANK1            00E2-00EF              E           1
        BANK2            0110-016F             60           1
        BANK3            0190-01EF             60           1
        CODE             0003-0003              1           2
                         081C-0EED            6D2
                         1000-1FFF            800
        COMMON           007A-007D              4           1
        CONST            0003-0003              1           2
                         081C-0EED            100
                         1000-1FFF            100
        EEDATA           2100-21FF            100           2
        ENTRY            0003-0003              1           2
                         081C-0EED            100
                         1000-1FFF            100
        IDLOC            2000-2003              4           2
        RAM              006F-006F              1           1
                         00E2-00EF              E
                         0110-016F             60
                         0190-01EF             60
        SFR0             0000-001F             20           1
        SFR1             0080-009F             20           1
        SFR2             0100-010F             10           1
        SFR3             0180-018F             10           1
        STACK            0110-016F             60           1
        STRCODE          0003-0003              1           2
                         081C-0EED            6D2
                         1000-1FFF           1000
        STRING           0003-0003              1           2
                         081C-0EED            100
                         1000-1FFF            100

                                  Symbol Table

?_I2C_Master_Read                  cstackCOMMON 0074
?___awdiv                          cstackBANK0  004E
?___awmod                          cstackBANK0  004E
?___lldiv                          cstackBANK0  004E
?___lwdiv                          cstackBANK0  004E
?___lwmod                          cstackBANK0  0055
?___wmul                           cstackBANK0  004E
?_sprintf                          cstackBANK0  005A
I2C_Master_Init@c                  cstackBANK0  005B
I2C_Master_Read@a                  cstackCOMMON 0074
I2C_Master_Read@temp               cstackBANK0  0050
I2C_Master_Write@d                 cstackCOMMON 0074
Write_USART@a                      cstackCOMMON 0074
Write_USART_String@a               cstackBANK0  004E
Write_USART_String@i               cstackBANK0  004F
_ANSEL                             (abs)        0188
_ANSELH                            (abs)        0189
_Date                              dataBANK1    00C4
_GIE                               (abs)        005F
_I2C_Master_Init                   text5        0752
_I2C_Master_Read                   text24       07BD
_I2C_Master_RepeatedStart          text23       0F0A
_I2C_Master_Start                  text10       0F13
_I2C_Master_Stop                   text9        0F1C
_I2C_Master_Wait                   text25       0F47
_I2C_Master_Write                  text8        0F25
_INTCONbits                        (abs)        000B
_ISR                               text26       06D2
_OSCCONbits                        (abs)        008F
_PEIE                              (abs)        005E
_PIE1bits                          (abs)        008C
_PIR1bits                          (abs)        000C
_PORTA                             (abs)        0005
_PORTAbits                         (abs)        0005
_PORTB                             (abs)        0006
_PORTC                             (abs)        0007
_PORTD                             (abs)        0008
_PORTDbits                         (abs)        0008
_PORTE                             (abs)        0009
_PORTEbits                         (abs)        0009
_RCIF                              (abs)        0065
_RCREG                             (abs)        001A
_RCSTAbits                         (abs)        0018
_RTC_display                       text13       0035
_Read_USART                        text27       0EFA
_SPBRG                             (abs)        0099
_SPBRGH                            (abs)        009A
_SSPADD                            (abs)        0093
_SSPBUF                            (abs)        0013
_SSPCON                            (abs)        0014
_SSPCON2                           (abs)        0091
_SSPCON2bits                       (abs)        0091
_SSPIE                             (abs)        0463
_SSPIF                             (abs)        0063
_SSPSTAT                           (abs)        0094
_TRISA                             (abs)        0085
_TRISB                             (abs)        0086
_TRISC3                            (abs)        043B
_TRISC4                            (abs)        043C
_TRISCbits                         (abs)        0087
_TRISD                             (abs)        0088
_TRISE                             (abs)        0089
_TRMT                              (abs)        04C1
_TXREG                             (abs)        0019
_TXSTAbits                         (abs)        0098
_Time                              dataBANK1    00D3
_USART_INTERRUPT                   text4        0EEE
_USART_Init                        text3        0F3B
_USART_Init_BaudRate               text2        0EF4
_Write_USART                       text12       0F2F
_Write_USART_String                text11       0FB7
_Write_to_RTC                      text7        0632
__Habs1                            abs1         0000
__Hbank0                           bank0        0000
__Hbank1                           bank1        0000
__Hbank2                           bank2        0000
__Hbank3                           bank3        0000
__HbssBANK0                        bssBANK0     0000
__HbssBANK1                        bssBANK1     0000
__HbssCOMMON                       bssCOMMON    0000
__Hcinit                           cinit        0035
__Hclrtext                         clrtext      0000
__Hcode                            code         0000
__Hcommon                          common       0000
__Hconfig                          config       2009
__HcstackBANK0                     cstackBANK0  0000
__HcstackCOMMON                    cstackCOMMON 0000
__HdataBANK1                       dataBANK1    0000
__Heeprom_data                     eeprom_data  0000
__Hend_init                        end_init     000F
__Hfunctab                         functab      0000
__HidataBANK1                      idataBANK1   0000
__Hinit                            init         000C
__Hinittext                        inittext     0000
__Hintentry                        intentry     000C
__Hmaintext                        maintext     0000
__Hpowerup                         powerup      0000
__Hram                             ram          0000
__Hreset_vec                       reset_vec    0003
__Hsfr0                            sfr0         0000
__Hsfr1                            sfr1         0000
__Hsfr2                            sfr2         0000
__Hsfr3                            sfr3         0000
__Hspace_0                         (abs)        1000
__Hspace_1                         (abs)        00E2
__Hspace_2                         (abs)        0000
__Hspace_3                         (abs)        0000
__Hspace_4                         (abs)        4010
__Hstack                           stack        0000
__Hstrings                         strings      0000
__Htext                            text         0000
__Labs1                            abs1         0000
__Lbank0                           bank0        0000
__Lbank1                           bank1        0000
__Lbank2                           bank2        0000
__Lbank3                           bank3        0000
__LbssBANK0                        bssBANK0     0000
__LbssBANK1                        bssBANK1     0000
__LbssCOMMON                       bssCOMMON    0000
__Lcinit                           cinit        000F
__Lclrtext                         clrtext      0000
__Lcode                            code         0000
__Lcommon                          common       0000
__Lconfig                          config       0000
__LcstackBANK0                     cstackBANK0  0000
__LcstackCOMMON                    cstackCOMMON 0000
__LdataBANK1                       dataBANK1    0000
__Leeprom_data                     eeprom_data  0000
__Lend_init                        end_init     000C
__Lfunctab                         functab      0000
__LidataBANK1                      idataBANK1   0000
__Linit                            init         000C
__Linittext                        inittext     0000
__Lintentry                        intentry     0004
__Lmaintext                        maintext     0000
__Lpowerup                         powerup      0000
__Lram                             ram          0000
__Lreset_vec                       reset_vec    0000
__Lsfr0                            sfr0         0000
__Lsfr1                            sfr1         0000
__Lsfr2                            sfr2         0000
__Lsfr3                            sfr3         0000
__Lspace_0                         (abs)        0000
__Lspace_1                         (abs)        0000
__Lspace_2                         (abs)        0000
__Lspace_3                         (abs)        0000
__Lspace_4                         (abs)        0000
__Lstack                           stack        0000
__Lstrings                         strings      0000
__Ltext                            text         0000
__S0                               (abs)        1000
__S1                               (abs)        00E2
__S2                               (abs)        0000
__S3                               (abs)        0000
___awdiv                           text22       0506
___awdiv@counter                   cstackBANK0  0052
___awdiv@dividend                  cstackBANK0  0050
___awdiv@divisor                   cstackBANK0  004E
___awdiv@quotient                  cstackBANK0  0054
___awdiv@sign                      cstackBANK0  0053
___awmod                           text21       05D7
___awmod@counter                   cstackBANK0  0052
___awmod@dividend                  cstackBANK0  0050
___awmod@divisor                   cstackBANK0  004E
___awmod@sign                      cstackBANK0  0053
___bmul                            text20       0F66
___bmul@multiplicand               cstackCOMMON 0074
___bmul@multiplier                 cstackBANK0  004F
___bmul@product                    cstackBANK0  004E
___int_sp                          stack        0000
___latbits                         (abs)        0002
___lldiv                           text6        056F
___lldiv@counter                   cstackBANK0  005A
___lldiv@dividend                  cstackBANK0  0052
___lldiv@divisor                   cstackBANK0  004E
___lldiv@quotient                  cstackBANK0  0056
___lwdiv                           text18       068C
___lwdiv@counter                   cstackBANK0  0052
___lwdiv@dividend                  cstackBANK0  0050
___lwdiv@divisor                   cstackBANK0  004E
___lwdiv@quotient                  cstackBANK0  0053
___lwmod                           text17       0716
___lwmod@counter                   cstackBANK0  0059
___lwmod@dividend                  cstackBANK0  0057
___lwmod@divisor                   cstackBANK0  0055
___sp                              stack        0000
___stackhi                         (abs)        0000
___stacklo                         (abs)        0000
___wmul                            text16       0FD9
___wmul@multiplicand               cstackBANK0  0050
___wmul@multiplier                 cstackBANK0  004E
___wmul@product                    cstackCOMMON 0074
__end_of_I2C_Master_Init           text5        078C
__end_of_I2C_Master_Read           text24       07ED
__end_of_I2C_Master_RepeatedStart  text23       0F13
__end_of_I2C_Master_Start          text10       0F1C
__end_of_I2C_Master_Stop           text9        0F25
__end_of_I2C_Master_Wait           text25       0F54
__end_of_I2C_Master_Write          text8        0F2F
__end_of_ISR                       text26       0716
__end_of_RTC_display               text13       022E
__end_of_Read_USART                text27       0F02
__end_of_USART_INTERRUPT           text4        0EF4
__end_of_USART_Init                text3        0F47
__end_of_USART_Init_BaudRate       text2        0EFA
__end_of_Write_USART               text12       0F3B
__end_of_Write_USART_String        text11       0FD9
__end_of_Write_to_RTC              text7        068C
__end_of___awdiv                   text22       056F
__end_of___awmod                   text21       0632
__end_of___bmul                    text20       0F7D
__end_of___lldiv                   text6        05D7
__end_of___lwdiv                   text18       06D2
__end_of___lwmod                   text17       0752
__end_of___wmul                    text16       1000
__end_of__initialization           cinit        0031
__end_of__stringtab                strings      0806
__end_of_bcd_to_decimal            text19       0F99
__end_of_dpowers                   strings      0810
__end_of_isdigit                   text15       0F66
__end_of_main                      maintext     0506
__end_of_setup                     text1        07BD
__end_of_sprintf                   text14       0402
__initialization                   cinit        000F
__pbssBANK0                        bssBANK0     0020
__pbssBANK1                        bssBANK1     00A0
__pbssCOMMON                       bssCOMMON    0076
__pcstackBANK0                     cstackBANK0  004E
__pcstackCOMMON                    cstackCOMMON 0070
__pdataBANK1                       dataBANK1    00C4
__pidataBANK1                      idataBANK1   0F99
__pintentry                        intentry     0004
__pmaintext                        maintext     0402
__pstrings                         strings      0800
__ptext1                           text1        078C
__ptext10                          text10       0F13
__ptext11                          text11       0FB7
__ptext12                          text12       0F2F
__ptext13                          text13       0035
__ptext14                          text14       022E
__ptext15                          text15       0F54
__ptext16                          text16       0FD9
__ptext17                          text17       0716
__ptext18                          text18       068C
__ptext19                          text19       0F7D
__ptext2                           text2        0EF4
__ptext20                          text20       0F66
__ptext21                          text21       05D7
__ptext22                          text22       0506
__ptext23                          text23       0F0A
__ptext24                          text24       07BD
__ptext25                          text25       0F47
__ptext26                          text26       06D2
__ptext27                          text27       0EFA
__ptext3                           text3        0F3B
__ptext4                           text4        0EEE
__ptext5                           text5        0752
__ptext6                           text6        056F
__ptext7                           text7        0632
__ptext8                           text8        0F25
__ptext9                           text9        0F1C
__size_of_I2C_Master_Init          (abs)        0000
__size_of_I2C_Master_Read          (abs)        0000
__size_of_I2C_Master_RepeatedStart (abs)        0000
__size_of_I2C_Master_Start         (abs)        0000
__size_of_I2C_Master_Stop          (abs)        0000
__size_of_I2C_Master_Wait          (abs)        0000
__size_of_I2C_Master_Write         (abs)        0000
__size_of_ISR                      (abs)        0000
__size_of_RTC_display              (abs)        0000
__size_of_Read_USART               (abs)        0000
__size_of_USART_INTERRUPT          (abs)        0000
__size_of_USART_Init               (abs)        0000
__size_of_USART_Init_BaudRate      (abs)        0000
__size_of_Write_USART              (abs)        0000
__size_of_Write_USART_String       (abs)        0000
__size_of_Write_to_RTC             (abs)        0000
__size_of___awdiv                  (abs)        0000
__size_of___awmod                  (abs)        0000
__size_of___bmul                   (abs)        0000
__size_of___lldiv                  (abs)        0000
__size_of___lwdiv                  (abs)        0000
__size_of___lwmod                  (abs)        0000
__size_of___wmul                   (abs)        0000
__size_of_bcd_to_decimal           (abs)        0000
__size_of_isdigit                  (abs)        0000
__size_of_main                     (abs)        0000
__size_of_setup                    (abs)        0000
__size_of_sprintf                  (abs)        0000
__stringbase                       strings      0805
__stringtab                        strings      0800
_bcd_to_decimal                    text19       0F7D
_data_recive                       bssCOMMON    0076
_day_send                          bssBANK0     002E
_dpowers                           strings      0806
_hour                              bssBANK0     0023
_hour_send                         bssBANK0     0036
_isdigit                           text15       0F54
_isdigit$1065                      cstackCOMMON 0074
_m_day                             bssBANK0     0022
_main                              maintext     0402
_min_send                          bssBANK0     003E
_minute                            bssBANK0     0024
_month                             bssBANK0     0021
_month_send                        bssBANK0     0026
_sec_send                          bssBANK0     0046
_second                            bssBANK0     0025
_setup                             text1        078C
_sprintf                           text14       022E
_year                              bssBANK0     0020
_year_send                         bssBANK1     00BC
bcd_to_decimal@number              cstackBANK0  0053
btemp                              (abs)        007E
clear_ram0                         clrtext      0F02
end_of_initialization              cinit        0031
init_fetch0                        inittext     07ED
init_ram0                          inittext     07F1
interrupt_function                 intentry     0004
intlevel0                          functab      0000
intlevel1                          functab      0000
intlevel2                          functab      0000
intlevel3                          functab      0000
intlevel4                          functab      0000
intlevel5                          functab      0000
isdigit@c                          cstackCOMMON 0075
reset_vec                          reset_vec    0000
saved_w                            (abs)        007E
sprintf@ap                         cstackBANK0  0060
sprintf@c                          cstackBANK0  0067
sprintf@f                          cstackBANK0  005A
sprintf@flag                       cstackBANK0  0064
sprintf@prec                       cstackBANK0  0061
sprintf@sp                         cstackBANK0  0068
sprintf@val                        cstackBANK0  0062
sprintf@width                      cstackBANK0  0065
start                              init         000C
start_initialization               cinit        000F
wtemp0                             (abs)        007E


FUNCTION INFORMATION:

 *************** function _main *****************
 Defined at:
		line 120 in file "main_prueba3_mini2.c"
 Parameters:    Size  Location     Type
		None
 Auto vars:     Size  Location     Type
		None
 Return value:  Size  Location     Type
                  1    wreg      void 
 Registers used:
		wreg, fsr0l, fsr0h, status,2, status,0, btemp+1, pclath, cstack
 Tracked objects:
		On entry : 
		On exit  : 
		Unchanged: 
 Data sizes:     COMMON   BANK0   BANK1   BANK3   BANK2
      Params:         0       0       0       0       0
      Locals:         0       0       0       0       0
      Temps:          0       3       0       0       0
      Totals:         0       3       0       0       0
Total ram usage:        3 bytes
 Hardware stack levels required when called:    5
 This function calls:
		_I2C_Master_Read
		_I2C_Master_RepeatedStart
		_I2C_Master_Start
		_I2C_Master_Stop
		_I2C_Master_Write
		_RTC_display
		_Write_USART
		_Write_USART_String
		_Write_to_RTC
		_setup
 This function is called by:
		Startup code after reset
 This function uses a non-reentrant model


 *************** function _setup *****************
 Defined at:
		line 273 in file "main_prueba3_mini2.c"
 Parameters:    Size  Location     Type
		None
 Auto vars:     Size  Location     Type
		None
 Return value:  Size  Location     Type
                  1    wreg      void 
 Registers used:
		wreg, status,2, status,0, pclath, cstack
 Tracked objects:
		On entry : 
		On exit  : 
		Unchanged: 
 Data sizes:     COMMON   BANK0   BANK1   BANK3   BANK2
      Params:         0       0       0       0       0
      Locals:         0       0       0       0       0
      Temps:          0       0       0       0       0
      Totals:         0       0       0       0       0
Total ram usage:        0 bytes
 Hardware stack levels used:    1
 Hardware stack levels required when called:    4
 This function calls:
		_I2C_Master_Init
		_USART_INTERRUPT
		_USART_Init
		_USART_Init_BaudRate
 This function is called by:
		_main
 This function uses a non-reentrant model


 *************** function _USART_Init_BaudRate *****************
 Defined at:
		line 19 in file "USART.c"
 Parameters:    Size  Location     Type
		None
 Auto vars:     Size  Location     Type
		None
 Return value:  Size  Location     Type
                  1    wreg      void 
 Registers used:
		wreg, status,2
 Tracked objects:
		On entry : 
		On exit  : 
		Unchanged: 
 Data sizes:     COMMON   BANK0   BANK1   BANK3   BANK2
      Params:         0       0       0       0       0
      Locals:         0       0       0       0       0
      Temps:          0       0       0       0       0
      Totals:         0       0       0       0       0
Total ram usage:        0 bytes
 Hardware stack levels used:    1
 Hardware stack levels required when called:    2
 This function calls:
		Nothing
 This function is called by:
		_setup
 This function uses a non-reentrant model


 *************** function _USART_Init *****************
 Defined at:
		line 8 in file "USART.c"
 Parameters:    Size  Location     Type
		None
 Auto vars:     Size  Location     Type
		None
 Return value:  Size  Location     Type
                  1    wreg      void 
 Registers used:
		status,2
 Tracked objects:
		On entry : 
		On exit  : 
		Unchanged: 
 Data sizes:     COMMON   BANK0   BANK1   BANK3   BANK2
      Params:         0       0       0       0       0
      Locals:         0       0       0       0       0
      Temps:          0       0       0       0       0
      Totals:         0       0       0       0       0
Total ram usage:        0 bytes
 Hardware stack levels used:    1
 Hardware stack levels required when called:    2
 This function calls:
		Nothing
 This function is called by:
		_setup
 This function uses a non-reentrant model


 *************** function _USART_INTERRUPT *****************
 Defined at:
		line 24 in file "USART.c"
 Parameters:    Size  Location     Type
		None
 Auto vars:     Size  Location     Type
		None
 Return value:  Size  Location     Type
                  1    wreg      void 
 Registers used:
		None
 Tracked objects:
		On entry : 
		On exit  : 
		Unchanged: 
 Data sizes:     COMMON   BANK0   BANK1   BANK3   BANK2
      Params:         0       0       0       0       0
      Locals:         0       0       0       0       0
      Temps:          0       0       0       0       0
      Totals:         0       0       0       0       0
Total ram usage:        0 bytes
 Hardware stack levels used:    1
 Hardware stack levels required when called:    2
 This function calls:
		Nothing
 This function is called by:
		_setup
 This function uses a non-reentrant model


 *************** function _I2C_Master_Init *****************
 Defined at:
		line 21 in file "I2C.c"
 Parameters:    Size  Location     Type
  c               4   13[BANK0 ] const unsigned long 
 Auto vars:     Size  Location     Type
		None
 Return value:  Size  Location     Type
                  1    wreg      void 
 Registers used:
		wreg, status,2, status,0, pclath, cstack
 Tracked objects:
		On entry : 
		On exit  : 
		Unchanged: 
 Data sizes:     COMMON   BANK0   BANK1   BANK3   BANK2
      Params:         0       4       0       0       0
      Locals:         0       0       0       0       0
      Temps:          0       4       0       0       0
      Totals:         0       8       0       0       0
Total ram usage:        8 bytes
 Hardware stack levels used:    1
 Hardware stack levels required when called:    3
 This function calls:
		___lldiv
 This function is called by:
		_setup
 This function uses a non-reentrant model


 *************** function ___lldiv *****************
 Defined at:
		line 5 in file "C:\Program Files\Microchip\xc8\v2.31\pic\sources\c90\common\__lldiv.c"
 Parameters:    Size  Location     Type
  divisor         4    0[BANK0 ] unsigned long 
  dividend        4    4[BANK0 ] unsigned long 
 Auto vars:     Size  Location     Type
  quotient        4    8[BANK0 ] unsigned long 
  counter         1   12[BANK0 ] unsigned char 
 Return value:  Size  Location     Type
                  4    0[BANK0 ] unsigned long 
 Registers used:
		wreg, status,2, status,0
 Tracked objects:
		On entry : 
		On exit  : 
		Unchanged: 
 Data sizes:     COMMON   BANK0   BANK1   BANK3   BANK2
      Params:         0       8       0       0       0
      Locals:         0       5       0       0       0
      Temps:          1       0       0       0       0
      Totals:         1      13       0       0       0
Total ram usage:       14 bytes
 Hardware stack levels used:    1
 Hardware stack levels required when called:    2
 This function calls:
		Nothing
 This function is called by:
		_I2C_Master_Init
 This function uses a non-reentrant model


 *************** function _Write_to_RTC *****************
 Defined at:
		line 258 in file "main_prueba3_mini2.c"
 Parameters:    Size  Location     Type
		None
 Auto vars:     Size  Location     Type
		None
 Return value:  Size  Location     Type
                  1    wreg      void 
 Registers used:
		wreg, status,2, status,0, pclath, cstack
 Tracked objects:
		On entry : 
		On exit  : 
		Unchanged: 
 Data sizes:     COMMON   BANK0   BANK1   BANK3   BANK2
      Params:         0       0       0       0       0
      Locals:         0       0       0       0       0
      Temps:          0       0       0       0       0
      Totals:         0       0       0       0       0
Total ram usage:        0 bytes
 Hardware stack levels used:    1
 Hardware stack levels required when called:    4
 This function calls:
		_I2C_Master_Start
		_I2C_Master_Stop
		_I2C_Master_Write
 This function is called by:
		_main
 This function uses a non-reentrant model


 *************** function _I2C_Master_Write *****************
 Defined at:
		line 84 in file "I2C.c"
 Parameters:    Size  Location     Type
  d               2    4[COMMON] unsigned int 
 Auto vars:     Size  Location     Type
		None
 Return value:  Size  Location     Type
                  1    wreg      void 
 Registers used:
		wreg, status,2, status,0, pclath, cstack
 Tracked objects:
		On entry : 
		On exit  : 
		Unchanged: 
 Data sizes:     COMMON   BANK0   BANK1   BANK3   BANK2
      Params:         2       0       0       0       0
      Locals:         0       0       0       0       0
      Temps:          0       0       0       0       0
      Totals:         2       0       0       0       0
Total ram usage:        2 bytes
 Hardware stack levels used:    1
 Hardware stack levels required when called:    3
 This function calls:
		_I2C_Master_Wait
 This function is called by:
		_main
		_Write_to_RTC
 This function uses a non-reentrant model


 *************** function _I2C_Master_Stop *****************
 Defined at:
		line 73 in file "I2C.c"
 Parameters:    Size  Location     Type
		None
 Auto vars:     Size  Location     Type
		None
 Return value:  Size  Location     Type
                  1    wreg      void 
 Registers used:
		wreg, status,2, status,0, pclath, cstack
 Tracked objects:
		On entry : 
		On exit  : 
		Unchanged: 
 Data sizes:     COMMON   BANK0   BANK1   BANK3   BANK2
      Params:         0       0       0       0       0
      Locals:         0       0       0       0       0
      Temps:          0       0       0       0       0
      Totals:         0       0       0       0       0
Total ram usage:        0 bytes
 Hardware stack levels used:    1
 Hardware stack levels required when called:    3
 This function calls:
		_I2C_Master_Wait
 This function is called by:
		_main
		_Write_to_RTC
 This function uses a non-reentrant model


 *************** function _I2C_Master_Start *****************
 Defined at:
		line 56 in file "I2C.c"
 Parameters:    Size  Location     Type
		None
 Auto vars:     Size  Location     Type
		None
 Return value:  Size  Location     Type
                  1    wreg      void 
 Registers used:
		wreg, status,2, status,0, pclath, cstack
 Tracked objects:
		On entry : 
		On exit  : 
		Unchanged: 
 Data sizes:     COMMON   BANK0   BANK1   BANK3   BANK2
      Params:         0       0       0       0       0
      Locals:         0       0       0       0       0
      Temps:          0       0       0       0       0
      Totals:         0       0       0       0       0
Total ram usage:        0 bytes
 Hardware stack levels used:    1
 Hardware stack levels required when called:    3
 This function calls:
		_I2C_Master_Wait
 This function is called by:
		_main
		_Write_to_RTC
 This function uses a non-reentrant model


 *************** function _Write_USART_String *****************
 Defined at:
		line 37 in file "USART.c"
 Parameters:    Size  Location     Type
  a               1    wreg     PTR unsigned char 
		 -> sec_send(8), 
 Auto vars:     Size  Location     Type
  a               1    0[BANK0 ] PTR unsigned char 
		 -> sec_send(8), 
  i               1    1[BANK0 ] unsigned char 
 Return value:  Size  Location     Type
                  1    wreg      void 
 Registers used:
		wreg, fsr0l, fsr0h, status,2, status,0, pclath, cstack
 Tracked objects:
		On entry : 
		On exit  : 
		Unchanged: 
 Data sizes:     COMMON   BANK0   BANK1   BANK3   BANK2
      Params:         0       0       0       0       0
      Locals:         0       2       0       0       0
      Temps:          1       0       0       0       0
      Totals:         1       2       0       0       0
Total ram usage:        3 bytes
 Hardware stack levels used:    1
 Hardware stack levels required when called:    3
 This function calls:
		_Write_USART
 This function is called by:
		_main
 This function uses a non-reentrant model


 *************** function _Write_USART *****************
 Defined at:
		line 33 in file "USART.c"
 Parameters:    Size  Location     Type
  a               1    wreg     unsigned char 
 Auto vars:     Size  Location     Type
  a               1    4[COMMON] unsigned char 
 Return value:  Size  Location     Type
                  1    wreg      void 
 Registers used:
		wreg
 Tracked objects:
		On entry : 
		On exit  : 
		Unchanged: 
 Data sizes:     COMMON   BANK0   BANK1   BANK3   BANK2
      Params:         0       0       0       0       0
      Locals:         1       0       0       0       0
      Temps:          0       0       0       0       0
      Totals:         1       0       0       0       0
Total ram usage:        1 bytes
 Hardware stack levels used:    1
 Hardware stack levels required when called:    2
 This function calls:
		Nothing
 This function is called by:
		_main
		_Write_USART_String
 This function uses a non-reentrant model


 *************** function _RTC_display *****************
 Defined at:
		line 217 in file "main_prueba3_mini2.c"
 Parameters:    Size  Location     Type
		None
 Auto vars:     Size  Location     Type
		None
 Return value:  Size  Location     Type
                  1    wreg      void 
 Registers used:
		wreg, fsr0l, fsr0h, status,2, status,0, btemp+1, pclath, cstack
 Tracked objects:
		On entry : 
		On exit  : 
		Unchanged: 
 Data sizes:     COMMON   BANK0   BANK1   BANK3   BANK2
      Params:         0       0       0       0       0
      Locals:         0       0       0       0       0
      Temps:          0       3       0       0       0
      Totals:         0       3       0       0       0
Total ram usage:        3 bytes
 Hardware stack levels used:    1
 Hardware stack levels required when called:    4
 This function calls:
		___awdiv
		___awmod
		_bcd_to_decimal
		_sprintf
 This function is called by:
		_main
 This function uses a non-reentrant model


 *************** function _sprintf *****************
 Defined at:
		line 505 in file "C:\Program Files\Microchip\xc8\v2.31\pic\sources\c90\common\doprnt.c"
 Parameters:    Size  Location     Type
  sp              1    wreg     PTR unsigned char 
		 -> year_send(8), month_send(8), day_send(8), hour_send(8), 
		 -> min_send(8), sec_send(8), 
  f               1   12[BANK0 ] PTR const unsigned char 
		 -> STR_6(4), STR_5(5), STR_4(5), STR_3(5), 
		 -> STR_2(5), STR_1(3), 
 Auto vars:     Size  Location     Type
  sp              1   26[BANK0 ] PTR unsigned char 
		 -> year_send(8), month_send(8), day_send(8), hour_send(8), 
		 -> min_send(8), sec_send(8), 
  tmpval          4    0        struct .
  width           2   23[BANK0 ] int 
  val             2   20[BANK0 ] unsigned int 
  cp              2    0        PTR const unsigned char 
  len             2    0        unsigned int 
  c               1   25[BANK0 ] unsigned char 
  flag            1   22[BANK0 ] unsigned char 
  prec            1   19[BANK0 ] char 
  ap              1   18[BANK0 ] PTR void [1]
		 -> ?_sprintf(2), 
 Return value:  Size  Location     Type
                  2   12[BANK0 ] int 
 Registers used:
		wreg, fsr0l, fsr0h, status,2, status,0, btemp+1, pclath, cstack
 Tracked objects:
		On entry : 
		On exit  : 
		Unchanged: 
 Data sizes:     COMMON   BANK0   BANK1   BANK3   BANK2
      Params:         0       3       0       0       0
      Locals:         0       9       0       0       0
      Temps:          0       3       0       0       0
      Totals:         0      15       0       0       0
Total ram usage:       15 bytes
 Hardware stack levels used:    1
 Hardware stack levels required when called:    3
 This function calls:
		___lwdiv
		___lwmod
		___wmul
		_isdigit
 This function is called by:
		_RTC_display
 This function uses a non-reentrant model


 *************** function _isdigit *****************
 Defined at:
		line 8 in file "C:\Program Files\Microchip\xc8\v2.31\pic\sources\c90\common\isdigit.c"
 Parameters:    Size  Location     Type
  c               1    wreg     unsigned char 
 Auto vars:     Size  Location     Type
  c               1    5[COMMON] unsigned char 
 Return value:  Size  Location     Type
		None               void
 Registers used:
		wreg, status,2, status,0
 Tracked objects:
		On entry : 
		On exit  : 
		Unchanged: 
 Data sizes:     COMMON   BANK0   BANK1   BANK3   BANK2
      Params:         0       0       0       0       0
      Locals:         2       0       0       0       0
      Temps:          0       0       0       0       0
      Totals:         2       0       0       0       0
Total ram usage:        2 bytes
 Hardware stack levels used:    1
 Hardware stack levels required when called:    2
 This function calls:
		Nothing
 This function is called by:
		_sprintf
 This function uses a non-reentrant model


 *************** function ___wmul *****************
 Defined at:
		line 15 in file "C:\Program Files\Microchip\xc8\v2.31\pic\sources\c90\common\Umul16.c"
 Parameters:    Size  Location     Type
  multiplier      2    0[BANK0 ] unsigned int 
  multiplicand    2    2[BANK0 ] unsigned int 
 Auto vars:     Size  Location     Type
  product         2    4[COMMON] unsigned int 
 Return value:  Size  Location     Type
                  2    0[BANK0 ] unsigned int 
 Registers used:
		wreg, status,2, status,0
 Tracked objects:
		On entry : 
		On exit  : 
		Unchanged: 
 Data sizes:     COMMON   BANK0   BANK1   BANK3   BANK2
      Params:         0       4       0       0       0
      Locals:         2       0       0       0       0
      Temps:          0       0       0       0       0
      Totals:         2       4       0       0       0
Total ram usage:        6 bytes
 Hardware stack levels used:    1
 Hardware stack levels required when called:    2
 This function calls:
		Nothing
 This function is called by:
		_sprintf
 This function uses a non-reentrant model


 *************** function ___lwmod *****************
 Defined at:
		line 5 in file "C:\Program Files\Microchip\xc8\v2.31\pic\sources\c90\common\lwmod.c"
 Parameters:    Size  Location     Type
  divisor         2    7[BANK0 ] unsigned int 
  dividend        2    9[BANK0 ] unsigned int 
 Auto vars:     Size  Location     Type
  counter         1   11[BANK0 ] unsigned char 
 Return value:  Size  Location     Type
                  2    7[BANK0 ] unsigned int 
 Registers used:
		wreg, status,2, status,0
 Tracked objects:
		On entry : 
		On exit  : 
		Unchanged: 
 Data sizes:     COMMON   BANK0   BANK1   BANK3   BANK2
      Params:         0       4       0       0       0
      Locals:         0       1       0       0       0
      Temps:          1       0       0       0       0
      Totals:         1       5       0       0       0
Total ram usage:        6 bytes
 Hardware stack levels used:    1
 Hardware stack levels required when called:    2
 This function calls:
		Nothing
 This function is called by:
		_sprintf
 This function uses a non-reentrant model


 *************** function ___lwdiv *****************
 Defined at:
		line 5 in file "C:\Program Files\Microchip\xc8\v2.31\pic\sources\c90\common\lwdiv.c"
 Parameters:    Size  Location     Type
  divisor         2    0[BANK0 ] unsigned int 
  dividend        2    2[BANK0 ] unsigned int 
 Auto vars:     Size  Location     Type
  quotient        2    5[BANK0 ] unsigned int 
  counter         1    4[BANK0 ] unsigned char 
 Return value:  Size  Location     Type
                  2    0[BANK0 ] unsigned int 
 Registers used:
		wreg, status,2, status,0
 Tracked objects:
		On entry : 
		On exit  : 
		Unchanged: 
 Data sizes:     COMMON   BANK0   BANK1   BANK3   BANK2
      Params:         0       4       0       0       0
      Locals:         0       3       0       0       0
      Temps:          1       0       0       0       0
      Totals:         1       7       0       0       0
Total ram usage:        8 bytes
 Hardware stack levels used:    1
 Hardware stack levels required when called:    2
 This function calls:
		Nothing
 This function is called by:
		_sprintf
 This function uses a non-reentrant model


 *************** function _bcd_to_decimal *****************
 Defined at:
		line 208 in file "main_prueba3_mini2.c"
 Parameters:    Size  Location     Type
  number          1    wreg     unsigned char 
 Auto vars:     Size  Location     Type
  number          1    5[BANK0 ] unsigned char 
 Return value:  Size  Location     Type
                  1    wreg      unsigned char 
 Registers used:
		wreg, status,2, status,0, pclath, cstack
 Tracked objects:
		On entry : 
		On exit  : 
		Unchanged: 
 Data sizes:     COMMON   BANK0   BANK1   BANK3   BANK2
      Params:         0       0       0       0       0
      Locals:         0       1       0       0       0
      Temps:          0       3       0       0       0
      Totals:         0       4       0       0       0
Total ram usage:        4 bytes
 Hardware stack levels used:    1
 Hardware stack levels required when called:    3
 This function calls:
		___bmul
 This function is called by:
		_RTC_display
 This function uses a non-reentrant model


 *************** function ___bmul *****************
 Defined at:
		line 4 in file "C:\Program Files\Microchip\xc8\v2.31\pic\sources\c90\common\Umul8.c"
 Parameters:    Size  Location     Type
  multiplier      1    wreg     unsigned char 
  multiplicand    1    4[COMMON] unsigned char 
 Auto vars:     Size  Location     Type
  multiplier      1    1[BANK0 ] unsigned char 
  product         1    0[BANK0 ] unsigned char 
 Return value:  Size  Location     Type
                  1    wreg      unsigned char 
 Registers used:
		wreg, status,2, status,0
 Tracked objects:
		On entry : 
		On exit  : 
		Unchanged: 
 Data sizes:     COMMON   BANK0   BANK1   BANK3   BANK2
      Params:         1       0       0       0       0
      Locals:         0       2       0       0       0
      Temps:          1       0       0       0       0
      Totals:         2       2       0       0       0
Total ram usage:        4 bytes
 Hardware stack levels used:    1
 Hardware stack levels required when called:    2
 This function calls:
		Nothing
 This function is called by:
		_bcd_to_decimal
 This function uses a non-reentrant model


 *************** function ___awmod *****************
 Defined at:
		line 5 in file "C:\Program Files\Microchip\xc8\v2.31\pic\sources\c90\common\awmod.c"
 Parameters:    Size  Location     Type
  divisor         2    0[BANK0 ] int 
  dividend        2    2[BANK0 ] int 
 Auto vars:     Size  Location     Type
  sign            1    5[BANK0 ] unsigned char 
  counter         1    4[BANK0 ] unsigned char 
 Return value:  Size  Location     Type
                  2    0[BANK0 ] int 
 Registers used:
		wreg, status,2, status,0
 Tracked objects:
		On entry : 
		On exit  : 
		Unchanged: 
 Data sizes:     COMMON   BANK0   BANK1   BANK3   BANK2
      Params:         0       4       0       0       0
      Locals:         0       2       0       0       0
      Temps:          1       0       0       0       0
      Totals:         1       6       0       0       0
Total ram usage:        7 bytes
 Hardware stack levels used:    1
 Hardware stack levels required when called:    2
 This function calls:
		Nothing
 This function is called by:
		_RTC_display
 This function uses a non-reentrant model


 *************** function ___awdiv *****************
 Defined at:
		line 5 in file "C:\Program Files\Microchip\xc8\v2.31\pic\sources\c90\common\awdiv.c"
 Parameters:    Size  Location     Type
  divisor         2    0[BANK0 ] int 
  dividend        2    2[BANK0 ] int 
 Auto vars:     Size  Location     Type
  quotient        2    6[BANK0 ] int 
  sign            1    5[BANK0 ] unsigned char 
  counter         1    4[BANK0 ] unsigned char 
 Return value:  Size  Location     Type
                  2    0[BANK0 ] int 
 Registers used:
		wreg, status,2, status,0
 Tracked objects:
		On entry : 
		On exit  : 
		Unchanged: 
 Data sizes:     COMMON   BANK0   BANK1   BANK3   BANK2
      Params:         0       4       0       0       0
      Locals:         0       4       0       0       0
      Temps:          1       0       0       0       0
      Totals:         1       8       0       0       0
Total ram usage:        9 bytes
 Hardware stack levels used:    1
 Hardware stack levels required when called:    2
 This function calls:
		Nothing
 This function is called by:
		_RTC_display
 This function uses a non-reentrant model


 *************** function _I2C_Master_RepeatedStart *****************
 Defined at:
		line 64 in file "I2C.c"
 Parameters:    Size  Location     Type
		None
 Auto vars:     Size  Location     Type
		None
 Return value:  Size  Location     Type
                  1    wreg      void 
 Registers used:
		wreg, status,2, status,0, pclath, cstack
 Tracked objects:
		On entry : 
		On exit  : 
		Unchanged: 
 Data sizes:     COMMON   BANK0   BANK1   BANK3   BANK2
      Params:         0       0       0       0       0
      Locals:         0       0       0       0       0
      Temps:          0       0       0       0       0
      Totals:         0       0       0       0       0
Total ram usage:        0 bytes
 Hardware stack levels used:    1
 Hardware stack levels required when called:    3
 This function calls:
		_I2C_Master_Wait
 This function is called by:
		_main
 This function uses a non-reentrant model


 *************** function _I2C_Master_Read *****************
 Defined at:
		line 94 in file "I2C.c"
 Parameters:    Size  Location     Type
  a               2    4[COMMON] unsigned short 
 Auto vars:     Size  Location     Type
  temp            2    2[BANK0 ] unsigned short 
 Return value:  Size  Location     Type
                  2    4[COMMON] unsigned short 
 Registers used:
		wreg, status,2, status,0, pclath, cstack
 Tracked objects:
		On entry : 
		On exit  : 
		Unchanged: 
 Data sizes:     COMMON   BANK0   BANK1   BANK3   BANK2
      Params:         2       0       0       0       0
      Locals:         0       2       0       0       0
      Temps:          0       2       0       0       0
      Totals:         2       4       0       0       0
Total ram usage:        6 bytes
 Hardware stack levels used:    1
 Hardware stack levels required when called:    3
 This function calls:
		_I2C_Master_Wait
 This function is called by:
		_main
 This function uses a non-reentrant model


 *************** function _I2C_Master_Wait *****************
 Defined at:
		line 48 in file "I2C.c"
 Parameters:    Size  Location     Type
		None
 Auto vars:     Size  Location     Type
		None
 Return value:  Size  Location     Type
                  1    wreg      void 
 Registers used:
		wreg, status,2
 Tracked objects:
		On entry : 
		On exit  : 
		Unchanged: 
 Data sizes:     COMMON   BANK0   BANK1   BANK3   BANK2
      Params:         0       0       0       0       0
      Locals:         0       0       0       0       0
      Temps:          0       0       0       0       0
      Totals:         0       0       0       0       0
Total ram usage:        0 bytes
 Hardware stack levels used:    1
 Hardware stack levels required when called:    2
 This function calls:
		Nothing
 This function is called by:
		_I2C_Master_Start
		_I2C_Master_RepeatedStart
		_I2C_Master_Stop
		_I2C_Master_Write
		_I2C_Master_Read
 This function uses a non-reentrant model


 *************** function _ISR *****************
 Defined at:
		line 97 in file "main_prueba3_mini2.c"
 Parameters:    Size  Location     Type
		None
 Auto vars:     Size  Location     Type
		None
 Return value:  Size  Location     Type
                  1    wreg      void 
 Registers used:
		wreg, status,2, status,0, pclath, cstack
 Tracked objects:
		On entry : 
		On exit  : 
		Unchanged: 
 Data sizes:     COMMON   BANK0   BANK1   BANK3   BANK2
      Params:         0       0       0       0       0
      Locals:         0       0       0       0       0
      Temps:          4       0       0       0       0
      Totals:         4       0       0       0       0
Total ram usage:        4 bytes
 Hardware stack levels used:    1
 Hardware stack levels required when called:    1
 This function calls:
		_Read_USART
 This function is called by:
		Interrupt level 1
 This function uses a non-reentrant model


 *************** function _Read_USART *****************
 Defined at:
		line 43 in file "USART.c"
 Parameters:    Size  Location     Type
		None
 Auto vars:     Size  Location     Type
		None
 Return value:  Size  Location     Type
                  1    wreg      unsigned char 
 Registers used:
		wreg
 Tracked objects:
		On entry : 
		On exit  : 
		Unchanged: 
 Data sizes:     COMMON   BANK0   BANK1   BANK3   BANK2
      Params:         0       0       0       0       0
      Locals:         0       0       0       0       0
      Temps:          0       0       0       0       0
      Totals:         0       0       0       0       0
Total ram usage:        0 bytes
 Hardware stack levels used:    1
 This function calls:
		Nothing
 This function is called by:
		_ISR
 This function uses a non-reentrant model



MODULE INFORMATION

Module		Function		Class		Link	Load	Size
USART.c
		_Write_USART_String		CODE           	0FB7	0000	34
		_USART_INTERRUPT		CODE           	0EEE	0000	6
		_Write_USART   		CODE           	0F2F	0000	12
		_Read_USART    		CODE           	0EFA	0000	8
		_USART_Init_BaudRate		CODE           	0EF4	0000	6
		_USART_Init    		CODE           	0F3B	0000	12

USART.c estimated size: 78

C:\Program Files\Microchip\xc8\v2.31\pic\sources\c90\common\__lldiv.c
		___lldiv       		CODE           	056F	0000	104

C:\Program Files\Microchip\xc8\v2.31\pic\sources\c90\common\__lldiv.c estimated size: 104

C:\Program Files\Microchip\xc8\v2.31\pic\sources\c90\common\doprnt.c
		_sprintf       		CODE           	022E	0000	468

C:\Program Files\Microchip\xc8\v2.31\pic\sources\c90\common\doprnt.c estimated size: 468

C:\Program Files\Microchip\xc8\v2.31\pic\sources\c90\common\lwmod.c
		___lwmod       		CODE           	0716	0000	60

C:\Program Files\Microchip\xc8\v2.31\pic\sources\c90\common\lwmod.c estimated size: 60

C:\Program Files\Microchip\xc8\v2.31\pic\sources\c90\common\awmod.c
		___awmod       		CODE           	05D7	0000	91

C:\Program Files\Microchip\xc8\v2.31\pic\sources\c90\common\awmod.c estimated size: 91

C:\Program Files\Microchip\xc8\v2.31\pic\sources\c90\common\Umul16.c
		___wmul        		CODE           	0FD9	0000	39

C:\Program Files\Microchip\xc8\v2.31\pic\sources\c90\common\Umul16.c estimated size: 39

I2C.c
		_I2C_Master_Read		CODE           	07BD	0000	48
		_I2C_Master_Wait		CODE           	0F47	0000	13
		_I2C_Master_Init		CODE           	0752	0000	58
		_I2C_Master_Stop		CODE           	0F1C	0000	9
		_I2C_Master_RepeatedStart		CODE           	0F0A	0000	9
		_I2C_Master_Write		CODE           	0F25	0000	10
		_I2C_Master_Start		CODE           	0F13	0000	9

I2C.c estimated size: 156

main_prueba3_mini2.c
		_ISR           		CODE           	06D2	0000	68
		_RTC_display   		CODE           	0035	0000	505
		_main          		CODE           	0402	0000	260
		_bcd_to_decimal		CODE           	0F7D	0000	28
		_setup         		CODE           	078C	0000	49
		_Write_to_RTC  		CODE           	0632	0000	90

main_prueba3_mini2.c estimated size: 1000

C:\Program Files\Microchip\xc8\v2.31\pic\sources\c90\common\isdigit.c
		_isdigit       		CODE           	0F54	0000	18

C:\Program Files\Microchip\xc8\v2.31\pic\sources\c90\common\isdigit.c estimated size: 18

C:\Program Files\Microchip\xc8\v2.31\pic\sources\c90\common\lwdiv.c
		___lwdiv       		CODE           	068C	0000	70

C:\Program Files\Microchip\xc8\v2.31\pic\sources\c90\common\lwdiv.c estimated size: 70

C:\Program Files\Microchip\xc8\v2.31\pic\sources\c90\common\awdiv.c
		___awdiv       		CODE           	0506	0000	105

C:\Program Files\Microchip\xc8\v2.31\pic\sources\c90\common\awdiv.c estimated size: 105

shared
		__stringtab    		STRING         	0800	0000	6
		_dpowers       		STRING         	0806	0000	10
		__initialization		CODE           	000F	0000	34

shared estimated size: 50

C:\Program Files\Microchip\xc8\v2.31\pic\sources\c90\common\Umul8.c
		___bmul        		CODE           	0F66	0000	23

C:\Program Files\Microchip\xc8\v2.31\pic\sources\c90\common\Umul8.c estimated size: 23

