Microchip MPLAB XC8 Compiler V2.31

Linker command line:

-W-3 --edf=C:\Program Files\Microchip\xc8\v2.31\pic\dat\en_msgs.txt -cn \
  -h+dist/default/production\MAESTRO_mini1.X.production.sym \
  --cmf=dist/default/production\MAESTRO_mini1.X.production.cmf -z -Q16F887 \
  -oC:\Users\cnata\AppData\Local\Temp\sj3g.4 --defsym=__MPLAB_BUILD=1 \
  -Mdist/default/production/MAESTRO_mini1.X.production.map -E1 \
  -ver=XC8 Compiler --acfsm=1493 -ASTACK=0110h-016Fh -pstack=STACK \
  -ACODE=00h-07FFhx4 -ASTRCODE=00h-01FFFh -ASTRING=00h-0FFhx32 \
  -ACONST=00h-0FFhx32 -AENTRY=00h-0FFhx32 -ACOMMON=070h-07Fh \
  -ABANK0=020h-06Fh -ABANK1=0A0h-0EFh -ABANK2=0110h-016Fh \
  -ABANK3=0190h-01EFh -ARAM=020h-06Fh,0A0h-0EFh,0110h-016Fh,0190h-01EFh \
  -AABS1=020h-07Fh,0A0h-0EFh,0110h-016Fh,0190h-01EFh -ASFR0=00h-01Fh \
  -ASFR1=080h-09Fh -ASFR2=0100h-010Fh -ASFR3=0180h-018Fh \
  -ACONFIG=02007h-02008h -DCONFIG=2 -AIDLOC=02000h-02003h -DIDLOC=2 \
  -AEEDATA=00h-0FFh/02100h -peeprom_data=EEDATA -DEEDATA=2 -DCODE=2 \
  -DSTRCODE=2 -DSTRING=2 -DCONST=2 -DENTRY=2 \
  -preset_vec=00h,intentry=04h,init,end_init -ppowerup=CODE -pcinit=CODE \
  -pfunctab=ENTRY -k C:\Users\cnata\AppData\Local\Temp\sj3g.o \
  dist/default/production\MAESTRO_mini1.X.production.o 

Object code version is 3.11

Machine type is 16F887



                Name                               Link     Load   Length Selector   Space Scale
C:\Users\cnata\AppData\Local\Temp\sj3g.o
                end_init                              C        C        3        8       0
                reset_vec                             0        0        3        0       0
                config                             2007     2007        2        0       4
dist/default/production\MAESTRO_mini1.X.production.o
                cinit                                 F        F        D        8       0
                intentry                              4        4        8        8       0
                config                             2007     2007        2        0       4
                text15                              211      211        7      29A       0
                text14                              224      224        6      29A       0
                text13                              1B8      1B8       1A      29A       0
                text12                              1E8      1E8        D      29A       0
                text11                               78       78       4B        8       0
                text10                              172      172       24      29A       0
                text9                               1D2      1D2       16      29A       0
                text8                               14D      14D       25      29A       0
                text7                               1F5      1F5        C      29A       0
                text6                               196      196       22      29A       0
                text5                               21E      21E        6      29A       0
                text4                               209      209        8      29A       0
                text3                               218      218        6      29A       0
                text2                                1C       1C       5C        8       0
                text1                                FF       FF       29        8       0
                maintext                             C3       C3       3C        8       0
                cstackBANK0                          34       34        3       20       1
                cstackCOMMON                         70       70        A       70       1
                clrtext                             201      201        8      29A       0
                bssBANK0                             20       20       14       20       1
                strings                             128      128       25      250       0

TOTAL           Name                               Link     Load   Length     Space
        CLASS   STACK          

        CLASS   CODE           
                end_init                              C        C        3         0
                cinit                                 F        F        D         0
                intentry                              4        4        8         0
                reset_vec                             0        0        3         0
                text15                              211      211        7         0
                text14                              224      224        6         0
                text13                              1B8      1B8       1A         0
                text12                              1E8      1E8        D         0
                text11                               78       78       4B         0
                text10                              172      172       24         0
                text9                               1D2      1D2       16         0
                text8                               14D      14D       25         0
                text7                               1F5      1F5        C         0
                text6                               196      196       22         0
                text5                               21E      21E        6         0
                text4                               209      209        8         0
                text3                               218      218        6         0
                text2                                1C       1C       5C         0
                text1                                FF       FF       29         0
                maintext                             C3       C3       3C         0
                clrtext                             201      201        8         0

        CLASS   STRCODE        

        CLASS   STRING         
                strings                             128      128       25         0

        CLASS   CONST          

        CLASS   ENTRY          

        CLASS   COMMON         
                cstackCOMMON                         70       70        A         1

        CLASS   BANK0          
                cstackBANK0                          34       34        3         1
                bssBANK0                             20       20       14         1

        CLASS   BANK1          

        CLASS   BANK2          

        CLASS   BANK3          

        CLASS   RAM            

        CLASS   ABS1           
                abs_s1                               7E       7E        2         1

        CLASS   SFR0           

        CLASS   SFR1           

        CLASS   SFR2           

        CLASS   SFR3           

        CLASS   CONFIG         
                config                             2007     2007        2         4

        CLASS   IDLOC          

        CLASS   EEDATA         



SEGMENTS        Name                           Load    Length   Top    Selector   Space  Class     Delta

                reset_vec                      000000  000003  000003         0       0  CODE        2
                intentry                       000004  000124  000128         8       0  CODE        2
                bssBANK0                       000020  000017  000037        20       1  BANK0       1
                cstackCOMMON                   000070  00000A  00007A        70       1  COMMON      1
                strings                        000128  000025  00014D       250       0  STRING      2
                text8                          00014D  0000DD  00022A       29A       0  CODE        2


UNUSED ADDRESS RANGES

        Name                Unused          Largest block    Delta
        BANK0            0037-006F             39           1
        BANK1            00A0-00EF             50           1
        BANK2            0110-016F             60           1
        BANK3            0190-01EF             60           1
        CODE             0003-0003              1           2
                         022A-1FFF            800
        COMMON           007A-007D              4           1
        CONST            0003-0003              1           2
                         022A-1FFF            100
        EEDATA           2100-21FF            100           2
        ENTRY            0003-0003              1           2
                         022A-1FFF            100
        IDLOC            2000-2003              4           2
        RAM              0037-006F             39           1
                         00A0-00EF             50
                         0110-016F             60
                         0190-01EF             60
        SFR0             0000-001F             20           1
        SFR1             0080-009F             20           1
        SFR2             0100-010F             10           1
        SFR3             0180-018F             10           1
        STACK            0110-016F             60           1
        STRCODE          0003-0003              1           2
                         022A-1FFF           1DD6
        STRING           0003-0003              1           2
                         022A-1FFF            100

                                  Symbol Table

Lcd_Cmd@a                     cstackCOMMON 0075
Lcd_Port@a                    cstackCOMMON 0072
Lcd_Set_Cursor@a              cstackCOMMON 0078
Lcd_Set_Cursor@b              cstackCOMMON 0076
Lcd_Set_Cursor@temp           cstackCOMMON 0079
Lcd_Write_Char@a              cstackCOMMON 0074
Lcd_Write_String@a            cstackCOMMON 0077
Lcd_Write_String@i            cstackCOMMON 0075
Write_USART@a                 cstackCOMMON 0072
Write_USART_String@a          cstackCOMMON 0074
Write_USART_String@i          cstackCOMMON 0075
_ANSEL                        (abs)        0188
_ANSELH                       (abs)        0189
_INTCONbits                   (abs)        000B
_ISR                          text15       0211
_Lcd_Clear                    text12       01E8
_Lcd_Cmd                      text13       01B8
_Lcd_Init                     text11       0078
_Lcd_Port                     text14       0224
_Lcd_Set_Cursor               text10       0172
_Lcd_Write_Char               text9        01D2
_Lcd_Write_String             text8        014D
_OSCCONbits                   (abs)        008F
_PIE1bits                     (abs)        008C
_PORTA                        (abs)        0005
_PORTB                        (abs)        0006
_PORTC                        (abs)        0007
_PORTD                        (abs)        0008
_PORTE                        (abs)        0009
_PORTEbits                    (abs)        0009
_RCIF                         (abs)        0065
_RCREG                        (abs)        001A
_RCSTAbits                    (abs)        0018
_SPBRG                        (abs)        0099
_SPBRGH                       (abs)        009A
_TRISA                        (abs)        0085
_TRISB                        (abs)        0086
_TRISCbits                    (abs)        0087
_TRISD                        (abs)        0088
_TRISE                        (abs)        0089
_TRMT                         (abs)        04C1
_TXREG                        (abs)        0019
_TXSTAbits                    (abs)        0098
_USART_INTERRUPT              text5        021E
_USART_Init                   text4        0209
_USART_Init_BaudRate          text3        0218
_Write_USART                  text7        01F5
_Write_USART_String           text6        0196
__Habs1                       abs1         0000
__Hbank0                      bank0        0000
__Hbank1                      bank1        0000
__Hbank2                      bank2        0000
__Hbank3                      bank3        0000
__HbssBANK0                   bssBANK0     0000
__Hcinit                      cinit        001C
__Hclrtext                    clrtext      0000
__Hcode                       code         0000
__Hcommon                     common       0000
__Hconfig                     config       2009
__HcstackBANK0                cstackBANK0  0000
__HcstackCOMMON               cstackCOMMON 0000
__Heeprom_data                eeprom_data  0000
__Hend_init                   end_init     000F
__Hfunctab                    functab      0000
__Hinit                       init         000C
__Hintentry                   intentry     000C
__Hmaintext                   maintext     0000
__Hpowerup                    powerup      0000
__Hram                        ram          0000
__Hreset_vec                  reset_vec    0003
__Hsfr0                       sfr0         0000
__Hsfr1                       sfr1         0000
__Hsfr2                       sfr2         0000
__Hsfr3                       sfr3         0000
__Hspace_0                    (abs)        022A
__Hspace_1                    (abs)        007A
__Hspace_2                    (abs)        0000
__Hspace_3                    (abs)        0000
__Hspace_4                    (abs)        4010
__Hstack                      stack        0000
__Hstrings                    strings      0000
__Htext                       text         0000
__Labs1                       abs1         0000
__Lbank0                      bank0        0000
__Lbank1                      bank1        0000
__Lbank2                      bank2        0000
__Lbank3                      bank3        0000
__LbssBANK0                   bssBANK0     0000
__Lcinit                      cinit        000F
__Lclrtext                    clrtext      0000
__Lcode                       code         0000
__Lcommon                     common       0000
__Lconfig                     config       0000
__LcstackBANK0                cstackBANK0  0000
__LcstackCOMMON               cstackCOMMON 0000
__Leeprom_data                eeprom_data  0000
__Lend_init                   end_init     000C
__Lfunctab                    functab      0000
__Linit                       init         000C
__Lintentry                   intentry     0004
__Lmaintext                   maintext     0000
__Lpowerup                    powerup      0000
__Lram                        ram          0000
__Lreset_vec                  reset_vec    0000
__Lsfr0                       sfr0         0000
__Lsfr1                       sfr1         0000
__Lsfr2                       sfr2         0000
__Lsfr3                       sfr3         0000
__Lspace_0                    (abs)        0000
__Lspace_1                    (abs)        0000
__Lspace_2                    (abs)        0000
__Lspace_3                    (abs)        0000
__Lspace_4                    (abs)        0000
__Lstack                      stack        0000
__Lstrings                    strings      0000
__Ltext                       text         0000
__S0                          (abs)        022A
__S1                          (abs)        007A
__S2                          (abs)        0000
__S3                          (abs)        0000
___int_sp                     stack        0000
___latbits                    (abs)        0002
___sp                         stack        0000
___stackhi                    (abs)        0000
___stacklo                    (abs)        0000
__end_of_ISR                  text15       0218
__end_of_Lcd_Clear            text12       01F5
__end_of_Lcd_Cmd              text13       01D2
__end_of_Lcd_Init             text11       00C3
__end_of_Lcd_Port             text14       022A
__end_of_Lcd_Set_Cursor       text10       0196
__end_of_Lcd_Write_Char       text9        01E8
__end_of_Lcd_Write_String     text8        0172
__end_of_USART_INTERRUPT      text5        0224
__end_of_USART_Init           text4        0211
__end_of_USART_Init_BaudRate  text3        021E
__end_of_Write_USART          text7        0201
__end_of_Write_USART_String   text6        01B8
__end_of__initialization      cinit        0018
__end_of__stringtab           strings      012E
__end_of_initOsc              text2        0078
__end_of_main                 maintext     00FF
__end_of_setup                text1        0128
__initialization              cinit        000F
__pbssBANK0                   bssBANK0     0020
__pcstackBANK0                cstackBANK0  0034
__pcstackCOMMON               cstackCOMMON 0070
__pintentry                   intentry     0004
__pmaintext                   maintext     00C3
__pstrings                    strings      0128
__ptext1                      text1        00FF
__ptext10                     text10       0172
__ptext11                     text11       0078
__ptext12                     text12       01E8
__ptext13                     text13       01B8
__ptext14                     text14       0224
__ptext15                     text15       0211
__ptext2                      text2        001C
__ptext3                      text3        0218
__ptext4                      text4        0209
__ptext5                      text5        021E
__ptext6                      text6        0196
__ptext7                      text7        01F5
__ptext8                      text8        014D
__ptext9                      text9        01D2
__size_of_ISR                 (abs)        0000
__size_of_Lcd_Clear           (abs)        0000
__size_of_Lcd_Cmd             (abs)        0000
__size_of_Lcd_Init            (abs)        0000
__size_of_Lcd_Port            (abs)        0000
__size_of_Lcd_Set_Cursor      (abs)        0000
__size_of_Lcd_Write_Char      (abs)        0000
__size_of_Lcd_Write_String    (abs)        0000
__size_of_USART_INTERRUPT     (abs)        0000
__size_of_USART_Init          (abs)        0000
__size_of_USART_Init_BaudRate (abs)        0000
__size_of_Write_USART         (abs)        0000
__size_of_Write_USART_String  (abs)        0000
__size_of_initOsc             (abs)        0000
__size_of_main                (abs)        0000
__size_of_setup               (abs)        0000
__stringbase                  strings      012D
__stringtab                   strings      0128
_initOsc                      text2        001C
_main                         maintext     00C3
_setup                        text1        00FF
btemp                         (abs)        007E
clear_ram0                    clrtext      0201
end_of_initialization         cinit        0018
initOsc@IRCF                  cstackCOMMON 0074
interrupt_function            intentry     0004
intlevel0                     functab      0000
intlevel1                     functab      0000
intlevel2                     functab      0000
intlevel3                     functab      0000
intlevel4                     functab      0000
intlevel5                     functab      0000
reset_vec                     reset_vec    0000
saved_w                       (abs)        007E
start                         init         000C
start_initialization          cinit        000F
wtemp0                        (abs)        007E


FUNCTION INFORMATION:

 *************** function _main *****************
 Defined at:
		line 82 in file "main_maestro.c"
 Parameters:    Size  Location     Type
		None
 Auto vars:     Size  Location     Type
		None
 Return value:  Size  Location     Type
                  1    wreg      void 
 Registers used:
		wreg, fsr0l, fsr0h, status,2, status,0, pclath, cstack
 Tracked objects:
		On entry : 
		On exit  : 
		Unchanged: 
 Data sizes:     COMMON   BANK0   BANK1   BANK3   BANK2
      Params:         0       0       0       0       0
      Locals:         0       0       0       0       0
      Temps:          0       3       0       0       0
      Totals:         0       3       0       0       0
Total ram usage:        3 bytes
 Hardware stack levels required when called:    4
 This function calls:
		_Lcd_Clear
		_Lcd_Init
		_Lcd_Set_Cursor
		_Lcd_Write_String
		_Write_USART_String
		_setup
 This function is called by:
		Startup code after reset
 This function uses a non-reentrant model


 *************** function _setup *****************
 Defined at:
		line 111 in file "main_maestro.c"
 Parameters:    Size  Location     Type
		None
 Auto vars:     Size  Location     Type
		None
 Return value:  Size  Location     Type
                  1    wreg      void 
 Registers used:
		wreg, fsr0l, fsr0h, status,2, status,0, pclath, cstack
 Tracked objects:
		On entry : 
		On exit  : 
		Unchanged: 
 Data sizes:     COMMON   BANK0   BANK1   BANK3   BANK2
      Params:         0       0       0       0       0
      Locals:         0       0       0       0       0
      Temps:          0       0       0       0       0
      Totals:         0       0       0       0       0
Total ram usage:        0 bytes
 Hardware stack levels used:    1
 Hardware stack levels required when called:    2
 This function calls:
		_USART_INTERRUPT
		_USART_Init
		_USART_Init_BaudRate
		_initOsc
 This function is called by:
		_main
 This function uses a non-reentrant model


 *************** function _initOsc *****************
 Defined at:
		line 3 in file "Oscilador.c"
 Parameters:    Size  Location     Type
  IRCF            1    wreg     unsigned char 
 Auto vars:     Size  Location     Type
  IRCF            1    4[COMMON] unsigned char 
 Return value:  Size  Location     Type
                  1    wreg      void 
 Registers used:
		wreg, fsr0l, fsr0h, status,2, status,0
 Tracked objects:
		On entry : 
		On exit  : 
		Unchanged: 
 Data sizes:     COMMON   BANK0   BANK1   BANK3   BANK2
      Params:         0       0       0       0       0
      Locals:         1       0       0       0       0
      Temps:          2       0       0       0       0
      Totals:         3       0       0       0       0
Total ram usage:        3 bytes
 Hardware stack levels used:    1
 Hardware stack levels required when called:    1
 This function calls:
		Nothing
 This function is called by:
		_setup
 This function uses a non-reentrant model


 *************** function _USART_Init_BaudRate *****************
 Defined at:
		line 19 in file "USART.c"
 Parameters:    Size  Location     Type
		None
 Auto vars:     Size  Location     Type
		None
 Return value:  Size  Location     Type
                  1    wreg      void 
 Registers used:
		wreg, status,2
 Tracked objects:
		On entry : 
		On exit  : 
		Unchanged: 
 Data sizes:     COMMON   BANK0   BANK1   BANK3   BANK2
      Params:         0       0       0       0       0
      Locals:         0       0       0       0       0
      Temps:          0       0       0       0       0
      Totals:         0       0       0       0       0
Total ram usage:        0 bytes
 Hardware stack levels used:    1
 Hardware stack levels required when called:    1
 This function calls:
		Nothing
 This function is called by:
		_setup
 This function uses a non-reentrant model


 *************** function _USART_Init *****************
 Defined at:
		line 8 in file "USART.c"
 Parameters:    Size  Location     Type
		None
 Auto vars:     Size  Location     Type
		None
 Return value:  Size  Location     Type
                  1    wreg      void 
 Registers used:
		None
 Tracked objects:
		On entry : 
		On exit  : 
		Unchanged: 
 Data sizes:     COMMON   BANK0   BANK1   BANK3   BANK2
      Params:         0       0       0       0       0
      Locals:         0       0       0       0       0
      Temps:          0       0       0       0       0
      Totals:         0       0       0       0       0
Total ram usage:        0 bytes
 Hardware stack levels used:    1
 Hardware stack levels required when called:    1
 This function calls:
		Nothing
 This function is called by:
		_setup
 This function uses a non-reentrant model


 *************** function _USART_INTERRUPT *****************
 Defined at:
		line 24 in file "USART.c"
 Parameters:    Size  Location     Type
		None
 Auto vars:     Size  Location     Type
		None
 Return value:  Size  Location     Type
                  1    wreg      void 
 Registers used:
		None
 Tracked objects:
		On entry : 
		On exit  : 
		Unchanged: 
 Data sizes:     COMMON   BANK0   BANK1   BANK3   BANK2
      Params:         0       0       0       0       0
      Locals:         0       0       0       0       0
      Temps:          0       0       0       0       0
      Totals:         0       0       0       0       0
Total ram usage:        0 bytes
 Hardware stack levels used:    1
 Hardware stack levels required when called:    1
 This function calls:
		Nothing
 This function is called by:
		_setup
 This function uses a non-reentrant model


 *************** function _Write_USART_String *****************
 Defined at:
		line 37 in file "USART.c"
 Parameters:    Size  Location     Type
  a               1    wreg     PTR unsigned char 
		 -> STR_2(15), 
 Auto vars:     Size  Location     Type
  a               1    4[COMMON] PTR unsigned char 
		 -> STR_2(15), 
  i               1    5[COMMON] unsigned char 
 Return value:  Size  Location     Type
                  1    wreg      void 
 Registers used:
		wreg, fsr0l, fsr0h, status,2, status,0, pclath, cstack
 Tracked objects:
		On entry : 
		On exit  : 
		Unchanged: 
 Data sizes:     COMMON   BANK0   BANK1   BANK3   BANK2
      Params:         0       0       0       0       0
      Locals:         2       0       0       0       0
      Temps:          1       0       0       0       0
      Totals:         3       0       0       0       0
Total ram usage:        3 bytes
 Hardware stack levels used:    1
 Hardware stack levels required when called:    2
 This function calls:
		_Write_USART
 This function is called by:
		_main
 This function uses a non-reentrant model


 *************** function _Write_USART *****************
 Defined at:
		line 33 in file "USART.c"
 Parameters:    Size  Location     Type
  a               1    wreg     unsigned char 
 Auto vars:     Size  Location     Type
  a               1    2[COMMON] unsigned char 
 Return value:  Size  Location     Type
                  1    wreg      void 
 Registers used:
		wreg
 Tracked objects:
		On entry : 
		On exit  : 
		Unchanged: 
 Data sizes:     COMMON   BANK0   BANK1   BANK3   BANK2
      Params:         0       0       0       0       0
      Locals:         1       0       0       0       0
      Temps:          0       0       0       0       0
      Totals:         1       0       0       0       0
Total ram usage:        1 bytes
 Hardware stack levels used:    1
 Hardware stack levels required when called:    1
 This function calls:
		Nothing
 This function is called by:
		_Write_USART_String
 This function uses a non-reentrant model


 *************** function _Lcd_Write_String *****************
 Defined at:
		line 70 in file "LCD.c"
 Parameters:    Size  Location     Type
  a               1    wreg     PTR unsigned char 
		 -> STR_3(16), STR_1(16), 
 Auto vars:     Size  Location     Type
  a               1    7[COMMON] PTR unsigned char 
		 -> STR_3(16), STR_1(16), 
  i               2    5[COMMON] int 
 Return value:  Size  Location     Type
                  1    wreg      void 
 Registers used:
		wreg, fsr0l, fsr0h, status,2, status,0, pclath, cstack
 Tracked objects:
		On entry : 
		On exit  : 
		Unchanged: 
 Data sizes:     COMMON   BANK0   BANK1   BANK3   BANK2
      Params:         0       0       0       0       0
      Locals:         3       0       0       0       0
      Temps:          0       0       0       0       0
      Totals:         3       0       0       0       0
Total ram usage:        3 bytes
 Hardware stack levels used:    1
 Hardware stack levels required when called:    3
 This function calls:
		_Lcd_Write_Char
 This function is called by:
		_main
		_Show_val_LCD
 This function uses a non-reentrant model


 *************** function _Lcd_Write_Char *****************
 Defined at:
		line 61 in file "LCD.c"
 Parameters:    Size  Location     Type
  a               1    wreg     unsigned char 
 Auto vars:     Size  Location     Type
  a               1    4[COMMON] unsigned char 
 Return value:  Size  Location     Type
                  1    wreg      void 
 Registers used:
		wreg, status,2, status,0, pclath, cstack
 Tracked objects:
		On entry : 
		On exit  : 
		Unchanged: 
 Data sizes:     COMMON   BANK0   BANK1   BANK3   BANK2
      Params:         0       0       0       0       0
      Locals:         1       0       0       0       0
      Temps:          1       0       0       0       0
      Totals:         2       0       0       0       0
Total ram usage:        2 bytes
 Hardware stack levels used:    1
 Hardware stack levels required when called:    2
 This function calls:
		_Lcd_Port
 This function is called by:
		_Lcd_Write_String
 This function uses a non-reentrant model


 *************** function _Lcd_Set_Cursor *****************
 Defined at:
		line 48 in file "LCD.c"
 Parameters:    Size  Location     Type
  a               1    wreg     unsigned char 
  b               1    6[COMMON] unsigned char 
 Auto vars:     Size  Location     Type
  a               1    8[COMMON] unsigned char 
  temp            1    9[COMMON] unsigned char 
 Return value:  Size  Location     Type
                  1    wreg      void 
 Registers used:
		wreg, status,2, status,0, pclath, cstack
 Tracked objects:
		On entry : 
		On exit  : 
		Unchanged: 
 Data sizes:     COMMON   BANK0   BANK1   BANK3   BANK2
      Params:         1       0       0       0       0
      Locals:         2       0       0       0       0
      Temps:          1       0       0       0       0
      Totals:         4       0       0       0       0
Total ram usage:        4 bytes
 Hardware stack levels used:    1
 Hardware stack levels required when called:    3
 This function calls:
		_Lcd_Cmd
 This function is called by:
		_main
		_Show_val_LCD
 This function uses a non-reentrant model


 *************** function _Lcd_Init *****************
 Defined at:
		line 14 in file "LCD.c"
 Parameters:    Size  Location     Type
		None
 Auto vars:     Size  Location     Type
		None
 Return value:  Size  Location     Type
                  1    wreg      void 
 Registers used:
		wreg, status,2, status,0, pclath, cstack
 Tracked objects:
		On entry : 
		On exit  : 
		Unchanged: 
 Data sizes:     COMMON   BANK0   BANK1   BANK3   BANK2
      Params:         0       0       0       0       0
      Locals:         0       0       0       0       0
      Temps:          2       0       0       0       0
      Totals:         2       0       0       0       0
Total ram usage:        2 bytes
 Hardware stack levels used:    1
 Hardware stack levels required when called:    3
 This function calls:
		_Lcd_Cmd
		_Lcd_Port
 This function is called by:
		_main
 This function uses a non-reentrant model


 *************** function _Lcd_Clear *****************
 Defined at:
		line 42 in file "LCD.c"
 Parameters:    Size  Location     Type
		None
 Auto vars:     Size  Location     Type
		None
 Return value:  Size  Location     Type
                  1    wreg      void 
 Registers used:
		wreg, status,2, status,0, pclath, cstack
 Tracked objects:
		On entry : 
		On exit  : 
		Unchanged: 
 Data sizes:     COMMON   BANK0   BANK1   BANK3   BANK2
      Params:         0       0       0       0       0
      Locals:         0       0       0       0       0
      Temps:          0       0       0       0       0
      Totals:         0       0       0       0       0
Total ram usage:        0 bytes
 Hardware stack levels used:    1
 Hardware stack levels required when called:    3
 This function calls:
		_Lcd_Cmd
 This function is called by:
		_main
 This function uses a non-reentrant model


 *************** function _Lcd_Cmd *****************
 Defined at:
		line 33 in file "LCD.c"
 Parameters:    Size  Location     Type
  a               1    wreg     unsigned char 
 Auto vars:     Size  Location     Type
  a               1    5[COMMON] unsigned char 
 Return value:  Size  Location     Type
                  1    wreg      void 
 Registers used:
		wreg, status,2, status,0, pclath, cstack
 Tracked objects:
		On entry : 
		On exit  : 
		Unchanged: 
 Data sizes:     COMMON   BANK0   BANK1   BANK3   BANK2
      Params:         0       0       0       0       0
      Locals:         1       0       0       0       0
      Temps:          2       0       0       0       0
      Totals:         3       0       0       0       0
Total ram usage:        3 bytes
 Hardware stack levels used:    1
 Hardware stack levels required when called:    2
 This function calls:
		_Lcd_Port
 This function is called by:
		_Lcd_Init
		_Lcd_Clear
		_Lcd_Set_Cursor
		_Lcd_Shift_Right
		_Lcd_Shift_Left
 This function uses a non-reentrant model


 *************** function _Lcd_Port *****************
 Defined at:
		line 29 in file "LCD.c"
 Parameters:    Size  Location     Type
  a               1    wreg     unsigned char 
 Auto vars:     Size  Location     Type
  a               1    2[COMMON] unsigned char 
 Return value:  Size  Location     Type
                  1    wreg      void 
 Registers used:
		wreg
 Tracked objects:
		On entry : 
		On exit  : 
		Unchanged: 
 Data sizes:     COMMON   BANK0   BANK1   BANK3   BANK2
      Params:         0       0       0       0       0
      Locals:         1       0       0       0       0
      Temps:          0       0       0       0       0
      Totals:         1       0       0       0       0
Total ram usage:        1 bytes
 Hardware stack levels used:    1
 Hardware stack levels required when called:    1
 This function calls:
		Nothing
 This function is called by:
		_Lcd_Init
		_Lcd_Cmd
		_Lcd_Write_Char
 This function uses a non-reentrant model


 *************** function _ISR *****************
 Defined at:
		line 76 in file "main_maestro.c"
 Parameters:    Size  Location     Type
		None
 Auto vars:     Size  Location     Type
		None
 Return value:  Size  Location     Type
                  1    wreg      void 
 Registers used:
		None
 Tracked objects:
		On entry : 
		On exit  : 
		Unchanged: 
 Data sizes:     COMMON   BANK0   BANK1   BANK3   BANK2
      Params:         0       0       0       0       0
      Locals:         0       0       0       0       0
      Temps:          2       0       0       0       0
      Totals:         2       0       0       0       0
Total ram usage:        2 bytes
 Hardware stack levels used:    1
 This function calls:
		Nothing
 This function is called by:
		Interrupt level 1
 This function uses a non-reentrant model



MODULE INFORMATION

Module		Function		Class		Link	Load	Size
USART.c
		_Write_USART_String		CODE           	0196	0000	34
		_USART_INTERRUPT		CODE           	021E	0000	6
		_Write_USART   		CODE           	01F5	0000	12
		_USART_Init_BaudRate		CODE           	0218	0000	6
		_USART_Init    		CODE           	0209	0000	8

USART.c estimated size: 66

Oscilador.c
		_initOsc       		CODE           	001C	0000	92

Oscilador.c estimated size: 92

main_maestro.c
		_ISR           		CODE           	0211	0000	7
		_main          		CODE           	00C3	0000	60
		_setup         		CODE           	00FF	0000	41

main_maestro.c estimated size: 108

shared
		__stringtab    		STRING         	0128	0000	6
		__initialization		CODE           	000F	0000	9

shared estimated size: 15

LCD.c
		_Lcd_Write_String		CODE           	014D	0000	37
		_Lcd_Init      		CODE           	0078	0000	75
		_Lcd_Write_Char		CODE           	01D2	0000	22
		_Lcd_Cmd       		CODE           	01B8	0000	26
		_Lcd_Set_Cursor		CODE           	0172	0000	36
		_Lcd_Clear     		CODE           	01E8	0000	13
		_Lcd_Port      		CODE           	0224	0000	6

LCD.c estimated size: 215

