******************************************************************************
                  TI ARM Linker PC v20.2.4                     
******************************************************************************
>> Linked Tue May 18 12:49:23 2021

OUTPUT FILE NAME:   <Proyecto4_digital2.out>
ENTRY POINT SYMBOL: "_c_int00_noargs"  address: 000010bd


MEMORY CONFIGURATION

         name            origin    length      used     unused   attr    fill
----------------------  --------  ---------  --------  --------  ----  --------
  FLASH                 00000000   00040000  00001376  0003ec8a  R  X
  SRAM                  20000000   00008000  00000208  00007df8  RW X


SEGMENT ALLOCATION MAP

run origin  load origin   length   init length attrs members
----------  ----------- ---------- ----------- ----- -------
00000000    00000000    0000137c   0000137c    r-x
  00000000    00000000    0000026c   0000026c    r-- .intvecs
  0000026c    0000026c    00000f82   00000f82    r-x .text
  000011f0    000011f0    0000016c   0000016c    r-- .const
  00001360    00001360    0000001c   0000001c    r-- .cinit
20000000    20000000    00000208   00000000    rw-
  20000000    20000000    00000200   00000000    rw- .stack
  20000200    20000200    00000008   00000000    rw- .data


SECTION ALLOCATION MAP

 output                                  attributes/
section   page    origin      length       input sections
--------  ----  ----------  ----------   ----------------
.intvecs   0    00000000    0000026c     
                  00000000    0000026c     tm4c123gh6pm_startup_ccs.obj (.intvecs)

.text      0    0000026c    00000f82     
                  0000026c    0000086c     main.obj (.text)
                  00000ad8    00000132     driverlib.lib : gpio.obj (.text:GPIOPadConfigSet)
                  00000c0a    00000002     --HOLE-- [fill = 0]
                  00000c0c    00000110                   : sysctl.obj (.text:SysCtlClockGet)
                  00000d1c    000000f4                   : sysctl.obj (.text:SysCtlClockSet)
                  00000e10    0000009c     rtsv7M4_T_le_v4SPD16_eabi.lib : memcpy_t2.asm.obj (.text)
                  00000eac    00000068     driverlib.lib : interrupt.obj (.text:IntEnable)
                  00000f14    00000068     rtsv7M4_T_le_v4SPD16_eabi.lib : copy_decompress_lzss.c.obj (.text:decompress:lzss:__TI_decompress_lzss)
                  00000f7c    00000048     driverlib.lib : gpio.obj (.text:GPIOPinConfigure)
                  00000fc4    00000046                   : uart.obj (.text:UARTConfigSetExpClk)
                  0000100a    00000002     --HOLE-- [fill = 0]
                  0000100c    00000044     rtsv7M4_T_le_v4SPD16_eabi.lib : autoinit.c.obj (.text:__TI_auto_init_nobinit_nopinit:__TI_auto_init_nobinit_nopinit)
                  00001050    00000038     driverlib.lib : sysctl.obj (.text:SysCtlPeripheralReady)
                  00001088    00000034                   : sysctl.obj (.text:SysCtlPeripheralEnable)
                  000010bc    00000034     rtsv7M4_T_le_v4SPD16_eabi.lib : boot_cortex_m.c.obj (.text:_c_int00_noargs:_c_int00_noargs)
                  000010f0    0000002a     driverlib.lib : gpio.obj (.text:GPIODirModeSet)
                  0000111a    00000002     --HOLE-- [fill = 0]
                  0000111c    00000020                   : uart.obj (.text:UARTDisable)
                  0000113c    00000018                   : gpio.obj (.text:GPIOPinTypeGPIOOutput)
                  00001154    00000014                   : uart.obj (.text:UARTEnable)
                  00001168    00000012                   : gpio.obj (.text:GPIOPinTypeGPIOInput)
                  0000117a    00000012                   : gpio.obj (.text:GPIOPinTypeUART)
                  0000118c    00000010                   : interrupt.obj (.text:IntMasterEnable)
                  0000119c    0000000e     rtsv7M4_T_le_v4SPD16_eabi.lib : copy_decompress_none.c.obj (.text:decompress:none:__TI_decompress_none)
                  000011aa    0000000c     driverlib.lib : cpu.obj (.text:CPUcpsie)
                  000011b6    0000000c     tm4c123gh6pm_startup_ccs.obj (.text)
                  000011c2    0000000a     driverlib.lib : uart.obj (.text:UARTCharPut)
                  000011cc    00000008                   : uart.obj (.text:UARTIntEnable)
                  000011d4    00000006                   : gpio.obj (.text:GPIOPinRead)
                  000011da    00000006                   : gpio.obj (.text:GPIOPinWrite)
                  000011e0    00000006                   : sysctl.obj (.text:SysCtlDelay)
                  000011e6    00000004     rtsv7M4_T_le_v4SPD16_eabi.lib : pre_init.c.obj (.text:_system_pre_init)
                  000011ea    00000004                                   : exit.c.obj (.text:abort:abort)

.const     0    000011f0    0000016c     
                  000011f0    00000090     driverlib.lib : gpio.obj (.const:g_pui32GPIOBaseAddrs)
                  00001280    00000070                   : interrupt.obj (.const)
                  000012f0    0000006c                   : sysctl.obj (.const:g_pui32Xtals)

.cinit     0    00001360    0000001c     
                  00001360    0000000a     (.cinit..data.load) [load image, compression = lzss]
                  0000136a    00000002     --HOLE-- [fill = 0]
                  0000136c    00000008     (__TI_handler_table)
                  00001374    00000008     (__TI_cinit_table)

.init_array 
*          0    00000000    00000000     UNINITIALIZED

.data      0    20000200    00000008     UNINITIALIZED
                  20000200    00000008     main.obj (.data)

.stack     0    20000000    00000200     UNINITIALIZED
                  20000000    00000004     rtsv7M4_T_le_v4SPD16_eabi.lib : boot_cortex_m.c.obj (.stack)
                  20000004    000001fc     --HOLE--

__llvm_prf_cnts 
*          0    20000000    00000000     UNINITIALIZED

MODULE SUMMARY

       Module                         code   ro data   rw data
       ------                         ----   -------   -------
    .\
       main.obj                       2156   0         8      
       tm4c123gh6pm_startup_ccs.obj   12     620       0      
    +--+------------------------------+------+---------+---------+
       Total:                         2168   620       8      
                                                              
    C:/ti/TivaWare_C_Series-2.1.4.178/driverlib/ccs/Debug/driverlib.lib
       sysctl.obj                     630    108       0      
       gpio.obj                       492    144       0      
       interrupt.obj                  120    112       0      
       uart.obj                       140    0         0      
       cpu.obj                        12     0         0      
    +--+------------------------------+------+---------+---------+
       Total:                         1394   364       0      
                                                              
    C:\Program Files (x86)\ccs\tools\compiler\ti-cgt-arm_20.2.4.LTS\lib\rtsv7M4_T_le_v4SPD16_eabi.lib
       memcpy_t2.asm.obj              156    0         0      
       copy_decompress_lzss.c.obj     104    0         0      
       autoinit.c.obj                 68     0         0      
       boot_cortex_m.c.obj            52     0         0      
       copy_decompress_none.c.obj     14     0         0      
       exit.c.obj                     4      0         0      
       pre_init.c.obj                 4      0         0      
    +--+------------------------------+------+---------+---------+
       Total:                         402    0         0      
                                                              
       Stack:                         0      0         512    
       Linker Generated:              0      26        0      
    +--+------------------------------+------+---------+---------+
       Grand Total:                   3964   1010      520    


LINKER GENERATED COPY TABLES

__TI_cinit_table @ 00001374 records: 1, size/record: 8, table size: 8
	.data: load addr=00001360, load size=0000000a bytes, run addr=20000200, run size=00000008 bytes, compression=lzss


LINKER GENERATED HANDLER TABLE

__TI_handler_table @ 0000136c records: 2, size/record: 4, table size: 8
	index: 0, handler: __TI_decompress_lzss
	index: 1, handler: __TI_decompress_none


GLOBAL SYMBOLS: SORTED ALPHABETICALLY BY Name 

address   name                          
-------   ----                          
20000202  Aumento                       
20000203  Aumento1                      
20000204  Aumento2                      
20000205  Aumento3                      
20000206  Aumento4                      
000011eb  C$$EXIT                       
000011ab  CPUcpsie                      
0000088d  DISPLAY                       
20000207  Dismin                        
000010f1  GPIODirModeSet                
00000ad9  GPIOPadConfigSet              
00000f7d  GPIOPinConfigure              
000011d5  GPIOPinRead                   
00001169  GPIOPinTypeGPIOInput          
0000113d  GPIOPinTypeGPIOOutput         
0000117b  GPIOPinTypeUART               
000011db  GPIOPinWrite                  
00000a45  InitUART                      
00000ead  IntEnable                     
0000118d  IntMasterEnable               
000003a9  LEDS_G_R                      
000006e9  Mostrar_display               
000011b7  ResetISR                      
00000c0d  SysCtlClockGet                
00000d1d  SysCtlClockSet                
000011e1  SysCtlDelay                   
00001089  SysCtlPeripheralEnable        
00001051  SysCtlPeripheralReady         
000011c3  UARTCharPut                   
00000fc5  UARTConfigSetExpClk           
0000111d  UARTDisable                   
00001155  UARTEnable                    
000011cd  UARTIntEnable                 
20000200  __STACK_END                   
00000200  __STACK_SIZE                  
20000200  __STACK_TOP                   
00001374  __TI_CINIT_Base               
0000137c  __TI_CINIT_Limit              
0000136c  __TI_Handler_Table_Base       
00001374  __TI_Handler_Table_Limit      
0000100d  __TI_auto_init_nobinit_nopinit
00000f15  __TI_decompress_lzss          
0000119d  __TI_decompress_none          
ffffffff  __TI_pprof_out_hndl           
ffffffff  __TI_prof_data_size           
ffffffff  __TI_prof_data_start          
00000000  __TI_static_base__            
00000e11  __aeabi_memcpy                
00000e11  __aeabi_memcpy4               
00000e11  __aeabi_memcpy8               
ffffffff  __binit__                     
ffffffff  __c_args__                    
UNDEFED   __mpu_init                    
20000000  __stack                       
20000000  __start___llvm_prf_cnts       
20000000  __stop___llvm_prf_cnts        
000010bd  _c_int00_noargs               
UNDEFED   _system_post_cinit            
000011e7  _system_pre_init              
000011eb  abort                         
20000200  ban_ocupado                   
ffffffff  binit                         
20000201  debouncing                    
00000aa7  delayMs                       
00000000  g_pfnVectors                  
0000026d  main                          
00000e11  memcpy                        


GLOBAL SYMBOLS: SORTED BY Symbol Address 

address   name                          
-------   ----                          
00000000  __TI_static_base__            
00000000  g_pfnVectors                  
00000200  __STACK_SIZE                  
0000026d  main                          
000003a9  LEDS_G_R                      
000006e9  Mostrar_display               
0000088d  DISPLAY                       
00000a45  InitUART                      
00000aa7  delayMs                       
00000ad9  GPIOPadConfigSet              
00000c0d  SysCtlClockGet                
00000d1d  SysCtlClockSet                
00000e11  __aeabi_memcpy                
00000e11  __aeabi_memcpy4               
00000e11  __aeabi_memcpy8               
00000e11  memcpy                        
00000ead  IntEnable                     
00000f15  __TI_decompress_lzss          
00000f7d  GPIOPinConfigure              
00000fc5  UARTConfigSetExpClk           
0000100d  __TI_auto_init_nobinit_nopinit
00001051  SysCtlPeripheralReady         
00001089  SysCtlPeripheralEnable        
000010bd  _c_int00_noargs               
000010f1  GPIODirModeSet                
0000111d  UARTDisable                   
0000113d  GPIOPinTypeGPIOOutput         
00001155  UARTEnable                    
00001169  GPIOPinTypeGPIOInput          
0000117b  GPIOPinTypeUART               
0000118d  IntMasterEnable               
0000119d  __TI_decompress_none          
000011ab  CPUcpsie                      
000011b7  ResetISR                      
000011c3  UARTCharPut                   
000011cd  UARTIntEnable                 
000011d5  GPIOPinRead                   
000011db  GPIOPinWrite                  
000011e1  SysCtlDelay                   
000011e7  _system_pre_init              
000011eb  C$$EXIT                       
000011eb  abort                         
0000136c  __TI_Handler_Table_Base       
00001374  __TI_CINIT_Base               
00001374  __TI_Handler_Table_Limit      
0000137c  __TI_CINIT_Limit              
20000000  __stack                       
20000000  __start___llvm_prf_cnts       
20000000  __stop___llvm_prf_cnts        
20000200  __STACK_END                   
20000200  __STACK_TOP                   
20000200  ban_ocupado                   
20000201  debouncing                    
20000202  Aumento                       
20000203  Aumento1                      
20000204  Aumento2                      
20000205  Aumento3                      
20000206  Aumento4                      
20000207  Dismin                        
ffffffff  __TI_pprof_out_hndl           
ffffffff  __TI_prof_data_size           
ffffffff  __TI_prof_data_start          
ffffffff  __binit__                     
ffffffff  __c_args__                    
ffffffff  binit                         
UNDEFED   __mpu_init                    
UNDEFED   _system_post_cinit            

[67 symbols]
