******************************************************************************
                  TI ARM Linker PC v20.2.4                     
******************************************************************************
>> Linked Thu May 20 09:16:36 2021

OUTPUT FILE NAME:   <Proyecto4_digital2.out>
ENTRY POINT SYMBOL: "_c_int00_noargs"  address: 00000ef9


MEMORY CONFIGURATION

         name            origin    length      used     unused   attr    fill
----------------------  --------  ---------  --------  --------  ----  --------
  FLASH                 00000000   00040000  000011b2  0003ee4e  R  X
  SRAM                  20000000   00008000  00000206  00007dfa  RW X


SEGMENT ALLOCATION MAP

run origin  load origin   length   init length attrs members
----------  ----------- ---------- ----------- ----- -------
00000000    00000000    000011b4   000011b4    r-x
  00000000    00000000    0000026c   0000026c    r-- .intvecs
  0000026c    0000026c    00000dbe   00000dbe    r-x .text
  0000102c    0000102c    0000016c   0000016c    r-- .const
  00001198    00001198    0000001c   0000001c    r-- .cinit
20000000    20000000    00000206   00000000    rw-
  20000000    20000000    00000200   00000000    rw- .stack
  20000200    20000200    00000006   00000000    rw- .data


SECTION ALLOCATION MAP

 output                                  attributes/
section   page    origin      length       input sections
--------  ----  ----------  ----------   ----------------
.intvecs   0    00000000    0000026c     
                  00000000    0000026c     tm4c123gh6pm_startup_ccs.obj (.intvecs)

.text      0    0000026c    00000dbe     
                  0000026c    000006a8     main.obj (.text)
                  00000914    00000132     driverlib.lib : gpio.obj (.text:GPIOPadConfigSet)
                  00000a46    00000002     --HOLE-- [fill = 0]
                  00000a48    00000110                   : sysctl.obj (.text:SysCtlClockGet)
                  00000b58    000000f4                   : sysctl.obj (.text:SysCtlClockSet)
                  00000c4c    0000009c     rtsv7M4_T_le_v4SPD16_eabi.lib : memcpy_t2.asm.obj (.text)
                  00000ce8    00000068     driverlib.lib : interrupt.obj (.text:IntEnable)
                  00000d50    00000068     rtsv7M4_T_le_v4SPD16_eabi.lib : copy_decompress_lzss.c.obj (.text:decompress:lzss:__TI_decompress_lzss)
                  00000db8    00000048     driverlib.lib : gpio.obj (.text:GPIOPinConfigure)
                  00000e00    00000046                   : uart.obj (.text:UARTConfigSetExpClk)
                  00000e46    00000002     --HOLE-- [fill = 0]
                  00000e48    00000044     rtsv7M4_T_le_v4SPD16_eabi.lib : autoinit.c.obj (.text:__TI_auto_init_nobinit_nopinit:__TI_auto_init_nobinit_nopinit)
                  00000e8c    00000038     driverlib.lib : sysctl.obj (.text:SysCtlPeripheralReady)
                  00000ec4    00000034                   : sysctl.obj (.text:SysCtlPeripheralEnable)
                  00000ef8    00000034     rtsv7M4_T_le_v4SPD16_eabi.lib : boot_cortex_m.c.obj (.text:_c_int00_noargs:_c_int00_noargs)
                  00000f2c    0000002a     driverlib.lib : gpio.obj (.text:GPIODirModeSet)
                  00000f56    00000002     --HOLE-- [fill = 0]
                  00000f58    00000020                   : uart.obj (.text:UARTDisable)
                  00000f78    00000018                   : gpio.obj (.text:GPIOPinTypeGPIOOutput)
                  00000f90    00000014                   : uart.obj (.text:UARTEnable)
                  00000fa4    00000012                   : gpio.obj (.text:GPIOPinTypeGPIOInput)
                  00000fb6    00000012                   : gpio.obj (.text:GPIOPinTypeUART)
                  00000fc8    00000010                   : interrupt.obj (.text:IntMasterEnable)
                  00000fd8    0000000e     rtsv7M4_T_le_v4SPD16_eabi.lib : copy_decompress_none.c.obj (.text:decompress:none:__TI_decompress_none)
                  00000fe6    0000000c     driverlib.lib : cpu.obj (.text:CPUcpsie)
                  00000ff2    0000000c     tm4c123gh6pm_startup_ccs.obj (.text)
                  00000ffe    0000000a     driverlib.lib : uart.obj (.text:UARTCharPut)
                  00001008    00000008                   : uart.obj (.text:UARTIntEnable)
                  00001010    00000006                   : gpio.obj (.text:GPIOPinRead)
                  00001016    00000006                   : gpio.obj (.text:GPIOPinWrite)
                  0000101c    00000006                   : sysctl.obj (.text:SysCtlDelay)
                  00001022    00000004     rtsv7M4_T_le_v4SPD16_eabi.lib : pre_init.c.obj (.text:_system_pre_init)
                  00001026    00000004                                   : exit.c.obj (.text:abort:abort)

.const     0    0000102c    0000016c     
                  0000102c    00000090     driverlib.lib : gpio.obj (.const:g_pui32GPIOBaseAddrs)
                  000010bc    00000070                   : interrupt.obj (.const)
                  0000112c    0000006c                   : sysctl.obj (.const:g_pui32Xtals)

.cinit     0    00001198    0000001c     
                  00001198    00000009     (.cinit..data.load) [load image, compression = lzss]
                  000011a1    00000003     --HOLE-- [fill = 0]
                  000011a4    00000008     (__TI_handler_table)
                  000011ac    00000008     (__TI_cinit_table)

.init_array 
*          0    00000000    00000000     UNINITIALIZED

.data      0    20000200    00000006     UNINITIALIZED
                  20000200    00000006     main.obj (.data)

.stack     0    20000000    00000200     UNINITIALIZED
                  20000000    00000004     rtsv7M4_T_le_v4SPD16_eabi.lib : boot_cortex_m.c.obj (.stack)
                  20000004    000001fc     --HOLE--

__llvm_prf_cnts 
*          0    20000000    00000000     UNINITIALIZED

MODULE SUMMARY

       Module                         code   ro data   rw data
       ------                         ----   -------   -------
    .\
       main.obj                       1704   0         6      
       tm4c123gh6pm_startup_ccs.obj   12     620       0      
    +--+------------------------------+------+---------+---------+
       Total:                         1716   620       6      
                                                              
    C:/ti/TivaWare_C_Series-2.1.4.178/driverlib/ccs/Debug/driverlib.lib
       sysctl.obj                     630    108       0      
       gpio.obj                       492    144       0      
       interrupt.obj                  120    112       0      
       uart.obj                       140    0         0      
       cpu.obj                        12     0         0      
    +--+------------------------------+------+---------+---------+
       Total:                         1394   364       0      
                                                              
    C:\Program Files (x86)\ccs\tools\compiler\ti-cgt-arm_20.2.4.LTS\lib\rtsv7M4_T_le_v4SPD16_eabi.lib
       memcpy_t2.asm.obj              156    0         0      
       copy_decompress_lzss.c.obj     104    0         0      
       autoinit.c.obj                 68     0         0      
       boot_cortex_m.c.obj            52     0         0      
       copy_decompress_none.c.obj     14     0         0      
       exit.c.obj                     4      0         0      
       pre_init.c.obj                 4      0         0      
    +--+------------------------------+------+---------+---------+
       Total:                         402    0         0      
                                                              
       Stack:                         0      0         512    
       Linker Generated:              0      25        0      
    +--+------------------------------+------+---------+---------+
       Grand Total:                   3512   1009      518    


LINKER GENERATED COPY TABLES

__TI_cinit_table @ 000011ac records: 1, size/record: 8, table size: 8
	.data: load addr=00001198, load size=00000009 bytes, run addr=20000200, run size=00000006 bytes, compression=lzss


LINKER GENERATED HANDLER TABLE

__TI_handler_table @ 000011a4 records: 2, size/record: 4, table size: 8
	index: 0, handler: __TI_decompress_lzss
	index: 1, handler: __TI_decompress_none


GLOBAL SYMBOLS: SORTED ALPHABETICALLY BY Name 

address   name                          
-------   ----                          
20000202  Aumento1                      
20000203  Aumento2                      
20000204  Aumento3                      
20000205  Aumento4                      
00001027  C$$EXIT                       
00000fe7  CPUcpsie                      
000006c9  DISPLAY                       
00000f2d  GPIODirModeSet                
00000915  GPIOPadConfigSet              
00000db9  GPIOPinConfigure              
00001011  GPIOPinRead                   
00000fa5  GPIOPinTypeGPIOInput          
00000f79  GPIOPinTypeGPIOOutput         
00000fb7  GPIOPinTypeUART               
00001017  GPIOPinWrite                  
00000879  InitUART                      
00000ce9  IntEnable                     
00000fc9  IntMasterEnable               
00000389  LEDS_G_R                      
000005dd  Mostrar_display               
00000ff3  ResetISR                      
00000a49  SysCtlClockGet                
00000b59  SysCtlClockSet                
0000101d  SysCtlDelay                   
00000ec5  SysCtlPeripheralEnable        
00000e8d  SysCtlPeripheralReady         
00000fff  UARTCharPut                   
00000e01  UARTConfigSetExpClk           
00000f59  UARTDisable                   
00000f91  UARTEnable                    
00001009  UARTIntEnable                 
20000200  __STACK_END                   
00000200  __STACK_SIZE                  
20000200  __STACK_TOP                   
000011ac  __TI_CINIT_Base               
000011b4  __TI_CINIT_Limit              
000011a4  __TI_Handler_Table_Base       
000011ac  __TI_Handler_Table_Limit      
00000e49  __TI_auto_init_nobinit_nopinit
00000d51  __TI_decompress_lzss          
00000fd9  __TI_decompress_none          
ffffffff  __TI_pprof_out_hndl           
ffffffff  __TI_prof_data_size           
ffffffff  __TI_prof_data_start          
00000000  __TI_static_base__            
00000c4d  __aeabi_memcpy                
00000c4d  __aeabi_memcpy4               
00000c4d  __aeabi_memcpy8               
ffffffff  __binit__                     
ffffffff  __c_args__                    
UNDEFED   __mpu_init                    
20000000  __stack                       
20000000  __start___llvm_prf_cnts       
20000000  __stop___llvm_prf_cnts        
00000ef9  _c_int00_noargs               
UNDEFED   _system_post_cinit            
00001023  _system_pre_init              
00001027  abort                         
20000200  ban_ocupado                   
ffffffff  binit                         
20000201  debouncing                    
000008d7  delayMs                       
00000000  g_pfnVectors                  
0000026d  main                          
00000c4d  memcpy                        


GLOBAL SYMBOLS: SORTED BY Symbol Address 

address   name                          
-------   ----                          
00000000  __TI_static_base__            
00000000  g_pfnVectors                  
00000200  __STACK_SIZE                  
0000026d  main                          
00000389  LEDS_G_R                      
000005dd  Mostrar_display               
000006c9  DISPLAY                       
00000879  InitUART                      
000008d7  delayMs                       
00000915  GPIOPadConfigSet              
00000a49  SysCtlClockGet                
00000b59  SysCtlClockSet                
00000c4d  __aeabi_memcpy                
00000c4d  __aeabi_memcpy4               
00000c4d  __aeabi_memcpy8               
00000c4d  memcpy                        
00000ce9  IntEnable                     
00000d51  __TI_decompress_lzss          
00000db9  GPIOPinConfigure              
00000e01  UARTConfigSetExpClk           
00000e49  __TI_auto_init_nobinit_nopinit
00000e8d  SysCtlPeripheralReady         
00000ec5  SysCtlPeripheralEnable        
00000ef9  _c_int00_noargs               
00000f2d  GPIODirModeSet                
00000f59  UARTDisable                   
00000f79  GPIOPinTypeGPIOOutput         
00000f91  UARTEnable                    
00000fa5  GPIOPinTypeGPIOInput          
00000fb7  GPIOPinTypeUART               
00000fc9  IntMasterEnable               
00000fd9  __TI_decompress_none          
00000fe7  CPUcpsie                      
00000ff3  ResetISR                      
00000fff  UARTCharPut                   
00001009  UARTIntEnable                 
00001011  GPIOPinRead                   
00001017  GPIOPinWrite                  
0000101d  SysCtlDelay                   
00001023  _system_pre_init              
00001027  C$$EXIT                       
00001027  abort                         
000011a4  __TI_Handler_Table_Base       
000011ac  __TI_CINIT_Base               
000011ac  __TI_Handler_Table_Limit      
000011b4  __TI_CINIT_Limit              
20000000  __stack                       
20000000  __start___llvm_prf_cnts       
20000000  __stop___llvm_prf_cnts        
20000200  __STACK_END                   
20000200  __STACK_TOP                   
20000200  ban_ocupado                   
20000201  debouncing                    
20000202  Aumento1                      
20000203  Aumento2                      
20000204  Aumento3                      
20000205  Aumento4                      
ffffffff  __TI_pprof_out_hndl           
ffffffff  __TI_prof_data_size           
ffffffff  __TI_prof_data_start          
ffffffff  __binit__                     
ffffffff  __c_args__                    
ffffffff  binit                         
UNDEFED   __mpu_init                    
UNDEFED   _system_post_cinit            

[65 symbols]
