******************************************************************************
                  TI ARM Linker PC v20.2.4                     
******************************************************************************
>> Linked Tue May 18 07:15:59 2021

OUTPUT FILE NAME:   <Proyecto4_digital2.out>
ENTRY POINT SYMBOL: "_c_int00_noargs"  address: 000010c5


MEMORY CONFIGURATION

         name            origin    length      used     unused   attr    fill
----------------------  --------  ---------  --------  --------  ----  --------
  FLASH                 00000000   00040000  0000137a  0003ec86  R  X
  SRAM                  20000000   00008000  00000204  00007dfc  RW X


SEGMENT ALLOCATION MAP

run origin  load origin   length   init length attrs members
----------  ----------- ---------- ----------- ----- -------
00000000    00000000    00001380   00001380    r-x
  00000000    00000000    0000026c   0000026c    r-- .intvecs
  0000026c    0000026c    00000f8a   00000f8a    r-x .text
  000011f8    000011f8    0000016c   0000016c    r-- .const
  00001368    00001368    00000018   00000018    r-- .cinit
20000000    20000000    00000204   00000000    rw-
  20000000    20000000    00000200   00000000    rw- .stack
  20000200    20000200    00000004   00000000    rw- .data


SECTION ALLOCATION MAP

 output                                  attributes/
section   page    origin      length       input sections
--------  ----  ----------  ----------   ----------------
.intvecs   0    00000000    0000026c     
                  00000000    0000026c     tm4c123gh6pm_startup_ccs.obj (.intvecs)

.text      0    0000026c    00000f8a     
                  0000026c    00000874     main.obj (.text)
                  00000ae0    00000132     driverlib.lib : gpio.obj (.text:GPIOPadConfigSet)
                  00000c12    00000002     --HOLE-- [fill = 0]
                  00000c14    00000110                   : sysctl.obj (.text:SysCtlClockGet)
                  00000d24    000000f4                   : sysctl.obj (.text:SysCtlClockSet)
                  00000e18    0000009c     rtsv7M4_T_le_v4SPD16_eabi.lib : memcpy_t2.asm.obj (.text)
                  00000eb4    00000068     driverlib.lib : interrupt.obj (.text:IntEnable)
                  00000f1c    00000068     rtsv7M4_T_le_v4SPD16_eabi.lib : copy_decompress_lzss.c.obj (.text:decompress:lzss:__TI_decompress_lzss)
                  00000f84    00000048     driverlib.lib : gpio.obj (.text:GPIOPinConfigure)
                  00000fcc    00000046                   : uart.obj (.text:UARTConfigSetExpClk)
                  00001012    00000002     --HOLE-- [fill = 0]
                  00001014    00000044     rtsv7M4_T_le_v4SPD16_eabi.lib : autoinit.c.obj (.text:__TI_auto_init_nobinit_nopinit:__TI_auto_init_nobinit_nopinit)
                  00001058    00000038     driverlib.lib : sysctl.obj (.text:SysCtlPeripheralReady)
                  00001090    00000034                   : sysctl.obj (.text:SysCtlPeripheralEnable)
                  000010c4    00000034     rtsv7M4_T_le_v4SPD16_eabi.lib : boot_cortex_m.c.obj (.text:_c_int00_noargs:_c_int00_noargs)
                  000010f8    0000002a     driverlib.lib : gpio.obj (.text:GPIODirModeSet)
                  00001122    00000002     --HOLE-- [fill = 0]
                  00001124    00000020                   : uart.obj (.text:UARTDisable)
                  00001144    00000018                   : gpio.obj (.text:GPIOPinTypeGPIOOutput)
                  0000115c    00000014                   : uart.obj (.text:UARTEnable)
                  00001170    00000012                   : gpio.obj (.text:GPIOPinTypeGPIOInput)
                  00001182    00000012                   : gpio.obj (.text:GPIOPinTypeUART)
                  00001194    00000010                   : interrupt.obj (.text:IntMasterEnable)
                  000011a4    0000000e     rtsv7M4_T_le_v4SPD16_eabi.lib : copy_decompress_none.c.obj (.text:decompress:none:__TI_decompress_none)
                  000011b2    0000000c     driverlib.lib : cpu.obj (.text:CPUcpsie)
                  000011be    0000000c     tm4c123gh6pm_startup_ccs.obj (.text)
                  000011ca    0000000a     driverlib.lib : uart.obj (.text:UARTCharPut)
                  000011d4    00000008                   : uart.obj (.text:UARTIntEnable)
                  000011dc    00000006                   : gpio.obj (.text:GPIOPinRead)
                  000011e2    00000006                   : gpio.obj (.text:GPIOPinWrite)
                  000011e8    00000006                   : sysctl.obj (.text:SysCtlDelay)
                  000011ee    00000004     rtsv7M4_T_le_v4SPD16_eabi.lib : pre_init.c.obj (.text:_system_pre_init)
                  000011f2    00000004                                   : exit.c.obj (.text:abort:abort)

.const     0    000011f8    0000016c     
                  000011f8    00000090     driverlib.lib : gpio.obj (.const:g_pui32GPIOBaseAddrs)
                  00001288    00000070                   : interrupt.obj (.const)
                  000012f8    0000006c                   : sysctl.obj (.const:g_pui32Xtals)

.cinit     0    00001368    00000018     
                  00001368    00000008     (.cinit..data.load) [load image, compression = lzss]
                  00001370    00000008     (__TI_handler_table)
                  00001378    00000008     (__TI_cinit_table)

.init_array 
*          0    00000000    00000000     UNINITIALIZED

.data      0    20000200    00000004     UNINITIALIZED
                  20000200    00000004     main.obj (.data)

.stack     0    20000000    00000200     UNINITIALIZED
                  20000000    00000004     rtsv7M4_T_le_v4SPD16_eabi.lib : boot_cortex_m.c.obj (.stack)
                  20000004    000001fc     --HOLE--

__llvm_prf_cnts 
*          0    20000000    00000000     UNINITIALIZED

MODULE SUMMARY

       Module                         code   ro data   rw data
       ------                         ----   -------   -------
    .\
       main.obj                       2164   0         4      
       tm4c123gh6pm_startup_ccs.obj   12     620       0      
    +--+------------------------------+------+---------+---------+
       Total:                         2176   620       4      
                                                              
    C:/ti/TivaWare_C_Series-2.1.4.178/driverlib/ccs/Debug/driverlib.lib
       sysctl.obj                     630    108       0      
       gpio.obj                       492    144       0      
       interrupt.obj                  120    112       0      
       uart.obj                       140    0         0      
       cpu.obj                        12     0         0      
    +--+------------------------------+------+---------+---------+
       Total:                         1394   364       0      
                                                              
    C:\Program Files (x86)\ccs\tools\compiler\ti-cgt-arm_20.2.4.LTS\lib\rtsv7M4_T_le_v4SPD16_eabi.lib
       memcpy_t2.asm.obj              156    0         0      
       copy_decompress_lzss.c.obj     104    0         0      
       autoinit.c.obj                 68     0         0      
       boot_cortex_m.c.obj            52     0         0      
       copy_decompress_none.c.obj     14     0         0      
       exit.c.obj                     4      0         0      
       pre_init.c.obj                 4      0         0      
    +--+------------------------------+------+---------+---------+
       Total:                         402    0         0      
                                                              
       Stack:                         0      0         512    
       Linker Generated:              0      24        0      
    +--+------------------------------+------+---------+---------+
       Grand Total:                   3972   1008      516    


LINKER GENERATED COPY TABLES

__TI_cinit_table @ 00001378 records: 1, size/record: 8, table size: 8
	.data: load addr=00001368, load size=00000008 bytes, run addr=20000200, run size=00000004 bytes, compression=lzss


LINKER GENERATED HANDLER TABLE

__TI_handler_table @ 00001370 records: 2, size/record: 4, table size: 8
	index: 0, handler: __TI_decompress_lzss
	index: 1, handler: __TI_decompress_none


GLOBAL SYMBOLS: SORTED ALPHABETICALLY BY Name 

address   name                          
-------   ----                          
20000202  Aumento                       
000011f3  C$$EXIT                       
000011b3  CPUcpsie                      
00000899  DISPLAY                       
20000203  Dismin                        
000010f9  GPIODirModeSet                
00000ae1  GPIOPadConfigSet              
00000f85  GPIOPinConfigure              
000011dd  GPIOPinRead                   
00001171  GPIOPinTypeGPIOInput          
00001145  GPIOPinTypeGPIOOutput         
00001183  GPIOPinTypeUART               
000011e3  GPIOPinWrite                  
00000a45  InitUART                      
00000eb5  IntEnable                     
00001195  IntMasterEnable               
00000411  LEDS_G_R                      
000006c5  Mostrar_display               
000011bf  ResetISR                      
00000c15  SysCtlClockGet                
00000d25  SysCtlClockSet                
000011e9  SysCtlDelay                   
00001091  SysCtlPeripheralEnable        
00001059  SysCtlPeripheralReady         
000011cb  UARTCharPut                   
00000fcd  UARTConfigSetExpClk           
00001125  UARTDisable                   
0000115d  UARTEnable                    
000011d5  UARTIntEnable                 
20000200  __STACK_END                   
00000200  __STACK_SIZE                  
20000200  __STACK_TOP                   
00001378  __TI_CINIT_Base               
00001380  __TI_CINIT_Limit              
00001370  __TI_Handler_Table_Base       
00001378  __TI_Handler_Table_Limit      
00001015  __TI_auto_init_nobinit_nopinit
00000f1d  __TI_decompress_lzss          
000011a5  __TI_decompress_none          
ffffffff  __TI_pprof_out_hndl           
ffffffff  __TI_prof_data_size           
ffffffff  __TI_prof_data_start          
00000000  __TI_static_base__            
00000e19  __aeabi_memcpy                
00000e19  __aeabi_memcpy4               
00000e19  __aeabi_memcpy8               
ffffffff  __binit__                     
ffffffff  __c_args__                    
UNDEFED   __mpu_init                    
20000000  __stack                       
20000000  __start___llvm_prf_cnts       
20000000  __stop___llvm_prf_cnts        
000010c5  _c_int00_noargs               
UNDEFED   _system_post_cinit            
000011ef  _system_pre_init              
000011f3  abort                         
20000200  ban_ocupado                   
ffffffff  binit                         
20000201  debouncing                    
00000aad  delayMs                       
00000000  g_pfnVectors                  
0000026d  main                          
00000e19  memcpy                        


GLOBAL SYMBOLS: SORTED BY Symbol Address 

address   name                          
-------   ----                          
00000000  __TI_static_base__            
00000000  g_pfnVectors                  
00000200  __STACK_SIZE                  
0000026d  main                          
00000411  LEDS_G_R                      
000006c5  Mostrar_display               
00000899  DISPLAY                       
00000a45  InitUART                      
00000aad  delayMs                       
00000ae1  GPIOPadConfigSet              
00000c15  SysCtlClockGet                
00000d25  SysCtlClockSet                
00000e19  __aeabi_memcpy                
00000e19  __aeabi_memcpy4               
00000e19  __aeabi_memcpy8               
00000e19  memcpy                        
00000eb5  IntEnable                     
00000f1d  __TI_decompress_lzss          
00000f85  GPIOPinConfigure              
00000fcd  UARTConfigSetExpClk           
00001015  __TI_auto_init_nobinit_nopinit
00001059  SysCtlPeripheralReady         
00001091  SysCtlPeripheralEnable        
000010c5  _c_int00_noargs               
000010f9  GPIODirModeSet                
00001125  UARTDisable                   
00001145  GPIOPinTypeGPIOOutput         
0000115d  UARTEnable                    
00001171  GPIOPinTypeGPIOInput          
00001183  GPIOPinTypeUART               
00001195  IntMasterEnable               
000011a5  __TI_decompress_none          
000011b3  CPUcpsie                      
000011bf  ResetISR                      
000011cb  UARTCharPut                   
000011d5  UARTIntEnable                 
000011dd  GPIOPinRead                   
000011e3  GPIOPinWrite                  
000011e9  SysCtlDelay                   
000011ef  _system_pre_init              
000011f3  C$$EXIT                       
000011f3  abort                         
00001370  __TI_Handler_Table_Base       
00001378  __TI_CINIT_Base               
00001378  __TI_Handler_Table_Limit      
00001380  __TI_CINIT_Limit              
20000000  __stack                       
20000000  __start___llvm_prf_cnts       
20000000  __stop___llvm_prf_cnts        
20000200  __STACK_END                   
20000200  __STACK_TOP                   
20000200  ban_ocupado                   
20000201  debouncing                    
20000202  Aumento                       
20000203  Dismin                        
ffffffff  __TI_pprof_out_hndl           
ffffffff  __TI_prof_data_size           
ffffffff  __TI_prof_data_start          
ffffffff  __binit__                     
ffffffff  __c_args__                    
ffffffff  binit                         
UNDEFED   __mpu_init                    
UNDEFED   _system_post_cinit            

[63 symbols]
