******************************************************************************
                  TI ARM Linker PC v20.2.4                     
******************************************************************************
>> Linked Thu May 13 09:25:36 2021

OUTPUT FILE NAME:   <Lab7_prueba3.out>
ENTRY POINT SYMBOL: "_c_int00_noargs"  address: 00000bfd


MEMORY CONFIGURATION

         name            origin    length      used     unused   attr    fill
----------------------  --------  ---------  --------  --------  ----  --------
  FLASH                 00000000   00040000  000010e4  0003ef1c  R  X
  SRAM                  20000000   00008000  00000479  00007b87  RW X


SEGMENT ALLOCATION MAP

run origin  load origin   length   init length attrs members
----------  ----------- ---------- ----------- ----- -------
00000000    00000000    000010e8   000010e8    r-x
  00000000    00000000    0000026c   0000026c    r-- .intvecs
  0000026c    0000026c    00000b90   00000b90    r-x .text
  00000dfc    00000dfc    000002a8   000002a8    r-- .const
  000010a8    000010a8    00000040   00000040    r-- .cinit
20000000    20000000    0000047d   00000000    rw-
  20000000    20000000    0000026c   00000000    rw- .vtable
  20000270    20000270    00000200   00000000    rw- .stack
  20000470    20000470    00000008   00000000    rw- .bss
  20000478    20000478    00000005   00000000    rw- .data


SECTION ALLOCATION MAP

 output                                  attributes/
section   page    origin      length       input sections
--------  ----  ----------  ----------   ----------------
.intvecs   0    00000000    0000026c     
                  00000000    0000026c     tm4c123gh6pm_startup_ccs.obj (.intvecs)

.text      0    0000026c    00000b90     
                  0000026c    0000027c     main.obj (.text)
                  000004e8    00000132     driverlib.lib : gpio.obj (.text:GPIOPadConfigSet)
                  0000061a    00000002     --HOLE-- [fill = 0]
                  0000061c    00000110                   : sysctl.obj (.text:SysCtlClockGet)
                  0000072c    000000f4                   : sysctl.obj (.text:SysCtlClockSet)
                  00000820    0000009c     rtsv7M4_T_le_v4SPD16_eabi.lib : memcpy_t2.asm.obj (.text)
                  000008bc    00000068     driverlib.lib : interrupt.obj (.text:IntEnable)
                  00000924    00000068     rtsv7M4_T_le_v4SPD16_eabi.lib : copy_decompress_lzss.c.obj (.text:decompress:lzss:__TI_decompress_lzss)
                  0000098c    00000060     driverlib.lib : timer.obj (.text:TimerConfigure)
                  000009ec    00000050                   : sysctl.obj (.text:SysCtlPeripheralReset)
                  00000a3c    0000004c                   : timer.obj (.text:_TimerIntNumberGet)
                  00000a88    00000048                   : gpio.obj (.text:GPIOPinConfigure)
                  00000ad0    00000046                   : uart.obj (.text:UARTConfigSetExpClk)
                  00000b16    00000002     --HOLE-- [fill = 0]
                  00000b18    00000044     rtsv7M4_T_le_v4SPD16_eabi.lib : autoinit.c.obj (.text:__TI_auto_init_nobinit_nopinit:__TI_auto_init_nobinit_nopinit)
                  00000b5c    00000038     driverlib.lib : sysctl.obj (.text:SysCtlPeripheralReady)
                  00000b94    00000034                   : interrupt.obj (.text:IntRegister)
                  00000bc8    00000034                   : sysctl.obj (.text:SysCtlPeripheralEnable)
                  00000bfc    00000034     rtsv7M4_T_le_v4SPD16_eabi.lib : boot_cortex_m.c.obj (.text:_c_int00_noargs:_c_int00_noargs)
                  00000c30    0000002a     driverlib.lib : gpio.obj (.text:GPIODirModeSet)
                  00000c5a    00000002     --HOLE-- [fill = 0]
                  00000c5c    00000024                   : interrupt.obj (.text:IntPrioritySet)
                  00000c80    00000020                   : uart.obj (.text:UARTDisable)
                  00000ca0    0000001c     rtsv7M4_T_le_v4SPD16_eabi.lib : copy_zero_init.c.obj (.text:decompress:ZI:__TI_zero_init_nomemset:__TI_zero_init_nomemset)
                  00000cbc    00000018     driverlib.lib : gpio.obj (.text:GPIOPinTypeGPIOOutput)
                  00000cd4    00000018                   : timer.obj (.text:TimerDisable)
                  00000cec    00000018                   : timer.obj (.text:TimerIntRegister)
                  00000d04    00000014                   : uart.obj (.text:UARTEnable)
                  00000d18    00000012                   : gpio.obj (.text:GPIOPinTypeUART)
                  00000d2a    00000012                   : timer.obj (.text:TimerLoadSet)
                  00000d3c    00000010                   : interrupt.obj (.text:IntMasterEnable)
                  00000d4c    0000000e                   : timer.obj (.text:TimerEnable)
                  00000d5a    0000000e                   : uart.obj (.text:UARTCharPutNonBlocking)
                  00000d68    0000000e                   : uart.obj (.text:UARTCharsAvail)
                  00000d76    0000000e     rtsv7M4_T_le_v4SPD16_eabi.lib : copy_decompress_none.c.obj (.text:decompress:none:__TI_decompress_none)
                  00000d84    0000000c     driverlib.lib : cpu.obj (.text:CPUcpsie)
                  00000d90    0000000c     tm4c123gh6pm_startup_ccs.obj (.text)
                  00000d9c    0000000a     driverlib.lib : uart.obj (.text:UARTCharGet)
                  00000da6    0000000a                   : uart.obj (.text:UARTCharPut)
                  00000db0    0000000a                   : uart.obj (.text:UARTFIFOEnable)
                  00000dba    0000000a                   : uart.obj (.text:UARTIntStatus)
                  00000dc4    00000008                   : timer.obj (.text:TimerIntEnable)
                  00000dcc    00000008                   : uart.obj (.text:UARTIntEnable)
                  00000dd4    00000006                   : gpio.obj (.text:GPIOPinRead)
                  00000dda    00000006                   : gpio.obj (.text:GPIOPinWrite)
                  00000de0    00000006                   : sysctl.obj (.text:SysCtlDelay)
                  00000de6    00000006                   : uart.obj (.text:UARTFIFOLevelSet)
                  00000dec    00000004                   : timer.obj (.text:TimerIntClear)
                  00000df0    00000004                   : uart.obj (.text:UARTIntClear)
                  00000df4    00000004     rtsv7M4_T_le_v4SPD16_eabi.lib : pre_init.c.obj (.text:_system_pre_init)
                  00000df8    00000004                                   : exit.c.obj (.text:abort:abort)

.const     0    00000dfc    000002a8     
                  00000dfc    0000009c     driverlib.lib : interrupt.obj (.const:g_pui32Regs)
                  00000e98    00000090                   : gpio.obj (.const:g_pui32GPIOBaseAddrs)
                  00000f28    00000070                   : interrupt.obj (.const)
                  00000f98    0000006c                   : sysctl.obj (.const:g_pui32Xtals)
                  00001004    00000060                   : timer.obj (.const:g_ppui32TimerIntMap)
                  00001064    00000040                   : timer.obj (.const:g_ppui32TimerIntMapSnowflake)

.cinit     0    000010a8    00000040     
                  000010a8    0000000c     (__TI_handler_table)
                  000010b4    00000004     --HOLE-- [fill = 0]
                  000010b8    00000008     (.cinit..bss.load) [load image, compression = zero_init]
                  000010c0    00000008     (.cinit..data.load) [load image, compression = lzss]
                  000010c8    00000008     (.cinit..vtable.load) [load image, compression = zero_init]
                  000010d0    00000018     (__TI_cinit_table)

.init_array 
*          0    00000000    00000000     UNINITIALIZED

.vtable    0    20000000    0000026c     UNINITIALIZED
                  20000000    0000026c     driverlib.lib : interrupt.obj (.vtable)

.bss       0    20000470    00000008     UNINITIALIZED
                  20000470    00000004     (.common:ui32Period)
                  20000474    00000004     (.common:ui32Status)

.data      0    20000478    00000005     UNINITIALIZED
                  20000478    00000005     main.obj (.data)

.stack     0    20000270    00000200     UNINITIALIZED
                  20000270    00000004     rtsv7M4_T_le_v4SPD16_eabi.lib : boot_cortex_m.c.obj (.stack)
                  20000274    000001fc     --HOLE--

__llvm_prf_cnts 
*          0    20000000    00000000     UNINITIALIZED

MODULE SUMMARY

       Module                         code   ro data   rw data
       ------                         ----   -------   -------
    .\
       main.obj                       636    0         13     
       tm4c123gh6pm_startup_ccs.obj   12     620       0      
    +--+------------------------------+------+---------+---------+
       Total:                         648    620       13     
                                                              
    C:/ti/TivaWare_C_Series-2.1.4.178/driverlib/ccs/Debug/driverlib.lib
       interrupt.obj                  208    268       620    
       sysctl.obj                     710    108       0      
       gpio.obj                       474    144       0      
       timer.obj                      264    160       0      
       uart.obj                       208    0         0      
       cpu.obj                        12     0         0      
    +--+------------------------------+------+---------+---------+
       Total:                         1876   680       620    
                                                              
    C:\Program Files (x86)\ccs\tools\compiler\ti-cgt-arm_20.2.4.LTS\lib\rtsv7M4_T_le_v4SPD16_eabi.lib
       memcpy_t2.asm.obj              156    0         0      
       copy_decompress_lzss.c.obj     104    0         0      
       autoinit.c.obj                 68     0         0      
       boot_cortex_m.c.obj            52     0         0      
       copy_zero_init.c.obj           28     0         0      
       copy_decompress_none.c.obj     14     0         0      
       exit.c.obj                     4      0         0      
       pre_init.c.obj                 4      0         0      
    +--+------------------------------+------+---------+---------+
       Total:                         430    0         0      
                                                              
       Stack:                         0      0         512    
       Linker Generated:              0      60        0      
    +--+------------------------------+------+---------+---------+
       Grand Total:                   2954   1360      1145   


LINKER GENERATED COPY TABLES

__TI_cinit_table @ 000010d0 records: 3, size/record: 8, table size: 24
	.bss: load addr=000010b8, load size=00000008 bytes, run addr=20000470, run size=00000008 bytes, compression=zero_init
	.data: load addr=000010c0, load size=00000008 bytes, run addr=20000478, run size=00000005 bytes, compression=lzss
	.vtable: load addr=000010c8, load size=00000008 bytes, run addr=20000000, run size=0000026c bytes, compression=zero_init


LINKER GENERATED HANDLER TABLE

__TI_handler_table @ 000010a8 records: 3, size/record: 4, table size: 12
	index: 0, handler: __TI_zero_init
	index: 1, handler: __TI_decompress_lzss
	index: 2, handler: __TI_decompress_none


GLOBAL SYMBOLS: SORTED ALPHABETICALLY BY Name 

address   name                          
-------   ----                          
00000df9  C$$EXIT                       
00000d85  CPUcpsie                      
00000c31  GPIODirModeSet                
000004e9  GPIOPadConfigSet              
00000a89  GPIOPinConfigure              
00000dd5  GPIOPinRead                   
00000cbd  GPIOPinTypeGPIOOutput         
00000d19  GPIOPinTypeUART               
00000ddb  GPIOPinWrite                  
00000433  InitUART                      
000008bd  IntEnable                     
00000d3d  IntMasterEnable               
00000c5d  IntPrioritySet                
00000b95  IntRegister                   
20000478  Led_status                    
00000d91  ResetISR                      
0000061d  SysCtlClockGet                
0000072d  SysCtlClockSet                
00000de1  SysCtlDelay                   
00000bc9  SysCtlPeripheralEnable        
00000b5d  SysCtlPeripheralReady         
000009ed  SysCtlPeripheralReset         
00000363  Timer0IntHandler              
0000098d  TimerConfigure                
00000cd5  TimerDisable                  
00000d4d  TimerEnable                   
00000ded  TimerIntClear                 
00000dc5  TimerIntEnable                
00000ced  TimerIntRegister              
00000d2b  TimerLoadSet                  
00000d9d  UARTCharGet                   
00000da7  UARTCharPut                   
00000d5b  UARTCharPutNonBlocking        
00000d69  UARTCharsAvail                
00000ad1  UARTConfigSetExpClk           
00000c81  UARTDisable                   
00000d05  UARTEnable                    
00000db1  UARTFIFOEnable                
00000de7  UARTFIFOLevelSet              
00000df1  UARTIntClear                  
00000dcd  UARTIntEnable                 
000003f9  UARTIntHandler                
00000dbb  UARTIntStatus                 
20000470  __STACK_END                   
00000200  __STACK_SIZE                  
20000470  __STACK_TOP                   
000010d0  __TI_CINIT_Base               
000010e8  __TI_CINIT_Limit              
000010a8  __TI_Handler_Table_Base       
000010b4  __TI_Handler_Table_Limit      
00000b19  __TI_auto_init_nobinit_nopinit
00000925  __TI_decompress_lzss          
00000d77  __TI_decompress_none          
ffffffff  __TI_pprof_out_hndl           
ffffffff  __TI_prof_data_size           
ffffffff  __TI_prof_data_start          
00000000  __TI_static_base__            
00000ca1  __TI_zero_init_nomemset       
00000821  __aeabi_memcpy                
00000821  __aeabi_memcpy4               
00000821  __aeabi_memcpy8               
ffffffff  __binit__                     
ffffffff  __c_args__                    
UNDEFED   __mpu_init                    
20000270  __stack                       
20000000  __start___llvm_prf_cnts       
20000000  __stop___llvm_prf_cnts        
00000bfd  _c_int00_noargs               
UNDEFED   _system_post_cinit            
00000df5  _system_pre_init              
00000df9  abort                         
ffffffff  binit                         
20000000  g_pfnRAMVectors               
00000000  g_pfnVectors                  
2000047c  letra                         
0000026d  main                          
00000821  memcpy                        
20000470  ui32Period                    
20000474  ui32Status                    


GLOBAL SYMBOLS: SORTED BY Symbol Address 

address   name                          
-------   ----                          
00000000  __TI_static_base__            
00000000  g_pfnVectors                  
00000200  __STACK_SIZE                  
0000026d  main                          
00000363  Timer0IntHandler              
000003f9  UARTIntHandler                
00000433  InitUART                      
000004e9  GPIOPadConfigSet              
0000061d  SysCtlClockGet                
0000072d  SysCtlClockSet                
00000821  __aeabi_memcpy                
00000821  __aeabi_memcpy4               
00000821  __aeabi_memcpy8               
00000821  memcpy                        
000008bd  IntEnable                     
00000925  __TI_decompress_lzss          
0000098d  TimerConfigure                
000009ed  SysCtlPeripheralReset         
00000a89  GPIOPinConfigure              
00000ad1  UARTConfigSetExpClk           
00000b19  __TI_auto_init_nobinit_nopinit
00000b5d  SysCtlPeripheralReady         
00000b95  IntRegister                   
00000bc9  SysCtlPeripheralEnable        
00000bfd  _c_int00_noargs               
00000c31  GPIODirModeSet                
00000c5d  IntPrioritySet                
00000c81  UARTDisable                   
00000ca1  __TI_zero_init_nomemset       
00000cbd  GPIOPinTypeGPIOOutput         
00000cd5  TimerDisable                  
00000ced  TimerIntRegister              
00000d05  UARTEnable                    
00000d19  GPIOPinTypeUART               
00000d2b  TimerLoadSet                  
00000d3d  IntMasterEnable               
00000d4d  TimerEnable                   
00000d5b  UARTCharPutNonBlocking        
00000d69  UARTCharsAvail                
00000d77  __TI_decompress_none          
00000d85  CPUcpsie                      
00000d91  ResetISR                      
00000d9d  UARTCharGet                   
00000da7  UARTCharPut                   
00000db1  UARTFIFOEnable                
00000dbb  UARTIntStatus                 
00000dc5  TimerIntEnable                
00000dcd  UARTIntEnable                 
00000dd5  GPIOPinRead                   
00000ddb  GPIOPinWrite                  
00000de1  SysCtlDelay                   
00000de7  UARTFIFOLevelSet              
00000ded  TimerIntClear                 
00000df1  UARTIntClear                  
00000df5  _system_pre_init              
00000df9  C$$EXIT                       
00000df9  abort                         
000010a8  __TI_Handler_Table_Base       
000010b4  __TI_Handler_Table_Limit      
000010d0  __TI_CINIT_Base               
000010e8  __TI_CINIT_Limit              
20000000  __start___llvm_prf_cnts       
20000000  __stop___llvm_prf_cnts        
20000000  g_pfnRAMVectors               
20000270  __stack                       
20000470  __STACK_END                   
20000470  __STACK_TOP                   
20000470  ui32Period                    
20000474  ui32Status                    
20000478  Led_status                    
2000047c  letra                         
ffffffff  __TI_pprof_out_hndl           
ffffffff  __TI_prof_data_size           
ffffffff  __TI_prof_data_start          
ffffffff  __binit__                     
ffffffff  __c_args__                    
ffffffff  binit                         
UNDEFED   __mpu_init                    
UNDEFED   _system_post_cinit            

[79 symbols]
