******************************************************************************
                  TI ARM Linker PC v20.2.4                     
******************************************************************************
>> Linked Thu May 13 10:35:45 2021

OUTPUT FILE NAME:   <Lab7_prueba3.out>
ENTRY POINT SYMBOL: "_c_int00_noargs"  address: 00000cdd


MEMORY CONFIGURATION

         name            origin    length      used     unused   attr    fill
----------------------  --------  ---------  --------  --------  ----  --------
  FLASH                 00000000   00040000  000010f4  0003ef0c  R  X
  SRAM                  20000000   00008000  00000478  00007b88  RW X


SEGMENT ALLOCATION MAP

run origin  load origin   length   init length attrs members
----------  ----------- ---------- ----------- ----- -------
00000000    00000000    000010f8   000010f8    r-x
  00000000    00000000    0000026c   0000026c    r-- .intvecs
  0000026c    0000026c    00000c3c   00000c3c    r-x .text
  00000ea8    00000ea8    0000020c   0000020c    r-- .const
  000010b8    000010b8    00000040   00000040    r-- .cinit
20000000    20000000    00000478   00000000    rw-
  20000000    20000000    0000026c   00000000    rw- .vtable
  2000026c    2000026c    00000004   00000000    rw- .data
  20000270    20000270    00000200   00000000    rw- .stack
  20000470    20000470    00000008   00000000    rw- .bss


SECTION ALLOCATION MAP

 output                                  attributes/
section   page    origin      length       input sections
--------  ----  ----------  ----------   ----------------
.intvecs   0    00000000    0000026c     
                  00000000    0000026c     tm4c123gh6pm_startup_ccs.obj (.intvecs)

.text      0    0000026c    00000c3c     
                  0000026c    0000035c     main.obj (.text)
                  000005c8    00000132     driverlib.lib : gpio.obj (.text:GPIOPadConfigSet)
                  000006fa    00000002     --HOLE-- [fill = 0]
                  000006fc    00000110                   : sysctl.obj (.text:SysCtlClockGet)
                  0000080c    000000f4                   : sysctl.obj (.text:SysCtlClockSet)
                  00000900    0000009c     rtsv7M4_T_le_v4SPD16_eabi.lib : memcpy_t2.asm.obj (.text)
                  0000099c    00000068     driverlib.lib : interrupt.obj (.text:IntEnable)
                  00000a04    00000068     rtsv7M4_T_le_v4SPD16_eabi.lib : copy_decompress_lzss.c.obj (.text:decompress:lzss:__TI_decompress_lzss)
                  00000a6c    00000060     driverlib.lib : timer.obj (.text:TimerConfigure)
                  00000acc    00000050                   : sysctl.obj (.text:SysCtlPeripheralReset)
                  00000b1c    0000004c                   : timer.obj (.text:_TimerIntNumberGet)
                  00000b68    00000048                   : gpio.obj (.text:GPIOPinConfigure)
                  00000bb0    00000046                   : uart.obj (.text:UARTConfigSetExpClk)
                  00000bf6    00000002     --HOLE-- [fill = 0]
                  00000bf8    00000044     rtsv7M4_T_le_v4SPD16_eabi.lib : autoinit.c.obj (.text:__TI_auto_init_nobinit_nopinit:__TI_auto_init_nobinit_nopinit)
                  00000c3c    00000038     driverlib.lib : sysctl.obj (.text:SysCtlPeripheralReady)
                  00000c74    00000034                   : interrupt.obj (.text:IntRegister)
                  00000ca8    00000034                   : sysctl.obj (.text:SysCtlPeripheralEnable)
                  00000cdc    00000034     rtsv7M4_T_le_v4SPD16_eabi.lib : boot_cortex_m.c.obj (.text:_c_int00_noargs:_c_int00_noargs)
                  00000d10    0000002a     driverlib.lib : gpio.obj (.text:GPIODirModeSet)
                  00000d3a    00000002     --HOLE-- [fill = 0]
                  00000d3c    00000020                   : uart.obj (.text:UARTDisable)
                  00000d5c    0000001c     rtsv7M4_T_le_v4SPD16_eabi.lib : copy_zero_init.c.obj (.text:decompress:ZI:__TI_zero_init_nomemset:__TI_zero_init_nomemset)
                  00000d78    00000018     driverlib.lib : gpio.obj (.text:GPIOPinTypeGPIOOutput)
                  00000d90    00000018                   : timer.obj (.text:TimerDisable)
                  00000da8    00000018                   : timer.obj (.text:TimerIntRegister)
                  00000dc0    00000014                   : uart.obj (.text:UARTEnable)
                  00000dd4    00000012                   : gpio.obj (.text:GPIOPinTypeUART)
                  00000de6    00000012                   : timer.obj (.text:TimerLoadSet)
                  00000df8    00000010                   : interrupt.obj (.text:IntMasterEnable)
                  00000e08    0000000e                   : timer.obj (.text:TimerEnable)
                  00000e16    0000000e                   : uart.obj (.text:UARTCharPutNonBlocking)
                  00000e24    0000000e                   : uart.obj (.text:UARTCharsAvail)
                  00000e32    0000000e     rtsv7M4_T_le_v4SPD16_eabi.lib : copy_decompress_none.c.obj (.text:decompress:none:__TI_decompress_none)
                  00000e40    0000000c     driverlib.lib : cpu.obj (.text:CPUcpsie)
                  00000e4c    0000000c     tm4c123gh6pm_startup_ccs.obj (.text)
                  00000e58    0000000a     driverlib.lib : uart.obj (.text:UARTCharGet)
                  00000e62    0000000a                   : uart.obj (.text:UARTCharPut)
                  00000e6c    0000000a                   : uart.obj (.text:UARTIntStatus)
                  00000e76    00000008                   : timer.obj (.text:TimerIntEnable)
                  00000e7e    00000008                   : uart.obj (.text:UARTIntEnable)
                  00000e86    00000006                   : gpio.obj (.text:GPIOPinRead)
                  00000e8c    00000006                   : gpio.obj (.text:GPIOPinWrite)
                  00000e92    00000006                   : sysctl.obj (.text:SysCtlDelay)
                  00000e98    00000004                   : timer.obj (.text:TimerIntClear)
                  00000e9c    00000004                   : uart.obj (.text:UARTIntClear)
                  00000ea0    00000004     rtsv7M4_T_le_v4SPD16_eabi.lib : pre_init.c.obj (.text:_system_pre_init)
                  00000ea4    00000004                                   : exit.c.obj (.text:abort:abort)

.const     0    00000ea8    0000020c     
                  00000ea8    00000090     driverlib.lib : gpio.obj (.const:g_pui32GPIOBaseAddrs)
                  00000f38    00000070                   : interrupt.obj (.const)
                  00000fa8    0000006c                   : sysctl.obj (.const:g_pui32Xtals)
                  00001014    00000060                   : timer.obj (.const:g_ppui32TimerIntMap)
                  00001074    00000040                   : timer.obj (.const:g_ppui32TimerIntMapSnowflake)

.cinit     0    000010b8    00000040     
                  000010b8    0000000c     (__TI_handler_table)
                  000010c4    00000004     --HOLE-- [fill = 0]
                  000010c8    00000008     (.cinit..bss.load) [load image, compression = zero_init]
                  000010d0    00000008     (.cinit..data.load) [load image, compression = lzss]
                  000010d8    00000008     (.cinit..vtable.load) [load image, compression = zero_init]
                  000010e0    00000018     (__TI_cinit_table)

.init_array 
*          0    00000000    00000000     UNINITIALIZED

.vtable    0    20000000    0000026c     UNINITIALIZED
                  20000000    0000026c     driverlib.lib : interrupt.obj (.vtable)

.data      0    2000026c    00000004     UNINITIALIZED
                  2000026c    00000004     main.obj (.data)

.bss       0    20000470    00000008     UNINITIALIZED
                  20000470    00000004     (.common:ui32Period)
                  20000474    00000004     (.common:ui32Status)

.stack     0    20000270    00000200     UNINITIALIZED
                  20000270    00000004     rtsv7M4_T_le_v4SPD16_eabi.lib : boot_cortex_m.c.obj (.stack)
                  20000274    000001fc     --HOLE--

__llvm_prf_cnts 
*          0    20000000    00000000     UNINITIALIZED

MODULE SUMMARY

       Module                         code   ro data   rw data
       ------                         ----   -------   -------
    .\
       main.obj                       860    0         12     
       tm4c123gh6pm_startup_ccs.obj   12     620       0      
    +--+------------------------------+------+---------+---------+
       Total:                         872    620       12     
                                                              
    C:/ti/TivaWare_C_Series-2.1.4.178/driverlib/ccs/Debug/driverlib.lib
       interrupt.obj                  172    112       620    
       sysctl.obj                     710    108       0      
       gpio.obj                       474    144       0      
       timer.obj                      264    160       0      
       uart.obj                       192    0         0      
       cpu.obj                        12     0         0      
    +--+------------------------------+------+---------+---------+
       Total:                         1824   524       620    
                                                              
    C:\Program Files (x86)\ccs\tools\compiler\ti-cgt-arm_20.2.4.LTS\lib\rtsv7M4_T_le_v4SPD16_eabi.lib
       memcpy_t2.asm.obj              156    0         0      
       copy_decompress_lzss.c.obj     104    0         0      
       autoinit.c.obj                 68     0         0      
       boot_cortex_m.c.obj            52     0         0      
       copy_zero_init.c.obj           28     0         0      
       copy_decompress_none.c.obj     14     0         0      
       exit.c.obj                     4      0         0      
       pre_init.c.obj                 4      0         0      
    +--+------------------------------+------+---------+---------+
       Total:                         430    0         0      
                                                              
       Stack:                         0      0         512    
       Linker Generated:              0      60        0      
    +--+------------------------------+------+---------+---------+
       Grand Total:                   3126   1204      1144   


LINKER GENERATED COPY TABLES

__TI_cinit_table @ 000010e0 records: 3, size/record: 8, table size: 24
	.bss: load addr=000010c8, load size=00000008 bytes, run addr=20000470, run size=00000008 bytes, compression=zero_init
	.data: load addr=000010d0, load size=00000008 bytes, run addr=2000026c, run size=00000004 bytes, compression=lzss
	.vtable: load addr=000010d8, load size=00000008 bytes, run addr=20000000, run size=0000026c bytes, compression=zero_init


LINKER GENERATED HANDLER TABLE

__TI_handler_table @ 000010b8 records: 3, size/record: 4, table size: 12
	index: 0, handler: __TI_zero_init
	index: 1, handler: __TI_decompress_lzss
	index: 2, handler: __TI_decompress_none


GLOBAL SYMBOLS: SORTED ALPHABETICALLY BY Name 

address   name                          
-------   ----                          
2000026e  Ban_azul                      
2000026c  Ban_rojo                      
2000026d  Ban_verde                     
00000ea5  C$$EXIT                       
00000e41  CPUcpsie                      
00000d11  GPIODirModeSet                
000005c9  GPIOPadConfigSet              
00000b69  GPIOPinConfigure              
00000e87  GPIOPinRead                   
00000d79  GPIOPinTypeGPIOOutput         
00000dd5  GPIOPinTypeUART               
00000e8d  GPIOPinWrite                  
00000529  InitUART                      
0000099d  IntEnable                     
00000df9  IntMasterEnable               
00000c75  IntRegister                   
00000e4d  ResetISR                      
000006fd  SysCtlClockGet                
0000080d  SysCtlClockSet                
00000e93  SysCtlDelay                   
00000ca9  SysCtlPeripheralEnable        
00000c3d  SysCtlPeripheralReady         
00000acd  SysCtlPeripheralReset         
00000363  Timer0IntHandler              
00000a6d  TimerConfigure                
00000d91  TimerDisable                  
00000e09  TimerEnable                   
00000e99  TimerIntClear                 
00000e77  TimerIntEnable                
00000da9  TimerIntRegister              
00000de7  TimerLoadSet                  
00000e59  UARTCharGet                   
00000e63  UARTCharPut                   
00000e17  UARTCharPutNonBlocking        
00000e25  UARTCharsAvail                
00000bb1  UARTConfigSetExpClk           
00000d3d  UARTDisable                   
00000dc1  UARTEnable                    
00000e9d  UARTIntClear                  
00000e7f  UARTIntEnable                 
000004bb  UARTIntHandler                
00000e6d  UARTIntStatus                 
20000470  __STACK_END                   
00000200  __STACK_SIZE                  
20000470  __STACK_TOP                   
000010e0  __TI_CINIT_Base               
000010f8  __TI_CINIT_Limit              
000010b8  __TI_Handler_Table_Base       
000010c4  __TI_Handler_Table_Limit      
00000bf9  __TI_auto_init_nobinit_nopinit
00000a05  __TI_decompress_lzss          
00000e33  __TI_decompress_none          
ffffffff  __TI_pprof_out_hndl           
ffffffff  __TI_prof_data_size           
ffffffff  __TI_prof_data_start          
00000000  __TI_static_base__            
00000d5d  __TI_zero_init_nomemset       
00000901  __aeabi_memcpy                
00000901  __aeabi_memcpy4               
00000901  __aeabi_memcpy8               
ffffffff  __binit__                     
ffffffff  __c_args__                    
UNDEFED   __mpu_init                    
20000270  __stack                       
20000000  __start___llvm_prf_cnts       
20000000  __stop___llvm_prf_cnts        
00000cdd  _c_int00_noargs               
UNDEFED   _system_post_cinit            
00000ea1  _system_pre_init              
00000ea5  abort                         
ffffffff  binit                         
20000000  g_pfnRAMVectors               
00000000  g_pfnVectors                  
2000026f  letra                         
0000026d  main                          
00000901  memcpy                        
20000470  ui32Period                    
20000474  ui32Status                    


GLOBAL SYMBOLS: SORTED BY Symbol Address 

address   name                          
-------   ----                          
00000000  __TI_static_base__            
00000000  g_pfnVectors                  
00000200  __STACK_SIZE                  
0000026d  main                          
00000363  Timer0IntHandler              
000004bb  UARTIntHandler                
00000529  InitUART                      
000005c9  GPIOPadConfigSet              
000006fd  SysCtlClockGet                
0000080d  SysCtlClockSet                
00000901  __aeabi_memcpy                
00000901  __aeabi_memcpy4               
00000901  __aeabi_memcpy8               
00000901  memcpy                        
0000099d  IntEnable                     
00000a05  __TI_decompress_lzss          
00000a6d  TimerConfigure                
00000acd  SysCtlPeripheralReset         
00000b69  GPIOPinConfigure              
00000bb1  UARTConfigSetExpClk           
00000bf9  __TI_auto_init_nobinit_nopinit
00000c3d  SysCtlPeripheralReady         
00000c75  IntRegister                   
00000ca9  SysCtlPeripheralEnable        
00000cdd  _c_int00_noargs               
00000d11  GPIODirModeSet                
00000d3d  UARTDisable                   
00000d5d  __TI_zero_init_nomemset       
00000d79  GPIOPinTypeGPIOOutput         
00000d91  TimerDisable                  
00000da9  TimerIntRegister              
00000dc1  UARTEnable                    
00000dd5  GPIOPinTypeUART               
00000de7  TimerLoadSet                  
00000df9  IntMasterEnable               
00000e09  TimerEnable                   
00000e17  UARTCharPutNonBlocking        
00000e25  UARTCharsAvail                
00000e33  __TI_decompress_none          
00000e41  CPUcpsie                      
00000e4d  ResetISR                      
00000e59  UARTCharGet                   
00000e63  UARTCharPut                   
00000e6d  UARTIntStatus                 
00000e77  TimerIntEnable                
00000e7f  UARTIntEnable                 
00000e87  GPIOPinRead                   
00000e8d  GPIOPinWrite                  
00000e93  SysCtlDelay                   
00000e99  TimerIntClear                 
00000e9d  UARTIntClear                  
00000ea1  _system_pre_init              
00000ea5  C$$EXIT                       
00000ea5  abort                         
000010b8  __TI_Handler_Table_Base       
000010c4  __TI_Handler_Table_Limit      
000010e0  __TI_CINIT_Base               
000010f8  __TI_CINIT_Limit              
20000000  __start___llvm_prf_cnts       
20000000  __stop___llvm_prf_cnts        
20000000  g_pfnRAMVectors               
2000026c  Ban_rojo                      
2000026d  Ban_verde                     
2000026e  Ban_azul                      
2000026f  letra                         
20000270  __stack                       
20000470  __STACK_END                   
20000470  __STACK_TOP                   
20000470  ui32Period                    
20000474  ui32Status                    
ffffffff  __TI_pprof_out_hndl           
ffffffff  __TI_prof_data_size           
ffffffff  __TI_prof_data_start          
ffffffff  __binit__                     
ffffffff  __c_args__                    
ffffffff  binit                         
UNDEFED   __mpu_init                    
UNDEFED   _system_post_cinit            

[78 symbols]
