******************************************************************************
                  TI ARM Linker PC v20.2.4                     
******************************************************************************
>> Linked Thu May 13 09:03:34 2021

OUTPUT FILE NAME:   <Lab7_prueba3.out>
ENTRY POINT SYMBOL: "_c_int00_noargs"  address: 00000ba1


MEMORY CONFIGURATION

         name            origin    length      used     unused   attr    fill
----------------------  --------  ---------  --------  --------  ----  --------
  FLASH                 00000000   00040000  00001070  0003ef90  R  X
  SRAM                  20000000   00008000  00000479  00007b87  RW X


SEGMENT ALLOCATION MAP

run origin  load origin   length   init length attrs members
----------  ----------- ---------- ----------- ----- -------
00000000    00000000    00001070   00001070    r-x
  00000000    00000000    0000026c   0000026c    r-- .intvecs
  0000026c    0000026c    00000b1c   00000b1c    r-x .text
  00000d88    00000d88    000002a8   000002a8    r-- .const
  00001030    00001030    00000040   00000040    r-- .cinit
20000000    20000000    0000047d   00000000    rw-
  20000000    20000000    0000026c   00000000    rw- .vtable
  20000270    20000270    00000200   00000000    rw- .stack
  20000470    20000470    00000008   00000000    rw- .bss
  20000478    20000478    00000005   00000000    rw- .data


SECTION ALLOCATION MAP

 output                                  attributes/
section   page    origin      length       input sections
--------  ----  ----------  ----------   ----------------
.intvecs   0    00000000    0000026c     
                  00000000    0000026c     tm4c123gh6pm_startup_ccs.obj (.intvecs)

.text      0    0000026c    00000b1c     
                  0000026c    00000270     main.obj (.text)
                  000004dc    00000132     driverlib.lib : gpio.obj (.text:GPIOPadConfigSet)
                  0000060e    00000002     --HOLE-- [fill = 0]
                  00000610    00000110                   : sysctl.obj (.text:SysCtlClockGet)
                  00000720    000000f4                   : sysctl.obj (.text:SysCtlClockSet)
                  00000814    0000009c     rtsv7M4_T_le_v4SPD16_eabi.lib : memcpy_t2.asm.obj (.text)
                  000008b0    00000068     driverlib.lib : interrupt.obj (.text:IntEnable)
                  00000918    00000068     rtsv7M4_T_le_v4SPD16_eabi.lib : copy_decompress_lzss.c.obj (.text:decompress:lzss:__TI_decompress_lzss)
                  00000980    00000060     driverlib.lib : timer.obj (.text:TimerConfigure)
                  000009e0    0000004c                   : timer.obj (.text:_TimerIntNumberGet)
                  00000a2c    00000048                   : gpio.obj (.text:GPIOPinConfigure)
                  00000a74    00000046                   : uart.obj (.text:UARTConfigSetExpClk)
                  00000aba    00000002     --HOLE-- [fill = 0]
                  00000abc    00000044     rtsv7M4_T_le_v4SPD16_eabi.lib : autoinit.c.obj (.text:__TI_auto_init_nobinit_nopinit:__TI_auto_init_nobinit_nopinit)
                  00000b00    00000038     driverlib.lib : sysctl.obj (.text:SysCtlPeripheralReady)
                  00000b38    00000034                   : interrupt.obj (.text:IntRegister)
                  00000b6c    00000034                   : sysctl.obj (.text:SysCtlPeripheralEnable)
                  00000ba0    00000034     rtsv7M4_T_le_v4SPD16_eabi.lib : boot_cortex_m.c.obj (.text:_c_int00_noargs:_c_int00_noargs)
                  00000bd4    0000002a     driverlib.lib : gpio.obj (.text:GPIODirModeSet)
                  00000bfe    00000002     --HOLE-- [fill = 0]
                  00000c00    00000024                   : interrupt.obj (.text:IntPrioritySet)
                  00000c24    00000020                   : uart.obj (.text:UARTDisable)
                  00000c44    0000001c     rtsv7M4_T_le_v4SPD16_eabi.lib : copy_zero_init.c.obj (.text:decompress:ZI:__TI_zero_init_nomemset:__TI_zero_init_nomemset)
                  00000c60    00000018     driverlib.lib : gpio.obj (.text:GPIOPinTypeGPIOOutput)
                  00000c78    00000018                   : timer.obj (.text:TimerIntRegister)
                  00000c90    00000014                   : uart.obj (.text:UARTEnable)
                  00000ca4    00000012                   : gpio.obj (.text:GPIOPinTypeUART)
                  00000cb6    00000012                   : timer.obj (.text:TimerLoadSet)
                  00000cc8    00000010                   : interrupt.obj (.text:IntMasterEnable)
                  00000cd8    0000000e                   : timer.obj (.text:TimerEnable)
                  00000ce6    0000000e                   : uart.obj (.text:UARTCharPutNonBlocking)
                  00000cf4    0000000e                   : uart.obj (.text:UARTCharsAvail)
                  00000d02    0000000e     rtsv7M4_T_le_v4SPD16_eabi.lib : copy_decompress_none.c.obj (.text:decompress:none:__TI_decompress_none)
                  00000d10    0000000c     driverlib.lib : cpu.obj (.text:CPUcpsie)
                  00000d1c    0000000c     tm4c123gh6pm_startup_ccs.obj (.text)
                  00000d28    0000000a     driverlib.lib : uart.obj (.text:UARTCharGet)
                  00000d32    0000000a                   : uart.obj (.text:UARTCharPut)
                  00000d3c    0000000a                   : uart.obj (.text:UARTFIFOEnable)
                  00000d46    0000000a                   : uart.obj (.text:UARTIntStatus)
                  00000d50    00000008                   : timer.obj (.text:TimerIntEnable)
                  00000d58    00000008                   : uart.obj (.text:UARTIntEnable)
                  00000d60    00000006                   : gpio.obj (.text:GPIOPinRead)
                  00000d66    00000006                   : gpio.obj (.text:GPIOPinWrite)
                  00000d6c    00000006                   : sysctl.obj (.text:SysCtlDelay)
                  00000d72    00000006                   : uart.obj (.text:UARTFIFOLevelSet)
                  00000d78    00000004                   : timer.obj (.text:TimerIntClear)
                  00000d7c    00000004                   : uart.obj (.text:UARTIntClear)
                  00000d80    00000004     rtsv7M4_T_le_v4SPD16_eabi.lib : pre_init.c.obj (.text:_system_pre_init)
                  00000d84    00000004                                   : exit.c.obj (.text:abort:abort)

.const     0    00000d88    000002a8     
                  00000d88    0000009c     driverlib.lib : interrupt.obj (.const:g_pui32Regs)
                  00000e24    00000090                   : gpio.obj (.const:g_pui32GPIOBaseAddrs)
                  00000eb4    00000070                   : interrupt.obj (.const)
                  00000f24    0000006c                   : sysctl.obj (.const:g_pui32Xtals)
                  00000f90    00000060                   : timer.obj (.const:g_ppui32TimerIntMap)
                  00000ff0    00000040                   : timer.obj (.const:g_ppui32TimerIntMapSnowflake)

.cinit     0    00001030    00000040     
                  00001030    0000000c     (__TI_handler_table)
                  0000103c    00000004     --HOLE-- [fill = 0]
                  00001040    00000008     (.cinit..bss.load) [load image, compression = zero_init]
                  00001048    00000008     (.cinit..data.load) [load image, compression = lzss]
                  00001050    00000008     (.cinit..vtable.load) [load image, compression = zero_init]
                  00001058    00000018     (__TI_cinit_table)

.init_array 
*          0    00000000    00000000     UNINITIALIZED

.vtable    0    20000000    0000026c     UNINITIALIZED
                  20000000    0000026c     driverlib.lib : interrupt.obj (.vtable)

.bss       0    20000470    00000008     UNINITIALIZED
                  20000470    00000004     (.common:ui32Period)
                  20000474    00000004     (.common:ui32Status)

.data      0    20000478    00000005     UNINITIALIZED
                  20000478    00000005     main.obj (.data)

.stack     0    20000270    00000200     UNINITIALIZED
                  20000270    00000004     rtsv7M4_T_le_v4SPD16_eabi.lib : boot_cortex_m.c.obj (.stack)
                  20000274    000001fc     --HOLE--

__llvm_prf_cnts 
*          0    20000000    00000000     UNINITIALIZED

MODULE SUMMARY

       Module                         code   ro data   rw data
       ------                         ----   -------   -------
    .\
       main.obj                       624    0         13     
       tm4c123gh6pm_startup_ccs.obj   12     620       0      
    +--+------------------------------+------+---------+---------+
       Total:                         636    620       13     
                                                              
    C:/ti/TivaWare_C_Series-2.1.4.178/driverlib/ccs/Debug/driverlib.lib
       interrupt.obj                  208    268       620    
       sysctl.obj                     630    108       0      
       gpio.obj                       474    144       0      
       timer.obj                      240    160       0      
       uart.obj                       208    0         0      
       cpu.obj                        12     0         0      
    +--+------------------------------+------+---------+---------+
       Total:                         1772   680       620    
                                                              
    C:\Program Files (x86)\ccs\tools\compiler\ti-cgt-arm_20.2.4.LTS\lib\rtsv7M4_T_le_v4SPD16_eabi.lib
       memcpy_t2.asm.obj              156    0         0      
       copy_decompress_lzss.c.obj     104    0         0      
       autoinit.c.obj                 68     0         0      
       boot_cortex_m.c.obj            52     0         0      
       copy_zero_init.c.obj           28     0         0      
       copy_decompress_none.c.obj     14     0         0      
       exit.c.obj                     4      0         0      
       pre_init.c.obj                 4      0         0      
    +--+------------------------------+------+---------+---------+
       Total:                         430    0         0      
                                                              
       Stack:                         0      0         512    
       Linker Generated:              0      60        0      
    +--+------------------------------+------+---------+---------+
       Grand Total:                   2838   1360      1145   


LINKER GENERATED COPY TABLES

__TI_cinit_table @ 00001058 records: 3, size/record: 8, table size: 24
	.bss: load addr=00001040, load size=00000008 bytes, run addr=20000470, run size=00000008 bytes, compression=zero_init
	.data: load addr=00001048, load size=00000008 bytes, run addr=20000478, run size=00000005 bytes, compression=lzss
	.vtable: load addr=00001050, load size=00000008 bytes, run addr=20000000, run size=0000026c bytes, compression=zero_init


LINKER GENERATED HANDLER TABLE

__TI_handler_table @ 00001030 records: 3, size/record: 4, table size: 12
	index: 0, handler: __TI_zero_init
	index: 1, handler: __TI_decompress_lzss
	index: 2, handler: __TI_decompress_none


GLOBAL SYMBOLS: SORTED ALPHABETICALLY BY Name 

address   name                          
-------   ----                          
00000d85  C$$EXIT                       
00000d11  CPUcpsie                      
00000bd5  GPIODirModeSet                
000004dd  GPIOPadConfigSet              
00000a2d  GPIOPinConfigure              
00000d61  GPIOPinRead                   
00000c61  GPIOPinTypeGPIOOutput         
00000ca5  GPIOPinTypeUART               
00000d67  GPIOPinWrite                  
0000041d  InitUART                      
000008b1  IntEnable                     
00000cc9  IntMasterEnable               
00000c01  IntPrioritySet                
00000b39  IntRegister                   
20000478  Led_status                    
00000d1d  ResetISR                      
00000611  SysCtlClockGet                
00000721  SysCtlClockSet                
00000d6d  SysCtlDelay                   
00000b6d  SysCtlPeripheralEnable        
00000b01  SysCtlPeripheralReady         
0000035f  Timer0IntHandler              
00000981  TimerConfigure                
00000cd9  TimerEnable                   
00000d79  TimerIntClear                 
00000d51  TimerIntEnable                
00000c79  TimerIntRegister              
00000cb7  TimerLoadSet                  
00000d29  UARTCharGet                   
00000d33  UARTCharPut                   
00000ce7  UARTCharPutNonBlocking        
00000cf5  UARTCharsAvail                
00000a75  UARTConfigSetExpClk           
00000c25  UARTDisable                   
00000c91  UARTEnable                    
00000d3d  UARTFIFOEnable                
00000d73  UARTFIFOLevelSet              
00000d7d  UARTIntClear                  
00000d59  UARTIntEnable                 
000003e3  UARTIntHandler                
00000d47  UARTIntStatus                 
20000470  __STACK_END                   
00000200  __STACK_SIZE                  
20000470  __STACK_TOP                   
00001058  __TI_CINIT_Base               
00001070  __TI_CINIT_Limit              
00001030  __TI_Handler_Table_Base       
0000103c  __TI_Handler_Table_Limit      
00000abd  __TI_auto_init_nobinit_nopinit
00000919  __TI_decompress_lzss          
00000d03  __TI_decompress_none          
ffffffff  __TI_pprof_out_hndl           
ffffffff  __TI_prof_data_size           
ffffffff  __TI_prof_data_start          
00000000  __TI_static_base__            
00000c45  __TI_zero_init_nomemset       
00000815  __aeabi_memcpy                
00000815  __aeabi_memcpy4               
00000815  __aeabi_memcpy8               
ffffffff  __binit__                     
ffffffff  __c_args__                    
UNDEFED   __mpu_init                    
20000270  __stack                       
20000000  __start___llvm_prf_cnts       
20000000  __stop___llvm_prf_cnts        
00000ba1  _c_int00_noargs               
UNDEFED   _system_post_cinit            
00000d81  _system_pre_init              
00000d85  abort                         
ffffffff  binit                         
20000000  g_pfnRAMVectors               
00000000  g_pfnVectors                  
2000047c  letra                         
0000026d  main                          
00000815  memcpy                        
20000470  ui32Period                    
20000474  ui32Status                    


GLOBAL SYMBOLS: SORTED BY Symbol Address 

address   name                          
-------   ----                          
00000000  __TI_static_base__            
00000000  g_pfnVectors                  
00000200  __STACK_SIZE                  
0000026d  main                          
0000035f  Timer0IntHandler              
000003e3  UARTIntHandler                
0000041d  InitUART                      
000004dd  GPIOPadConfigSet              
00000611  SysCtlClockGet                
00000721  SysCtlClockSet                
00000815  __aeabi_memcpy                
00000815  __aeabi_memcpy4               
00000815  __aeabi_memcpy8               
00000815  memcpy                        
000008b1  IntEnable                     
00000919  __TI_decompress_lzss          
00000981  TimerConfigure                
00000a2d  GPIOPinConfigure              
00000a75  UARTConfigSetExpClk           
00000abd  __TI_auto_init_nobinit_nopinit
00000b01  SysCtlPeripheralReady         
00000b39  IntRegister                   
00000b6d  SysCtlPeripheralEnable        
00000ba1  _c_int00_noargs               
00000bd5  GPIODirModeSet                
00000c01  IntPrioritySet                
00000c25  UARTDisable                   
00000c45  __TI_zero_init_nomemset       
00000c61  GPIOPinTypeGPIOOutput         
00000c79  TimerIntRegister              
00000c91  UARTEnable                    
00000ca5  GPIOPinTypeUART               
00000cb7  TimerLoadSet                  
00000cc9  IntMasterEnable               
00000cd9  TimerEnable                   
00000ce7  UARTCharPutNonBlocking        
00000cf5  UARTCharsAvail                
00000d03  __TI_decompress_none          
00000d11  CPUcpsie                      
00000d1d  ResetISR                      
00000d29  UARTCharGet                   
00000d33  UARTCharPut                   
00000d3d  UARTFIFOEnable                
00000d47  UARTIntStatus                 
00000d51  TimerIntEnable                
00000d59  UARTIntEnable                 
00000d61  GPIOPinRead                   
00000d67  GPIOPinWrite                  
00000d6d  SysCtlDelay                   
00000d73  UARTFIFOLevelSet              
00000d79  TimerIntClear                 
00000d7d  UARTIntClear                  
00000d81  _system_pre_init              
00000d85  C$$EXIT                       
00000d85  abort                         
00001030  __TI_Handler_Table_Base       
0000103c  __TI_Handler_Table_Limit      
00001058  __TI_CINIT_Base               
00001070  __TI_CINIT_Limit              
20000000  __start___llvm_prf_cnts       
20000000  __stop___llvm_prf_cnts        
20000000  g_pfnRAMVectors               
20000270  __stack                       
20000470  __STACK_END                   
20000470  __STACK_TOP                   
20000470  ui32Period                    
20000474  ui32Status                    
20000478  Led_status                    
2000047c  letra                         
ffffffff  __TI_pprof_out_hndl           
ffffffff  __TI_prof_data_size           
ffffffff  __TI_prof_data_start          
ffffffff  __binit__                     
ffffffff  __c_args__                    
ffffffff  binit                         
UNDEFED   __mpu_init                    
UNDEFED   _system_post_cinit            

[77 symbols]
