******************************************************************************
                  TI ARM Linker PC v20.2.4                     
******************************************************************************
>> Linked Mon May 17 16:58:56 2021

OUTPUT FILE NAME:   <Lab7_prueba3.out>
ENTRY POINT SYMBOL: "_c_int00_noargs"  address: 00000c75


MEMORY CONFIGURATION

         name            origin    length      used     unused   attr    fill
----------------------  --------  ---------  --------  --------  ----  --------
  FLASH                 00000000   00040000  00001074  0003ef8c  R  X
  SRAM                  20000000   00008000  00000478  00007b88  RW X


SEGMENT ALLOCATION MAP

run origin  load origin   length   init length attrs members
----------  ----------- ---------- ----------- ----- -------
00000000    00000000    00001078   00001078    r-x
  00000000    00000000    0000026c   0000026c    r-- .intvecs
  0000026c    0000026c    00000bbc   00000bbc    r-x .text
  00000e28    00000e28    0000020c   0000020c    r-- .const
  00001038    00001038    00000040   00000040    r-- .cinit
20000000    20000000    00000479   00000000    rw-
  20000000    20000000    0000026c   00000000    rw- .vtable
  2000026c    2000026c    00000003   00000000    rw- .data
  20000270    20000270    00000200   00000000    rw- .stack
  20000470    20000470    00000009   00000000    rw- .bss


SECTION ALLOCATION MAP

 output                                  attributes/
section   page    origin      length       input sections
--------  ----  ----------  ----------   ----------------
.intvecs   0    00000000    0000026c     
                  00000000    0000026c     tm4c123gh6pm_startup_ccs.obj (.intvecs)

.text      0    0000026c    00000bbc     
                  0000026c    00000344     main.obj (.text)
                  000005b0    00000132     driverlib.lib : gpio.obj (.text:GPIOPadConfigSet)
                  000006e2    00000002     --HOLE-- [fill = 0]
                  000006e4    00000110                   : sysctl.obj (.text:SysCtlClockGet)
                  000007f4    000000f4                   : sysctl.obj (.text:SysCtlClockSet)
                  000008e8    0000009c     rtsv7M4_T_le_v4SPD16_eabi.lib : memcpy_t2.asm.obj (.text)
                  00000984    00000068     driverlib.lib : interrupt.obj (.text:IntEnable)
                  000009ec    00000068     rtsv7M4_T_le_v4SPD16_eabi.lib : copy_decompress_lzss.c.obj (.text:decompress:lzss:__TI_decompress_lzss)
                  00000a54    00000060     driverlib.lib : timer.obj (.text:TimerConfigure)
                  00000ab4    0000004c                   : timer.obj (.text:_TimerIntNumberGet)
                  00000b00    00000048                   : gpio.obj (.text:GPIOPinConfigure)
                  00000b48    00000046                   : uart.obj (.text:UARTConfigSetExpClk)
                  00000b8e    00000002     --HOLE-- [fill = 0]
                  00000b90    00000044     rtsv7M4_T_le_v4SPD16_eabi.lib : autoinit.c.obj (.text:__TI_auto_init_nobinit_nopinit:__TI_auto_init_nobinit_nopinit)
                  00000bd4    00000038     driverlib.lib : sysctl.obj (.text:SysCtlPeripheralReady)
                  00000c0c    00000034                   : interrupt.obj (.text:IntRegister)
                  00000c40    00000034                   : sysctl.obj (.text:SysCtlPeripheralEnable)
                  00000c74    00000034     rtsv7M4_T_le_v4SPD16_eabi.lib : boot_cortex_m.c.obj (.text:_c_int00_noargs:_c_int00_noargs)
                  00000ca8    0000002a     driverlib.lib : gpio.obj (.text:GPIODirModeSet)
                  00000cd2    00000002     --HOLE-- [fill = 0]
                  00000cd4    00000020                   : uart.obj (.text:UARTDisable)
                  00000cf4    0000001c     rtsv7M4_T_le_v4SPD16_eabi.lib : copy_zero_init.c.obj (.text:decompress:ZI:__TI_zero_init_nomemset:__TI_zero_init_nomemset)
                  00000d10    00000018     driverlib.lib : gpio.obj (.text:GPIOPinTypeGPIOOutput)
                  00000d28    00000018                   : timer.obj (.text:TimerIntRegister)
                  00000d40    00000014                   : uart.obj (.text:UARTEnable)
                  00000d54    00000012                   : gpio.obj (.text:GPIOPinTypeUART)
                  00000d66    00000012                   : timer.obj (.text:TimerLoadSet)
                  00000d78    00000010                   : interrupt.obj (.text:IntMasterEnable)
                  00000d88    0000000e                   : timer.obj (.text:TimerEnable)
                  00000d96    0000000e                   : uart.obj (.text:UARTCharPutNonBlocking)
                  00000da4    0000000e                   : uart.obj (.text:UARTCharsAvail)
                  00000db2    0000000e     rtsv7M4_T_le_v4SPD16_eabi.lib : copy_decompress_none.c.obj (.text:decompress:none:__TI_decompress_none)
                  00000dc0    0000000c     driverlib.lib : cpu.obj (.text:CPUcpsie)
                  00000dcc    0000000c     tm4c123gh6pm_startup_ccs.obj (.text)
                  00000dd8    0000000a     driverlib.lib : uart.obj (.text:UARTCharGet)
                  00000de2    0000000a                   : uart.obj (.text:UARTCharPut)
                  00000dec    0000000a                   : uart.obj (.text:UARTIntStatus)
                  00000df6    00000008                   : timer.obj (.text:TimerIntEnable)
                  00000dfe    00000008                   : uart.obj (.text:UARTIntEnable)
                  00000e06    00000006                   : gpio.obj (.text:GPIOPinRead)
                  00000e0c    00000006                   : gpio.obj (.text:GPIOPinWrite)
                  00000e12    00000006                   : sysctl.obj (.text:SysCtlDelay)
                  00000e18    00000004                   : timer.obj (.text:TimerIntClear)
                  00000e1c    00000004                   : uart.obj (.text:UARTIntClear)
                  00000e20    00000004     rtsv7M4_T_le_v4SPD16_eabi.lib : pre_init.c.obj (.text:_system_pre_init)
                  00000e24    00000004                                   : exit.c.obj (.text:abort:abort)

.const     0    00000e28    0000020c     
                  00000e28    00000090     driverlib.lib : gpio.obj (.const:g_pui32GPIOBaseAddrs)
                  00000eb8    00000070                   : interrupt.obj (.const)
                  00000f28    0000006c                   : sysctl.obj (.const:g_pui32Xtals)
                  00000f94    00000060                   : timer.obj (.const:g_ppui32TimerIntMap)
                  00000ff4    00000040                   : timer.obj (.const:g_ppui32TimerIntMapSnowflake)

.cinit     0    00001038    00000040     
                  00001038    0000000c     (__TI_handler_table)
                  00001044    00000004     --HOLE-- [fill = 0]
                  00001048    00000008     (.cinit..bss.load) [load image, compression = zero_init]
                  00001050    00000008     (.cinit..vtable.load) [load image, compression = zero_init]
                  00001058    00000007     (.cinit..data.load) [load image, compression = lzss]
                  0000105f    00000001     --HOLE-- [fill = 0]
                  00001060    00000018     (__TI_cinit_table)

.init_array 
*          0    00000000    00000000     UNINITIALIZED

.vtable    0    20000000    0000026c     UNINITIALIZED
                  20000000    0000026c     driverlib.lib : interrupt.obj (.vtable)

.data      0    2000026c    00000003     UNINITIALIZED
                  2000026c    00000003     main.obj (.data)

.bss       0    20000470    00000009     UNINITIALIZED
                  20000470    00000004     (.common:ui32Period)
                  20000474    00000004     (.common:ui32Status)
                  20000478    00000001     (.common:letra)

.stack     0    20000270    00000200     UNINITIALIZED
                  20000270    00000004     rtsv7M4_T_le_v4SPD16_eabi.lib : boot_cortex_m.c.obj (.stack)
                  20000274    000001fc     --HOLE--

__llvm_prf_cnts 
*          0    20000000    00000000     UNINITIALIZED

MODULE SUMMARY

       Module                         code   ro data   rw data
       ------                         ----   -------   -------
    .\
       main.obj                       836    0         12     
       tm4c123gh6pm_startup_ccs.obj   12     620       0      
    +--+------------------------------+------+---------+---------+
       Total:                         848    620       12     
                                                              
    C:/ti/TivaWare_C_Series-2.1.4.178/driverlib/ccs/Debug/driverlib.lib
       interrupt.obj                  172    112       620    
       sysctl.obj                     630    108       0      
       gpio.obj                       474    144       0      
       timer.obj                      240    160       0      
       uart.obj                       192    0         0      
       cpu.obj                        12     0         0      
    +--+------------------------------+------+---------+---------+
       Total:                         1720   524       620    
                                                              
    C:\Program Files (x86)\ccs\tools\compiler\ti-cgt-arm_20.2.4.LTS\lib\rtsv7M4_T_le_v4SPD16_eabi.lib
       memcpy_t2.asm.obj              156    0         0      
       copy_decompress_lzss.c.obj     104    0         0      
       autoinit.c.obj                 68     0         0      
       boot_cortex_m.c.obj            52     0         0      
       copy_zero_init.c.obj           28     0         0      
       copy_decompress_none.c.obj     14     0         0      
       exit.c.obj                     4      0         0      
       pre_init.c.obj                 4      0         0      
    +--+------------------------------+------+---------+---------+
       Total:                         430    0         0      
                                                              
       Stack:                         0      0         512    
       Linker Generated:              0      59        0      
    +--+------------------------------+------+---------+---------+
       Grand Total:                   2998   1203      1144   


LINKER GENERATED COPY TABLES

__TI_cinit_table @ 00001060 records: 3, size/record: 8, table size: 24
	.bss: load addr=00001048, load size=00000008 bytes, run addr=20000470, run size=00000009 bytes, compression=zero_init
	.vtable: load addr=00001050, load size=00000008 bytes, run addr=20000000, run size=0000026c bytes, compression=zero_init
	.data: load addr=00001058, load size=00000007 bytes, run addr=2000026c, run size=00000003 bytes, compression=lzss


LINKER GENERATED HANDLER TABLE

__TI_handler_table @ 00001038 records: 3, size/record: 4, table size: 12
	index: 0, handler: __TI_zero_init
	index: 1, handler: __TI_decompress_lzss
	index: 2, handler: __TI_decompress_none


GLOBAL SYMBOLS: SORTED ALPHABETICALLY BY Name 

address   name                          
-------   ----                          
2000026e  Ban_azul                      
2000026c  Ban_rojo                      
2000026d  Ban_verde                     
00000e25  C$$EXIT                       
00000dc1  CPUcpsie                      
00000ca9  GPIODirModeSet                
000005b1  GPIOPadConfigSet              
00000b01  GPIOPinConfigure              
00000e07  GPIOPinRead                   
00000d11  GPIOPinTypeGPIOOutput         
00000d55  GPIOPinTypeUART               
00000e0d  GPIOPinWrite                  
00000513  InitUART                      
00000985  IntEnable                     
00000d79  IntMasterEnable               
00000c0d  IntRegister                   
00000dcd  ResetISR                      
000006e5  SysCtlClockGet                
000007f5  SysCtlClockSet                
00000e13  SysCtlDelay                   
00000c41  SysCtlPeripheralEnable        
00000bd5  SysCtlPeripheralReady         
0000034d  Timer0IntHandler              
00000a55  TimerConfigure                
00000d89  TimerEnable                   
00000e19  TimerIntClear                 
00000df7  TimerIntEnable                
00000d29  TimerIntRegister              
00000d67  TimerLoadSet                  
00000dd9  UARTCharGet                   
00000de3  UARTCharPut                   
00000d97  UARTCharPutNonBlocking        
00000da5  UARTCharsAvail                
00000b49  UARTConfigSetExpClk           
00000cd5  UARTDisable                   
00000d41  UARTEnable                    
00000e1d  UARTIntClear                  
00000dff  UARTIntEnable                 
000004a5  UARTIntHandler                
00000ded  UARTIntStatus                 
20000470  __STACK_END                   
00000200  __STACK_SIZE                  
20000470  __STACK_TOP                   
00001060  __TI_CINIT_Base               
00001078  __TI_CINIT_Limit              
00001038  __TI_Handler_Table_Base       
00001044  __TI_Handler_Table_Limit      
00000b91  __TI_auto_init_nobinit_nopinit
000009ed  __TI_decompress_lzss          
00000db3  __TI_decompress_none          
ffffffff  __TI_pprof_out_hndl           
ffffffff  __TI_prof_data_size           
ffffffff  __TI_prof_data_start          
00000000  __TI_static_base__            
00000cf5  __TI_zero_init_nomemset       
000008e9  __aeabi_memcpy                
000008e9  __aeabi_memcpy4               
000008e9  __aeabi_memcpy8               
ffffffff  __binit__                     
ffffffff  __c_args__                    
UNDEFED   __mpu_init                    
20000270  __stack                       
20000000  __start___llvm_prf_cnts       
20000000  __stop___llvm_prf_cnts        
00000c75  _c_int00_noargs               
UNDEFED   _system_post_cinit            
00000e21  _system_pre_init              
00000e25  abort                         
ffffffff  binit                         
20000000  g_pfnRAMVectors               
00000000  g_pfnVectors                  
20000478  letra                         
0000026d  main                          
000008e9  memcpy                        
20000470  ui32Period                    
20000474  ui32Status                    


GLOBAL SYMBOLS: SORTED BY Symbol Address 

address   name                          
-------   ----                          
00000000  __TI_static_base__            
00000000  g_pfnVectors                  
00000200  __STACK_SIZE                  
0000026d  main                          
0000034d  Timer0IntHandler              
000004a5  UARTIntHandler                
00000513  InitUART                      
000005b1  GPIOPadConfigSet              
000006e5  SysCtlClockGet                
000007f5  SysCtlClockSet                
000008e9  __aeabi_memcpy                
000008e9  __aeabi_memcpy4               
000008e9  __aeabi_memcpy8               
000008e9  memcpy                        
00000985  IntEnable                     
000009ed  __TI_decompress_lzss          
00000a55  TimerConfigure                
00000b01  GPIOPinConfigure              
00000b49  UARTConfigSetExpClk           
00000b91  __TI_auto_init_nobinit_nopinit
00000bd5  SysCtlPeripheralReady         
00000c0d  IntRegister                   
00000c41  SysCtlPeripheralEnable        
00000c75  _c_int00_noargs               
00000ca9  GPIODirModeSet                
00000cd5  UARTDisable                   
00000cf5  __TI_zero_init_nomemset       
00000d11  GPIOPinTypeGPIOOutput         
00000d29  TimerIntRegister              
00000d41  UARTEnable                    
00000d55  GPIOPinTypeUART               
00000d67  TimerLoadSet                  
00000d79  IntMasterEnable               
00000d89  TimerEnable                   
00000d97  UARTCharPutNonBlocking        
00000da5  UARTCharsAvail                
00000db3  __TI_decompress_none          
00000dc1  CPUcpsie                      
00000dcd  ResetISR                      
00000dd9  UARTCharGet                   
00000de3  UARTCharPut                   
00000ded  UARTIntStatus                 
00000df7  TimerIntEnable                
00000dff  UARTIntEnable                 
00000e07  GPIOPinRead                   
00000e0d  GPIOPinWrite                  
00000e13  SysCtlDelay                   
00000e19  TimerIntClear                 
00000e1d  UARTIntClear                  
00000e21  _system_pre_init              
00000e25  C$$EXIT                       
00000e25  abort                         
00001038  __TI_Handler_Table_Base       
00001044  __TI_Handler_Table_Limit      
00001060  __TI_CINIT_Base               
00001078  __TI_CINIT_Limit              
20000000  __start___llvm_prf_cnts       
20000000  __stop___llvm_prf_cnts        
20000000  g_pfnRAMVectors               
2000026c  Ban_rojo                      
2000026d  Ban_verde                     
2000026e  Ban_azul                      
20000270  __stack                       
20000470  __STACK_END                   
20000470  __STACK_TOP                   
20000470  ui32Period                    
20000474  ui32Status                    
20000478  letra                         
ffffffff  __TI_pprof_out_hndl           
ffffffff  __TI_prof_data_size           
ffffffff  __TI_prof_data_start          
ffffffff  __binit__                     
ffffffff  __c_args__                    
ffffffff  binit                         
UNDEFED   __mpu_init                    
UNDEFED   _system_post_cinit            

[76 symbols]
