******************************************************************************
                  TI ARM Linker PC v20.2.4                     
******************************************************************************
>> Linked Sun May  9 19:50:43 2021

OUTPUT FILE NAME:   <Prueba_Lab6.out>
ENTRY POINT SYMBOL: "_c_int00_noargs"  address: 0000086d


MEMORY CONFIGURATION

         name            origin    length      used     unused   attr    fill
----------------------  --------  ---------  --------  --------  ----  --------
  FLASH                 00000000   00040000  000009da  0003f626  R  X
  SRAM                  20000000   00008000  00000202  00007dfe  RW X


SEGMENT ALLOCATION MAP

run origin  load origin   length   init length attrs members
----------  ----------- ---------- ----------- ----- -------
00000000    00000000    000009e0   000009e0    r-x
  00000000    00000000    0000026c   0000026c    r-- .intvecs
  0000026c    0000026c    000006d2   000006d2    r-x .text
  00000940    00000940    0000006c   0000006c    r-- .const
  000009b0    000009b0    00000030   00000030    r-- .cinit
20000000    20000000    00000202   00000000    rw-
  20000000    20000000    00000200   00000000    rw- .stack
  20000200    20000200    00000001   00000000    rw- .bss
  20000201    20000201    00000001   00000000    rw- .data


SECTION ALLOCATION MAP

 output                                  attributes/
section   page    origin      length       input sections
--------  ----  ----------  ----------   ----------------
.intvecs   0    00000000    0000026c     
                  00000000    0000026c     tm4c123gh6pm_startup_ccs.obj (.intvecs)

.text      0    0000026c    000006d2     
                  0000026c    00000132     driverlib.lib : gpio.obj (.text:GPIOPadConfigSet)
                  0000039e    00000002     --HOLE-- [fill = 0]
                  000003a0    00000114     main.obj (.text)
                  000004b4    00000110     driverlib.lib : sysctl.obj (.text:SysCtlClockGet)
                  000005c4    000000f4                   : sysctl.obj (.text:SysCtlClockSet)
                  000006b8    0000009c     rtsv7M4_T_le_v4SPD16_eabi.lib : memcpy_t2.asm.obj (.text)
                  00000754    00000068                                   : copy_decompress_lzss.c.obj (.text:decompress:lzss:__TI_decompress_lzss)
                  000007bc    00000044                                   : autoinit.c.obj (.text:__TI_auto_init_nobinit_nopinit:__TI_auto_init_nobinit_nopinit)
                  00000800    00000038     driverlib.lib : sysctl.obj (.text:SysCtlPeripheralReady)
                  00000838    00000034                   : sysctl.obj (.text:SysCtlPeripheralEnable)
                  0000086c    00000034     rtsv7M4_T_le_v4SPD16_eabi.lib : boot_cortex_m.c.obj (.text:_c_int00_noargs:_c_int00_noargs)
                  000008a0    0000002a     driverlib.lib : gpio.obj (.text:GPIODirModeSet)
                  000008ca    0000001c     rtsv7M4_T_le_v4SPD16_eabi.lib : copy_zero_init.c.obj (.text:decompress:ZI:__TI_zero_init_nomemset:__TI_zero_init_nomemset)
                  000008e6    00000018     driverlib.lib : gpio.obj (.text:GPIOPinTypeGPIOOutput)
                  000008fe    00000012                   : gpio.obj (.text:GPIOPinTypeGPIOInput)
                  00000910    0000000e     rtsv7M4_T_le_v4SPD16_eabi.lib : copy_decompress_none.c.obj (.text:decompress:none:__TI_decompress_none)
                  0000091e    0000000c     tm4c123gh6pm_startup_ccs.obj (.text)
                  0000092a    00000006     driverlib.lib : gpio.obj (.text:GPIOPinWrite)
                  00000930    00000006                   : sysctl.obj (.text:SysCtlDelay)
                  00000936    00000004     rtsv7M4_T_le_v4SPD16_eabi.lib : pre_init.c.obj (.text:_system_pre_init)
                  0000093a    00000004                                   : exit.c.obj (.text:abort:abort)

.const     0    00000940    0000006c     
                  00000940    0000006c     driverlib.lib : sysctl.obj (.const:g_pui32Xtals)

.cinit     0    000009b0    00000030     
                  000009b0    0000000c     (__TI_handler_table)
                  000009bc    00000004     --HOLE-- [fill = 0]
                  000009c0    00000008     (.cinit..bss.load) [load image, compression = zero_init]
                  000009c8    00000005     (.cinit..data.load) [load image, compression = lzss]
                  000009cd    00000003     --HOLE-- [fill = 0]
                  000009d0    00000010     (__TI_cinit_table)

.init_array 
*          0    00000000    00000000     UNINITIALIZED

.bss       0    20000200    00000001     UNINITIALIZED
                  20000200    00000001     (.common:i)

.data      0    20000201    00000001     UNINITIALIZED
                  20000201    00000001     main.obj (.data)

.stack     0    20000000    00000200     UNINITIALIZED
                  20000000    00000004     rtsv7M4_T_le_v4SPD16_eabi.lib : boot_cortex_m.c.obj (.stack)
                  20000004    000001fc     --HOLE--

__llvm_prf_cnts 
*          0    20000000    00000000     UNINITIALIZED

MODULE SUMMARY

       Module                         code   ro data   rw data
       ------                         ----   -------   -------
    .\
       tm4c123gh6pm_startup_ccs.obj   12     620       0      
       main.obj                       276    0         2      
    +--+------------------------------+------+---------+---------+
       Total:                         288    620       2      
                                                              
    C:/ti/TivaWare_C_Series-2.1.4.178/driverlib/ccs/Debug/driverlib.lib
       sysctl.obj                     630    108       0      
       gpio.obj                       396    0         0      
    +--+------------------------------+------+---------+---------+
       Total:                         1026   108       0      
                                                              
    C:\Program Files (x86)\ccs\tools\compiler\ti-cgt-arm_20.2.4.LTS\lib\rtsv7M4_T_le_v4SPD16_eabi.lib
       memcpy_t2.asm.obj              156    0         0      
       copy_decompress_lzss.c.obj     104    0         0      
       autoinit.c.obj                 68     0         0      
       boot_cortex_m.c.obj            52     0         0      
       copy_zero_init.c.obj           28     0         0      
       copy_decompress_none.c.obj     14     0         0      
       exit.c.obj                     4      0         0      
       pre_init.c.obj                 4      0         0      
    +--+------------------------------+------+---------+---------+
       Total:                         430    0         0      
                                                              
       Stack:                         0      0         512    
       Linker Generated:              0      41        0      
    +--+------------------------------+------+---------+---------+
       Grand Total:                   1744   769       514    


LINKER GENERATED COPY TABLES

__TI_cinit_table @ 000009d0 records: 2, size/record: 8, table size: 16
	.bss: load addr=000009c0, load size=00000008 bytes, run addr=20000200, run size=00000001 bytes, compression=zero_init
	.data: load addr=000009c8, load size=00000005 bytes, run addr=20000201, run size=00000001 bytes, compression=lzss


LINKER GENERATED HANDLER TABLE

__TI_handler_table @ 000009b0 records: 3, size/record: 4, table size: 12
	index: 0, handler: __TI_decompress_lzss
	index: 1, handler: __TI_decompress_none
	index: 2, handler: __TI_zero_init


GLOBAL SYMBOLS: SORTED ALPHABETICALLY BY Name 

address   name                          
-------   ----                          
0000093b  C$$EXIT                       
000008a1  GPIODirModeSet                
0000026d  GPIOPadConfigSet              
000008ff  GPIOPinTypeGPIOInput          
000008e7  GPIOPinTypeGPIOOutput         
0000092b  GPIOPinWrite                  
0000091f  ResetISR                      
000004b5  SysCtlClockGet                
000005c5  SysCtlClockSet                
00000931  SysCtlDelay                   
00000839  SysCtlPeripheralEnable        
00000801  SysCtlPeripheralReady         
20000200  __STACK_END                   
00000200  __STACK_SIZE                  
20000200  __STACK_TOP                   
000009d0  __TI_CINIT_Base               
000009e0  __TI_CINIT_Limit              
000009b0  __TI_Handler_Table_Base       
000009bc  __TI_Handler_Table_Limit      
000007bd  __TI_auto_init_nobinit_nopinit
00000755  __TI_decompress_lzss          
00000911  __TI_decompress_none          
ffffffff  __TI_pprof_out_hndl           
ffffffff  __TI_prof_data_size           
ffffffff  __TI_prof_data_start          
00000000  __TI_static_base__            
000008cb  __TI_zero_init_nomemset       
000006b9  __aeabi_memcpy                
000006b9  __aeabi_memcpy4               
000006b9  __aeabi_memcpy8               
ffffffff  __binit__                     
ffffffff  __c_args__                    
UNDEFED   __mpu_init                    
20000000  __stack                       
20000000  __start___llvm_prf_cnts       
20000000  __stop___llvm_prf_cnts        
0000086d  _c_int00_noargs               
UNDEFED   _system_post_cinit            
00000937  _system_pre_init              
0000093b  abort                         
ffffffff  binit                         
00000485  delayMs                       
00000000  g_pfnVectors                  
20000200  i                             
000003a1  main                          
000006b9  memcpy                        
20000201  semaforo                      


GLOBAL SYMBOLS: SORTED BY Symbol Address 

address   name                          
-------   ----                          
00000000  __TI_static_base__            
00000000  g_pfnVectors                  
00000200  __STACK_SIZE                  
0000026d  GPIOPadConfigSet              
000003a1  main                          
00000485  delayMs                       
000004b5  SysCtlClockGet                
000005c5  SysCtlClockSet                
000006b9  __aeabi_memcpy                
000006b9  __aeabi_memcpy4               
000006b9  __aeabi_memcpy8               
000006b9  memcpy                        
00000755  __TI_decompress_lzss          
000007bd  __TI_auto_init_nobinit_nopinit
00000801  SysCtlPeripheralReady         
00000839  SysCtlPeripheralEnable        
0000086d  _c_int00_noargs               
000008a1  GPIODirModeSet                
000008cb  __TI_zero_init_nomemset       
000008e7  GPIOPinTypeGPIOOutput         
000008ff  GPIOPinTypeGPIOInput          
00000911  __TI_decompress_none          
0000091f  ResetISR                      
0000092b  GPIOPinWrite                  
00000931  SysCtlDelay                   
00000937  _system_pre_init              
0000093b  C$$EXIT                       
0000093b  abort                         
000009b0  __TI_Handler_Table_Base       
000009bc  __TI_Handler_Table_Limit      
000009d0  __TI_CINIT_Base               
000009e0  __TI_CINIT_Limit              
20000000  __stack                       
20000000  __start___llvm_prf_cnts       
20000000  __stop___llvm_prf_cnts        
20000200  __STACK_END                   
20000200  __STACK_TOP                   
20000200  i                             
20000201  semaforo                      
ffffffff  __TI_pprof_out_hndl           
ffffffff  __TI_prof_data_size           
ffffffff  __TI_prof_data_start          
ffffffff  __binit__                     
ffffffff  __c_args__                    
ffffffff  binit                         
UNDEFED   __mpu_init                    
UNDEFED   _system_post_cinit            

[47 symbols]
