******************************************************************************
                  TI ARM Linker PC v20.2.4                     
******************************************************************************
>> Linked Sat May  8 13:22:52 2021

OUTPUT FILE NAME:   <Prueba_Lab6.out>
ENTRY POINT SYMBOL: "_c_int00_noargs"  address: 000006d5


MEMORY CONFIGURATION

         name            origin    length      used     unused   attr    fill
----------------------  --------  ---------  --------  --------  ----  --------
  FLASH                 00000000   00040000  000007be  0003f842  R  X
  SRAM                  20000000   00008000  00000202  00007dfe  RW X


SEGMENT ALLOCATION MAP

run origin  load origin   length   init length attrs members
----------  ----------- ---------- ----------- ----- -------
00000000    00000000    000007c0   000007c0    r-x
  00000000    00000000    0000026c   0000026c    r-- .intvecs
  0000026c    0000026c    00000522   00000522    r-x .text
  00000790    00000790    00000030   00000030    r-- .cinit
20000000    20000000    00000202   00000000    rw-
  20000000    20000000    00000200   00000000    rw- .stack
  20000200    20000200    00000001   00000000    rw- .bss
  20000201    20000201    00000001   00000000    rw- .data


SECTION ALLOCATION MAP

 output                                  attributes/
section   page    origin      length       input sections
--------  ----  ----------  ----------   ----------------
.intvecs   0    00000000    0000026c     
                  00000000    0000026c     tm4c123gh6pm_startup_ccs.obj (.intvecs)

.text      0    0000026c    00000522     
                  0000026c    00000180     main.obj (.text)
                  000003ec    00000132     driverlib.lib : gpio.obj (.text:GPIOPadConfigSet)
                  0000051e    0000009c     rtsv7M4_T_le_v4SPD16_eabi.lib : memcpy_t2.asm.obj (.text)
                  000005ba    00000068                                   : copy_decompress_lzss.c.obj (.text:decompress:lzss:__TI_decompress_lzss)
                  00000622    00000002     --HOLE-- [fill = 0]
                  00000624    00000044                                   : autoinit.c.obj (.text:__TI_auto_init_nobinit_nopinit:__TI_auto_init_nobinit_nopinit)
                  00000668    00000038     driverlib.lib : sysctl.obj (.text:SysCtlPeripheralReady)
                  000006a0    00000034                   : sysctl.obj (.text:SysCtlPeripheralEnable)
                  000006d4    00000034     rtsv7M4_T_le_v4SPD16_eabi.lib : boot_cortex_m.c.obj (.text:_c_int00_noargs:_c_int00_noargs)
                  00000708    0000002a     driverlib.lib : gpio.obj (.text:GPIODirModeSet)
                  00000732    0000001c     rtsv7M4_T_le_v4SPD16_eabi.lib : copy_zero_init.c.obj (.text:decompress:ZI:__TI_zero_init_nomemset:__TI_zero_init_nomemset)
                  0000074e    00000018     driverlib.lib : gpio.obj (.text:GPIOPinTypeGPIOOutput)
                  00000766    0000000e     rtsv7M4_T_le_v4SPD16_eabi.lib : copy_decompress_none.c.obj (.text:decompress:none:__TI_decompress_none)
                  00000774    0000000c     tm4c123gh6pm_startup_ccs.obj (.text)
                  00000780    00000006     driverlib.lib : gpio.obj (.text:GPIOPinWrite)
                  00000786    00000004     rtsv7M4_T_le_v4SPD16_eabi.lib : pre_init.c.obj (.text:_system_pre_init)
                  0000078a    00000004                                   : exit.c.obj (.text:abort:abort)

.cinit     0    00000790    00000030     
                  00000790    0000000c     (__TI_handler_table)
                  0000079c    00000004     --HOLE-- [fill = 0]
                  000007a0    00000008     (.cinit..bss.load) [load image, compression = zero_init]
                  000007a8    00000005     (.cinit..data.load) [load image, compression = lzss]
                  000007ad    00000003     --HOLE-- [fill = 0]
                  000007b0    00000010     (__TI_cinit_table)

.init_array 
*          0    00000000    00000000     UNINITIALIZED

.bss       0    20000200    00000001     UNINITIALIZED
                  20000200    00000001     (.common:i)

.data      0    20000201    00000001     UNINITIALIZED
                  20000201    00000001     main.obj (.data)

.stack     0    20000000    00000200     UNINITIALIZED
                  20000000    00000004     rtsv7M4_T_le_v4SPD16_eabi.lib : boot_cortex_m.c.obj (.stack)
                  20000004    000001fc     --HOLE--

__llvm_prf_cnts 
*          0    20000000    00000000     UNINITIALIZED

MODULE SUMMARY

       Module                         code   ro data   rw data
       ------                         ----   -------   -------
    .\
       tm4c123gh6pm_startup_ccs.obj   12     620       0      
       main.obj                       384    0         2      
    +--+------------------------------+------+---------+---------+
       Total:                         396    620       2      
                                                              
    C:/ti/TivaWare_C_Series-2.1.4.178/driverlib/ccs/Debug/driverlib.lib
       gpio.obj                       378    0         0      
       sysctl.obj                     108    0         0      
    +--+------------------------------+------+---------+---------+
       Total:                         486    0         0      
                                                              
    C:\Program Files (x86)\ccs\tools\compiler\ti-cgt-arm_20.2.4.LTS\lib\rtsv7M4_T_le_v4SPD16_eabi.lib
       memcpy_t2.asm.obj              156    0         0      
       copy_decompress_lzss.c.obj     104    0         0      
       autoinit.c.obj                 68     0         0      
       boot_cortex_m.c.obj            52     0         0      
       copy_zero_init.c.obj           28     0         0      
       copy_decompress_none.c.obj     14     0         0      
       exit.c.obj                     4      0         0      
       pre_init.c.obj                 4      0         0      
    +--+------------------------------+------+---------+---------+
       Total:                         430    0         0      
                                                              
       Stack:                         0      0         512    
       Linker Generated:              0      41        0      
    +--+------------------------------+------+---------+---------+
       Grand Total:                   1312   661       514    


LINKER GENERATED COPY TABLES

__TI_cinit_table @ 000007b0 records: 2, size/record: 8, table size: 16
	.bss: load addr=000007a0, load size=00000008 bytes, run addr=20000200, run size=00000001 bytes, compression=zero_init
	.data: load addr=000007a8, load size=00000005 bytes, run addr=20000201, run size=00000001 bytes, compression=lzss


LINKER GENERATED HANDLER TABLE

__TI_handler_table @ 00000790 records: 3, size/record: 4, table size: 12
	index: 0, handler: __TI_decompress_lzss
	index: 1, handler: __TI_decompress_none
	index: 2, handler: __TI_zero_init


GLOBAL SYMBOLS: SORTED ALPHABETICALLY BY Name 

address   name                          
-------   ----                          
0000078b  C$$EXIT                       
00000709  GPIODirModeSet                
000003ed  GPIOPadConfigSet              
0000074f  GPIOPinTypeGPIOOutput         
00000781  GPIOPinWrite                  
00000775  ResetISR                      
000006a1  SysCtlPeripheralEnable        
00000669  SysCtlPeripheralReady         
20000200  __STACK_END                   
00000200  __STACK_SIZE                  
20000200  __STACK_TOP                   
000007b0  __TI_CINIT_Base               
000007c0  __TI_CINIT_Limit              
00000790  __TI_Handler_Table_Base       
0000079c  __TI_Handler_Table_Limit      
00000625  __TI_auto_init_nobinit_nopinit
000005bb  __TI_decompress_lzss          
00000767  __TI_decompress_none          
ffffffff  __TI_pprof_out_hndl           
ffffffff  __TI_prof_data_size           
ffffffff  __TI_prof_data_start          
00000000  __TI_static_base__            
00000733  __TI_zero_init_nomemset       
0000051f  __aeabi_memcpy                
0000051f  __aeabi_memcpy4               
0000051f  __aeabi_memcpy8               
ffffffff  __binit__                     
ffffffff  __c_args__                    
UNDEFED   __mpu_init                    
20000000  __stack                       
20000000  __start___llvm_prf_cnts       
20000000  __stop___llvm_prf_cnts        
000006d5  _c_int00_noargs               
UNDEFED   _system_post_cinit            
00000787  _system_pre_init              
0000078b  abort                         
ffffffff  binit                         
00000000  g_pfnVectors                  
20000200  i                             
0000026d  main                          
0000051f  memcpy                        
20000201  semaforo                      


GLOBAL SYMBOLS: SORTED BY Symbol Address 

address   name                          
-------   ----                          
00000000  __TI_static_base__            
00000000  g_pfnVectors                  
00000200  __STACK_SIZE                  
0000026d  main                          
000003ed  GPIOPadConfigSet              
0000051f  __aeabi_memcpy                
0000051f  __aeabi_memcpy4               
0000051f  __aeabi_memcpy8               
0000051f  memcpy                        
000005bb  __TI_decompress_lzss          
00000625  __TI_auto_init_nobinit_nopinit
00000669  SysCtlPeripheralReady         
000006a1  SysCtlPeripheralEnable        
000006d5  _c_int00_noargs               
00000709  GPIODirModeSet                
00000733  __TI_zero_init_nomemset       
0000074f  GPIOPinTypeGPIOOutput         
00000767  __TI_decompress_none          
00000775  ResetISR                      
00000781  GPIOPinWrite                  
00000787  _system_pre_init              
0000078b  C$$EXIT                       
0000078b  abort                         
00000790  __TI_Handler_Table_Base       
0000079c  __TI_Handler_Table_Limit      
000007b0  __TI_CINIT_Base               
000007c0  __TI_CINIT_Limit              
20000000  __stack                       
20000000  __start___llvm_prf_cnts       
20000000  __stop___llvm_prf_cnts        
20000200  __STACK_END                   
20000200  __STACK_TOP                   
20000200  i                             
20000201  semaforo                      
ffffffff  __TI_pprof_out_hndl           
ffffffff  __TI_prof_data_size           
ffffffff  __TI_prof_data_start          
ffffffff  __binit__                     
ffffffff  __c_args__                    
ffffffff  binit                         
UNDEFED   __mpu_init                    
UNDEFED   _system_post_cinit            

[42 symbols]
