******************************************************************************
                  TI ARM Linker PC v20.2.4                     
******************************************************************************
>> Linked Thu May 13 18:35:56 2021

OUTPUT FILE NAME:   <Proyecto4_D2.out>
ENTRY POINT SYMBOL: "_c_int00_noargs"  address: 00000a31


MEMORY CONFIGURATION

         name            origin    length      used     unused   attr    fill
----------------------  --------  ---------  --------  --------  ----  --------
  FLASH                 00000000   00040000  00000e18  0003f1e8  R  X
  SRAM                  20000000   00008000  00000475  00007b8b  RW X


SEGMENT ALLOCATION MAP

run origin  load origin   length   init length attrs members
----------  ----------- ---------- ----------- ----- -------
00000000    00000000    00000e1c   00000e1c    r-x
  00000000    00000000    0000026c   0000026c    r-- .intvecs
  0000026c    0000026c    0000097c   0000097c    r-x .text
  00000be8    00000be8    0000020c   0000020c    r-- .const
  00000df8    00000df8    00000024   00000024    r-- .cinit
20000000    20000000    00000479   00000000    rw-
  20000000    20000000    0000026c   00000000    rw- .vtable
  20000270    20000270    00000200   00000000    rw- .stack
  20000470    20000470    00000009   00000000    rw- .bss


SECTION ALLOCATION MAP

 output                                  attributes/
section   page    origin      length       input sections
--------  ----  ----------  ----------   ----------------
.intvecs   0    00000000    0000026c     
                  00000000    0000026c     tm4c123gh6pm_startup_ccs.obj (.intvecs)

.text      0    0000026c    0000097c     
                  0000026c    00000204     main.obj (.text)
                  00000470    00000132     driverlib.lib : gpio.obj (.text:GPIOPadConfigSet)
                  000005a2    00000002     --HOLE-- [fill = 0]
                  000005a4    00000110                   : sysctl.obj (.text:SysCtlClockGet)
                  000006b4    000000f4                   : sysctl.obj (.text:SysCtlClockSet)
                  000007a8    00000068                   : interrupt.obj (.text:IntEnable)
                  00000810    00000060                   : timer.obj (.text:TimerConfigure)
                  00000870    0000004c                   : timer.obj (.text:_TimerIntNumberGet)
                  000008bc    00000048                   : gpio.obj (.text:GPIOPinConfigure)
                  00000904    00000046                   : uart.obj (.text:UARTConfigSetExpClk)
                  0000094a    00000002     --HOLE-- [fill = 0]
                  0000094c    00000044     rtsv7M4_T_le_v4SPD16_eabi.lib : autoinit.c.obj (.text:__TI_auto_init_nobinit_nopinit:__TI_auto_init_nobinit_nopinit)
                  00000990    00000038     driverlib.lib : sysctl.obj (.text:SysCtlPeripheralReady)
                  000009c8    00000034                   : interrupt.obj (.text:IntRegister)
                  000009fc    00000034                   : sysctl.obj (.text:SysCtlPeripheralEnable)
                  00000a30    00000034     rtsv7M4_T_le_v4SPD16_eabi.lib : boot_cortex_m.c.obj (.text:_c_int00_noargs:_c_int00_noargs)
                  00000a64    0000002a     driverlib.lib : gpio.obj (.text:GPIODirModeSet)
                  00000a8e    00000002     --HOLE-- [fill = 0]
                  00000a90    00000020                   : uart.obj (.text:UARTDisable)
                  00000ab0    0000001c     rtsv7M4_T_le_v4SPD16_eabi.lib : copy_zero_init.c.obj (.text:decompress:ZI:__TI_zero_init_nomemset:__TI_zero_init_nomemset)
                  00000acc    00000018     driverlib.lib : gpio.obj (.text:GPIOPinTypeGPIOOutput)
                  00000ae4    00000018                   : timer.obj (.text:TimerIntRegister)
                  00000afc    00000014                   : uart.obj (.text:UARTEnable)
                  00000b10    00000012                   : gpio.obj (.text:GPIOPinTypeGPIOInput)
                  00000b22    00000012                   : gpio.obj (.text:GPIOPinTypeUART)
                  00000b34    00000012                   : timer.obj (.text:TimerLoadSet)
                  00000b46    00000010                   : interrupt.obj (.text:IntMasterEnable)
                  00000b56    0000000e                   : timer.obj (.text:TimerEnable)
                  00000b64    0000000e                   : uart.obj (.text:UARTCharPutNonBlocking)
                  00000b72    0000000e                   : uart.obj (.text:UARTCharsAvail)
                  00000b80    0000000c                   : cpu.obj (.text:CPUcpsie)
                  00000b8c    0000000c     tm4c123gh6pm_startup_ccs.obj (.text)
                  00000b98    0000000a     driverlib.lib : uart.obj (.text:UARTCharGet)
                  00000ba2    0000000a                   : uart.obj (.text:UARTCharPut)
                  00000bac    0000000a                   : uart.obj (.text:UARTIntStatus)
                  00000bb6    00000008                   : timer.obj (.text:TimerIntEnable)
                  00000bbe    00000008                   : uart.obj (.text:UARTIntEnable)
                  00000bc6    00000006                   : gpio.obj (.text:GPIOPinRead)
                  00000bcc    00000006                   : gpio.obj (.text:GPIOPinWrite)
                  00000bd2    00000006                   : sysctl.obj (.text:SysCtlDelay)
                  00000bd8    00000004                   : timer.obj (.text:TimerIntClear)
                  00000bdc    00000004                   : uart.obj (.text:UARTIntClear)
                  00000be0    00000004     rtsv7M4_T_le_v4SPD16_eabi.lib : pre_init.c.obj (.text:_system_pre_init)
                  00000be4    00000004                                   : exit.c.obj (.text:abort:abort)

.const     0    00000be8    0000020c     
                  00000be8    00000090     driverlib.lib : gpio.obj (.const:g_pui32GPIOBaseAddrs)
                  00000c78    00000070                   : interrupt.obj (.const)
                  00000ce8    0000006c                   : sysctl.obj (.const:g_pui32Xtals)
                  00000d54    00000060                   : timer.obj (.const:g_ppui32TimerIntMap)
                  00000db4    00000040                   : timer.obj (.const:g_ppui32TimerIntMapSnowflake)

.cinit     0    00000df8    00000024     
                  00000df8    00000008     (.cinit..bss.load) [load image, compression = zero_init]
                  00000e00    00000008     (.cinit..vtable.load) [load image, compression = zero_init]
                  00000e08    00000004     (__TI_handler_table)
                  00000e0c    00000010     (__TI_cinit_table)

.init_array 
*          0    00000000    00000000     UNINITIALIZED

.vtable    0    20000000    0000026c     UNINITIALIZED
                  20000000    0000026c     driverlib.lib : interrupt.obj (.vtable)

.bss       0    20000470    00000009     UNINITIALIZED
                  20000470    00000004     (.common:ui32Period)
                  20000474    00000004     (.common:ui32Status)
                  20000478    00000001     (.common:letra)

.stack     0    20000270    00000200     UNINITIALIZED
                  20000270    00000004     rtsv7M4_T_le_v4SPD16_eabi.lib : boot_cortex_m.c.obj (.stack)
                  20000274    000001fc     --HOLE--

__llvm_prf_cnts 
*          0    20000000    00000000     UNINITIALIZED

MODULE SUMMARY

       Module                         code   ro data   rw data
       ------                         ----   -------   -------
    .\
       tm4c123gh6pm_startup_ccs.obj   12     620       0      
       main.obj                       516    0         9      
    +--+------------------------------+------+---------+---------+
       Total:                         528    620       9      
                                                              
    C:/ti/TivaWare_C_Series-2.1.4.178/driverlib/ccs/Debug/driverlib.lib
       interrupt.obj                  172    112       620    
       sysctl.obj                     630    108       0      
       gpio.obj                       492    144       0      
       timer.obj                      240    160       0      
       uart.obj                       192    0         0      
       cpu.obj                        12     0         0      
    +--+------------------------------+------+---------+---------+
       Total:                         1738   524       620    
                                                              
    C:\Program Files (x86)\ccs\tools\compiler\ti-cgt-arm_20.2.4.LTS\lib\rtsv7M4_T_le_v4SPD16_eabi.lib
       autoinit.c.obj                 68     0         0      
       boot_cortex_m.c.obj            52     0         0      
       copy_zero_init.c.obj           28     0         0      
       exit.c.obj                     4      0         0      
       pre_init.c.obj                 4      0         0      
    +--+------------------------------+------+---------+---------+
       Total:                         156    0         0      
                                                              
       Stack:                         0      0         512    
       Linker Generated:              0      36        0      
    +--+------------------------------+------+---------+---------+
       Grand Total:                   2422   1180      1141   


LINKER GENERATED COPY TABLES

__TI_cinit_table @ 00000e0c records: 2, size/record: 8, table size: 16
	.bss: load addr=00000df8, load size=00000008 bytes, run addr=20000470, run size=00000009 bytes, compression=zero_init
	.vtable: load addr=00000e00, load size=00000008 bytes, run addr=20000000, run size=0000026c bytes, compression=zero_init


LINKER GENERATED HANDLER TABLE

__TI_handler_table @ 00000e08 records: 1, size/record: 4, table size: 4
	index: 0, handler: __TI_zero_init


GLOBAL SYMBOLS: SORTED ALPHABETICALLY BY Name 

address   name                          
-------   ----                          
00000be5  C$$EXIT                       
00000b81  CPUcpsie                      
00000a65  GPIODirModeSet                
00000471  GPIOPadConfigSet              
000008bd  GPIOPinConfigure              
00000bc7  GPIOPinRead                   
00000b11  GPIOPinTypeGPIOInput          
00000acd  GPIOPinTypeGPIOOutput         
00000b23  GPIOPinTypeUART               
00000bcd  GPIOPinWrite                  
000003d5  InitUART                      
000007a9  IntEnable                     
00000b47  IntMasterEnable               
000009c9  IntRegister                   
00000b8d  ResetISR                      
000005a5  SysCtlClockGet                
000006b5  SysCtlClockSet                
00000bd3  SysCtlDelay                   
000009fd  SysCtlPeripheralEnable        
00000991  SysCtlPeripheralReady         
0000038f  Timer0IntHandler              
00000811  TimerConfigure                
00000b57  TimerEnable                   
00000bd9  TimerIntClear                 
00000bb7  TimerIntEnable                
00000ae5  TimerIntRegister              
00000b35  TimerLoadSet                  
00000b99  UARTCharGet                   
00000ba3  UARTCharPut                   
00000b65  UARTCharPutNonBlocking        
00000b73  UARTCharsAvail                
00000905  UARTConfigSetExpClk           
00000a91  UARTDisable                   
00000afd  UARTEnable                    
00000bdd  UARTIntClear                  
00000bbf  UARTIntEnable                 
0000039b  UARTIntHandler                
00000bad  UARTIntStatus                 
20000470  __STACK_END                   
00000200  __STACK_SIZE                  
20000470  __STACK_TOP                   
00000e0c  __TI_CINIT_Base               
00000e1c  __TI_CINIT_Limit              
00000e08  __TI_Handler_Table_Base       
00000e0c  __TI_Handler_Table_Limit      
0000094d  __TI_auto_init_nobinit_nopinit
ffffffff  __TI_pprof_out_hndl           
ffffffff  __TI_prof_data_size           
ffffffff  __TI_prof_data_start          
00000000  __TI_static_base__            
00000ab1  __TI_zero_init_nomemset       
ffffffff  __binit__                     
ffffffff  __c_args__                    
UNDEFED   __mpu_init                    
20000270  __stack                       
20000000  __start___llvm_prf_cnts       
20000000  __stop___llvm_prf_cnts        
00000a31  _c_int00_noargs               
UNDEFED   _system_post_cinit            
00000be1  _system_pre_init              
00000be5  abort                         
ffffffff  binit                         
20000000  g_pfnRAMVectors               
00000000  g_pfnVectors                  
20000478  letra                         
0000026d  main                          
20000470  ui32Period                    
20000474  ui32Status                    


GLOBAL SYMBOLS: SORTED BY Symbol Address 

address   name                          
-------   ----                          
00000000  __TI_static_base__            
00000000  g_pfnVectors                  
00000200  __STACK_SIZE                  
0000026d  main                          
0000038f  Timer0IntHandler              
0000039b  UARTIntHandler                
000003d5  InitUART                      
00000471  GPIOPadConfigSet              
000005a5  SysCtlClockGet                
000006b5  SysCtlClockSet                
000007a9  IntEnable                     
00000811  TimerConfigure                
000008bd  GPIOPinConfigure              
00000905  UARTConfigSetExpClk           
0000094d  __TI_auto_init_nobinit_nopinit
00000991  SysCtlPeripheralReady         
000009c9  IntRegister                   
000009fd  SysCtlPeripheralEnable        
00000a31  _c_int00_noargs               
00000a65  GPIODirModeSet                
00000a91  UARTDisable                   
00000ab1  __TI_zero_init_nomemset       
00000acd  GPIOPinTypeGPIOOutput         
00000ae5  TimerIntRegister              
00000afd  UARTEnable                    
00000b11  GPIOPinTypeGPIOInput          
00000b23  GPIOPinTypeUART               
00000b35  TimerLoadSet                  
00000b47  IntMasterEnable               
00000b57  TimerEnable                   
00000b65  UARTCharPutNonBlocking        
00000b73  UARTCharsAvail                
00000b81  CPUcpsie                      
00000b8d  ResetISR                      
00000b99  UARTCharGet                   
00000ba3  UARTCharPut                   
00000bad  UARTIntStatus                 
00000bb7  TimerIntEnable                
00000bbf  UARTIntEnable                 
00000bc7  GPIOPinRead                   
00000bcd  GPIOPinWrite                  
00000bd3  SysCtlDelay                   
00000bd9  TimerIntClear                 
00000bdd  UARTIntClear                  
00000be1  _system_pre_init              
00000be5  C$$EXIT                       
00000be5  abort                         
00000e08  __TI_Handler_Table_Base       
00000e0c  __TI_CINIT_Base               
00000e0c  __TI_Handler_Table_Limit      
00000e1c  __TI_CINIT_Limit              
20000000  __start___llvm_prf_cnts       
20000000  __stop___llvm_prf_cnts        
20000000  g_pfnRAMVectors               
20000270  __stack                       
20000470  __STACK_END                   
20000470  __STACK_TOP                   
20000470  ui32Period                    
20000474  ui32Status                    
20000478  letra                         
ffffffff  __TI_pprof_out_hndl           
ffffffff  __TI_prof_data_size           
ffffffff  __TI_prof_data_start          
ffffffff  __binit__                     
ffffffff  __c_args__                    
ffffffff  binit                         
UNDEFED   __mpu_init                    
UNDEFED   _system_post_cinit            

[68 symbols]
