******************************************************************************
                  TI ARM Linker PC v20.2.4                     
******************************************************************************
>> Linked Mon May 17 09:34:23 2021

OUTPUT FILE NAME:   <Proyecto4_D2.out>
ENTRY POINT SYMBOL: "_c_int00_noargs"  address: 00000f91


MEMORY CONFIGURATION

         name            origin    length      used     unused   attr    fill
----------------------  --------  ---------  --------  --------  ----  --------
  FLASH                 00000000   00040000  000012a8  0003ed58  R  X
  SRAM                  20000000   00008000  00000208  00007df8  RW X


SEGMENT ALLOCATION MAP

run origin  load origin   length   init length attrs members
----------  ----------- ---------- ----------- ----- -------
00000000    00000000    000012a8   000012a8    r-x
  00000000    00000000    0000026c   0000026c    r-- .intvecs
  0000026c    0000026c    00000ea0   00000ea0    r-x .text
  0000110c    0000110c    0000016c   0000016c    r-- .const
  00001278    00001278    00000030   00000030    r-- .cinit
20000000    20000000    00000208   00000000    rw-
  20000000    20000000    00000200   00000000    rw- .stack
  20000200    20000200    00000005   00000000    rw- .bss
  20000205    20000205    00000003   00000000    rw- .data


SECTION ALLOCATION MAP

 output                                  attributes/
section   page    origin      length       input sections
--------  ----  ----------  ----------   ----------------
.intvecs   0    00000000    0000026c     
                  00000000    0000026c     tm4c123gh6pm_startup_ccs.obj (.intvecs)

.text      0    0000026c    00000ea0     
                  0000026c    00000740     main.obj (.text)
                  000009ac    00000132     driverlib.lib : gpio.obj (.text:GPIOPadConfigSet)
                  00000ade    00000002     --HOLE-- [fill = 0]
                  00000ae0    00000110                   : sysctl.obj (.text:SysCtlClockGet)
                  00000bf0    000000f4                   : sysctl.obj (.text:SysCtlClockSet)
                  00000ce4    0000009c     rtsv7M4_T_le_v4SPD16_eabi.lib : memcpy_t2.asm.obj (.text)
                  00000d80    00000068     driverlib.lib : interrupt.obj (.text:IntEnable)
                  00000de8    00000068     rtsv7M4_T_le_v4SPD16_eabi.lib : copy_decompress_lzss.c.obj (.text:decompress:lzss:__TI_decompress_lzss)
                  00000e50    00000048     driverlib.lib : gpio.obj (.text:GPIOPinConfigure)
                  00000e98    00000046                   : uart.obj (.text:UARTConfigSetExpClk)
                  00000ede    00000002     --HOLE-- [fill = 0]
                  00000ee0    00000044     rtsv7M4_T_le_v4SPD16_eabi.lib : autoinit.c.obj (.text:__TI_auto_init_nobinit_nopinit:__TI_auto_init_nobinit_nopinit)
                  00000f24    00000038     driverlib.lib : sysctl.obj (.text:SysCtlPeripheralReady)
                  00000f5c    00000034                   : sysctl.obj (.text:SysCtlPeripheralEnable)
                  00000f90    00000034     rtsv7M4_T_le_v4SPD16_eabi.lib : boot_cortex_m.c.obj (.text:_c_int00_noargs:_c_int00_noargs)
                  00000fc4    0000002a     driverlib.lib : gpio.obj (.text:GPIODirModeSet)
                  00000fee    00000002     --HOLE-- [fill = 0]
                  00000ff0    00000020                   : uart.obj (.text:UARTDisable)
                  00001010    0000001c     rtsv7M4_T_le_v4SPD16_eabi.lib : copy_zero_init.c.obj (.text:decompress:ZI:__TI_zero_init_nomemset:__TI_zero_init_nomemset)
                  0000102c    00000018     driverlib.lib : gpio.obj (.text:GPIOPinTypeGPIOOutput)
                  00001044    00000014                   : uart.obj (.text:UARTEnable)
                  00001058    00000012                   : gpio.obj (.text:GPIOPinTypeGPIOInput)
                  0000106a    00000012                   : gpio.obj (.text:GPIOPinTypeUART)
                  0000107c    00000010                   : interrupt.obj (.text:IntMasterEnable)
                  0000108c    0000000e                   : uart.obj (.text:UARTCharPutNonBlocking)
                  0000109a    0000000e                   : uart.obj (.text:UARTCharsAvail)
                  000010a8    0000000e     rtsv7M4_T_le_v4SPD16_eabi.lib : copy_decompress_none.c.obj (.text:decompress:none:__TI_decompress_none)
                  000010b6    0000000c     driverlib.lib : cpu.obj (.text:CPUcpsie)
                  000010c2    0000000c     tm4c123gh6pm_startup_ccs.obj (.text)
                  000010ce    0000000a     driverlib.lib : uart.obj (.text:UARTCharGet)
                  000010d8    0000000a                   : uart.obj (.text:UARTIntStatus)
                  000010e2    00000008                   : uart.obj (.text:UARTIntEnable)
                  000010ea    00000006                   : gpio.obj (.text:GPIOPinRead)
                  000010f0    00000006                   : gpio.obj (.text:GPIOPinWrite)
                  000010f6    00000006                   : sysctl.obj (.text:SysCtlDelay)
                  000010fc    00000004                   : timer.obj (.text:TimerIntClear)
                  00001100    00000004                   : uart.obj (.text:UARTIntClear)
                  00001104    00000004     rtsv7M4_T_le_v4SPD16_eabi.lib : pre_init.c.obj (.text:_system_pre_init)
                  00001108    00000004                                   : exit.c.obj (.text:abort:abort)

.const     0    0000110c    0000016c     
                  0000110c    00000090     driverlib.lib : gpio.obj (.const:g_pui32GPIOBaseAddrs)
                  0000119c    00000070                   : interrupt.obj (.const)
                  0000120c    0000006c                   : sysctl.obj (.const:g_pui32Xtals)

.cinit     0    00001278    00000030     
                  00001278    0000000c     (__TI_handler_table)
                  00001284    00000004     --HOLE-- [fill = 0]
                  00001288    00000008     (.cinit..bss.load) [load image, compression = zero_init]
                  00001290    00000007     (.cinit..data.load) [load image, compression = lzss]
                  00001297    00000001     --HOLE-- [fill = 0]
                  00001298    00000010     (__TI_cinit_table)

.init_array 
*          0    00000000    00000000     UNINITIALIZED

.bss       0    20000200    00000005     UNINITIALIZED
                  20000200    00000004     (.common:ui32Status)
                  20000204    00000001     (.common:letra)

.data      0    20000205    00000003     UNINITIALIZED
                  20000205    00000003     main.obj (.data)

.stack     0    20000000    00000200     UNINITIALIZED
                  20000000    00000004     rtsv7M4_T_le_v4SPD16_eabi.lib : boot_cortex_m.c.obj (.stack)
                  20000004    000001fc     --HOLE--

__llvm_prf_cnts 
*          0    20000000    00000000     UNINITIALIZED

MODULE SUMMARY

       Module                         code   ro data   rw data
       ------                         ----   -------   -------
    .\
       main.obj                       1856   0         8      
       tm4c123gh6pm_startup_ccs.obj   12     620       0      
    +--+------------------------------+------+---------+---------+
       Total:                         1868   620       8      
                                                              
    C:/ti/TivaWare_C_Series-2.1.4.178/driverlib/ccs/Debug/driverlib.lib
       sysctl.obj                     630    108       0      
       gpio.obj                       492    144       0      
       interrupt.obj                  120    112       0      
       uart.obj                       182    0         0      
       cpu.obj                        12     0         0      
       timer.obj                      4      0         0      
    +--+------------------------------+------+---------+---------+
       Total:                         1440   364       0      
                                                              
    C:\Program Files (x86)\ccs\tools\compiler\ti-cgt-arm_20.2.4.LTS\lib\rtsv7M4_T_le_v4SPD16_eabi.lib
       memcpy_t2.asm.obj              156    0         0      
       copy_decompress_lzss.c.obj     104    0         0      
       autoinit.c.obj                 68     0         0      
       boot_cortex_m.c.obj            52     0         0      
       copy_zero_init.c.obj           28     0         0      
       copy_decompress_none.c.obj     14     0         0      
       exit.c.obj                     4      0         0      
       pre_init.c.obj                 4      0         0      
    +--+------------------------------+------+---------+---------+
       Total:                         430    0         0      
                                                              
       Stack:                         0      0         512    
       Linker Generated:              0      43        0      
    +--+------------------------------+------+---------+---------+
       Grand Total:                   3738   1027      520    


LINKER GENERATED COPY TABLES

__TI_cinit_table @ 00001298 records: 2, size/record: 8, table size: 16
	.bss: load addr=00001288, load size=00000008 bytes, run addr=20000200, run size=00000005 bytes, compression=zero_init
	.data: load addr=00001290, load size=00000007 bytes, run addr=20000205, run size=00000003 bytes, compression=lzss


LINKER GENERATED HANDLER TABLE

__TI_handler_table @ 00001278 records: 3, size/record: 4, table size: 12
	index: 0, handler: __TI_decompress_lzss
	index: 1, handler: __TI_decompress_none
	index: 2, handler: __TI_zero_init


GLOBAL SYMBOLS: SORTED ALPHABETICALLY BY Name 

address   name                          
-------   ----                          
20000207  Aumento                       
00001109  C$$EXIT                       
000010b7  CPUcpsie                      
0000076f  DISPLAY                       
00000fc5  GPIODirModeSet                
000009ad  GPIOPadConfigSet              
00000e51  GPIOPinConfigure              
000010eb  GPIOPinRead                   
00001059  GPIOPinTypeGPIOInput          
0000102d  GPIOPinTypeGPIOOutput         
0000106b  GPIOPinTypeUART               
000010f1  GPIOPinWrite                  
00000907  InitUART                      
00000d81  IntEnable                     
0000107d  IntMasterEnable               
000003b1  LEDS_G_R                      
000005a1  Mostrar_display               
000010c3  ResetISR                      
00000ae1  SysCtlClockGet                
00000bf1  SysCtlClockSet                
000010f7  SysCtlDelay                   
00000f5d  SysCtlPeripheralEnable        
00000f25  SysCtlPeripheralReady         
0000036b  Timer0IntHandler              
000010fd  TimerIntClear                 
000010cf  UARTCharGet                   
0000108d  UARTCharPutNonBlocking        
0000109b  UARTCharsAvail                
00000e99  UARTConfigSetExpClk           
00000ff1  UARTDisable                   
00001045  UARTEnable                    
00001101  UARTIntClear                  
000010e3  UARTIntEnable                 
00000377  UARTIntHandler                
000010d9  UARTIntStatus                 
20000200  __STACK_END                   
00000200  __STACK_SIZE                  
20000200  __STACK_TOP                   
00001298  __TI_CINIT_Base               
000012a8  __TI_CINIT_Limit              
00001278  __TI_Handler_Table_Base       
00001284  __TI_Handler_Table_Limit      
00000ee1  __TI_auto_init_nobinit_nopinit
00000de9  __TI_decompress_lzss          
000010a9  __TI_decompress_none          
ffffffff  __TI_pprof_out_hndl           
ffffffff  __TI_prof_data_size           
ffffffff  __TI_prof_data_start          
00000000  __TI_static_base__            
00001011  __TI_zero_init_nomemset       
00000ce5  __aeabi_memcpy                
00000ce5  __aeabi_memcpy4               
00000ce5  __aeabi_memcpy8               
ffffffff  __binit__                     
ffffffff  __c_args__                    
UNDEFED   __mpu_init                    
20000000  __stack                       
20000000  __start___llvm_prf_cnts       
20000000  __stop___llvm_prf_cnts        
00000f91  _c_int00_noargs               
UNDEFED   _system_post_cinit            
00001105  _system_pre_init              
00001109  abort                         
20000205  ban_ocupado                   
ffffffff  binit                         
20000206  debouncing                    
00000969  delayMs                       
00000000  g_pfnVectors                  
20000204  letra                         
0000026d  main                          
00000ce5  memcpy                        
20000200  ui32Status                    


GLOBAL SYMBOLS: SORTED BY Symbol Address 

address   name                          
-------   ----                          
00000000  __TI_static_base__            
00000000  g_pfnVectors                  
00000200  __STACK_SIZE                  
0000026d  main                          
0000036b  Timer0IntHandler              
00000377  UARTIntHandler                
000003b1  LEDS_G_R                      
000005a1  Mostrar_display               
0000076f  DISPLAY                       
00000907  InitUART                      
00000969  delayMs                       
000009ad  GPIOPadConfigSet              
00000ae1  SysCtlClockGet                
00000bf1  SysCtlClockSet                
00000ce5  __aeabi_memcpy                
00000ce5  __aeabi_memcpy4               
00000ce5  __aeabi_memcpy8               
00000ce5  memcpy                        
00000d81  IntEnable                     
00000de9  __TI_decompress_lzss          
00000e51  GPIOPinConfigure              
00000e99  UARTConfigSetExpClk           
00000ee1  __TI_auto_init_nobinit_nopinit
00000f25  SysCtlPeripheralReady         
00000f5d  SysCtlPeripheralEnable        
00000f91  _c_int00_noargs               
00000fc5  GPIODirModeSet                
00000ff1  UARTDisable                   
00001011  __TI_zero_init_nomemset       
0000102d  GPIOPinTypeGPIOOutput         
00001045  UARTEnable                    
00001059  GPIOPinTypeGPIOInput          
0000106b  GPIOPinTypeUART               
0000107d  IntMasterEnable               
0000108d  UARTCharPutNonBlocking        
0000109b  UARTCharsAvail                
000010a9  __TI_decompress_none          
000010b7  CPUcpsie                      
000010c3  ResetISR                      
000010cf  UARTCharGet                   
000010d9  UARTIntStatus                 
000010e3  UARTIntEnable                 
000010eb  GPIOPinRead                   
000010f1  GPIOPinWrite                  
000010f7  SysCtlDelay                   
000010fd  TimerIntClear                 
00001101  UARTIntClear                  
00001105  _system_pre_init              
00001109  C$$EXIT                       
00001109  abort                         
00001278  __TI_Handler_Table_Base       
00001284  __TI_Handler_Table_Limit      
00001298  __TI_CINIT_Base               
000012a8  __TI_CINIT_Limit              
20000000  __stack                       
20000000  __start___llvm_prf_cnts       
20000000  __stop___llvm_prf_cnts        
20000200  __STACK_END                   
20000200  __STACK_TOP                   
20000200  ui32Status                    
20000204  letra                         
20000205  ban_ocupado                   
20000206  debouncing                    
20000207  Aumento                       
ffffffff  __TI_pprof_out_hndl           
ffffffff  __TI_prof_data_size           
ffffffff  __TI_prof_data_start          
ffffffff  __binit__                     
ffffffff  __c_args__                    
ffffffff  binit                         
UNDEFED   __mpu_init                    
UNDEFED   _system_post_cinit            

[72 symbols]
