******************************************************************************
                  TI ARM Linker PC v20.2.4                     
******************************************************************************
>> Linked Fri May 14 08:11:39 2021

OUTPUT FILE NAME:   <Proyecto4_D2.out>
ENTRY POINT SYMBOL: "_c_int00_noargs"  address: 00000d9d


MEMORY CONFIGURATION

         name            origin    length      used     unused   attr    fill
----------------------  --------  ---------  --------  --------  ----  --------
  FLASH                 00000000   00040000  000010b4  0003ef4c  R  X
  SRAM                  20000000   00008000  00000207  00007df9  RW X


SEGMENT ALLOCATION MAP

run origin  load origin   length   init length attrs members
----------  ----------- ---------- ----------- ----- -------
00000000    00000000    000010b8   000010b8    r-x
  00000000    00000000    0000026c   0000026c    r-- .intvecs
  0000026c    0000026c    00000cac   00000cac    r-x .text
  00000f18    00000f18    0000016c   0000016c    r-- .const
  00001088    00001088    00000030   00000030    r-- .cinit
20000000    20000000    00000207   00000000    rw-
  20000000    20000000    00000200   00000000    rw- .stack
  20000200    20000200    00000005   00000000    rw- .bss
  20000205    20000205    00000002   00000000    rw- .data


SECTION ALLOCATION MAP

 output                                  attributes/
section   page    origin      length       input sections
--------  ----  ----------  ----------   ----------------
.intvecs   0    00000000    0000026c     
                  00000000    0000026c     tm4c123gh6pm_startup_ccs.obj (.intvecs)

.text      0    0000026c    00000cac     
                  0000026c    0000054c     main.obj (.text)
                  000007b8    00000132     driverlib.lib : gpio.obj (.text:GPIOPadConfigSet)
                  000008ea    00000002     --HOLE-- [fill = 0]
                  000008ec    00000110                   : sysctl.obj (.text:SysCtlClockGet)
                  000009fc    000000f4                   : sysctl.obj (.text:SysCtlClockSet)
                  00000af0    0000009c     rtsv7M4_T_le_v4SPD16_eabi.lib : memcpy_t2.asm.obj (.text)
                  00000b8c    00000068     driverlib.lib : interrupt.obj (.text:IntEnable)
                  00000bf4    00000068     rtsv7M4_T_le_v4SPD16_eabi.lib : copy_decompress_lzss.c.obj (.text:decompress:lzss:__TI_decompress_lzss)
                  00000c5c    00000048     driverlib.lib : gpio.obj (.text:GPIOPinConfigure)
                  00000ca4    00000046                   : uart.obj (.text:UARTConfigSetExpClk)
                  00000cea    00000002     --HOLE-- [fill = 0]
                  00000cec    00000044     rtsv7M4_T_le_v4SPD16_eabi.lib : autoinit.c.obj (.text:__TI_auto_init_nobinit_nopinit:__TI_auto_init_nobinit_nopinit)
                  00000d30    00000038     driverlib.lib : sysctl.obj (.text:SysCtlPeripheralReady)
                  00000d68    00000034                   : sysctl.obj (.text:SysCtlPeripheralEnable)
                  00000d9c    00000034     rtsv7M4_T_le_v4SPD16_eabi.lib : boot_cortex_m.c.obj (.text:_c_int00_noargs:_c_int00_noargs)
                  00000dd0    0000002a     driverlib.lib : gpio.obj (.text:GPIODirModeSet)
                  00000dfa    00000002     --HOLE-- [fill = 0]
                  00000dfc    00000020                   : uart.obj (.text:UARTDisable)
                  00000e1c    0000001c     rtsv7M4_T_le_v4SPD16_eabi.lib : copy_zero_init.c.obj (.text:decompress:ZI:__TI_zero_init_nomemset:__TI_zero_init_nomemset)
                  00000e38    00000018     driverlib.lib : gpio.obj (.text:GPIOPinTypeGPIOOutput)
                  00000e50    00000014                   : uart.obj (.text:UARTEnable)
                  00000e64    00000012                   : gpio.obj (.text:GPIOPinTypeGPIOInput)
                  00000e76    00000012                   : gpio.obj (.text:GPIOPinTypeUART)
                  00000e88    00000010                   : interrupt.obj (.text:IntMasterEnable)
                  00000e98    0000000e                   : uart.obj (.text:UARTCharPutNonBlocking)
                  00000ea6    0000000e                   : uart.obj (.text:UARTCharsAvail)
                  00000eb4    0000000e     rtsv7M4_T_le_v4SPD16_eabi.lib : copy_decompress_none.c.obj (.text:decompress:none:__TI_decompress_none)
                  00000ec2    0000000c     driverlib.lib : cpu.obj (.text:CPUcpsie)
                  00000ece    0000000c     tm4c123gh6pm_startup_ccs.obj (.text)
                  00000eda    0000000a     driverlib.lib : uart.obj (.text:UARTCharGet)
                  00000ee4    0000000a                   : uart.obj (.text:UARTIntStatus)
                  00000eee    00000008                   : uart.obj (.text:UARTIntEnable)
                  00000ef6    00000006                   : gpio.obj (.text:GPIOPinRead)
                  00000efc    00000006                   : gpio.obj (.text:GPIOPinWrite)
                  00000f02    00000006                   : sysctl.obj (.text:SysCtlDelay)
                  00000f08    00000004                   : timer.obj (.text:TimerIntClear)
                  00000f0c    00000004                   : uart.obj (.text:UARTIntClear)
                  00000f10    00000004     rtsv7M4_T_le_v4SPD16_eabi.lib : pre_init.c.obj (.text:_system_pre_init)
                  00000f14    00000004                                   : exit.c.obj (.text:abort:abort)

.const     0    00000f18    0000016c     
                  00000f18    00000090     driverlib.lib : gpio.obj (.const:g_pui32GPIOBaseAddrs)
                  00000fa8    00000070                   : interrupt.obj (.const)
                  00001018    0000006c                   : sysctl.obj (.const:g_pui32Xtals)

.cinit     0    00001088    00000030     
                  00001088    0000000c     (__TI_handler_table)
                  00001094    00000004     --HOLE-- [fill = 0]
                  00001098    00000008     (.cinit..bss.load) [load image, compression = zero_init]
                  000010a0    00000006     (.cinit..data.load) [load image, compression = lzss]
                  000010a6    00000002     --HOLE-- [fill = 0]
                  000010a8    00000010     (__TI_cinit_table)

.init_array 
*          0    00000000    00000000     UNINITIALIZED

.bss       0    20000200    00000005     UNINITIALIZED
                  20000200    00000004     (.common:ui32Status)
                  20000204    00000001     (.common:letra)

.data      0    20000205    00000002     UNINITIALIZED
                  20000205    00000002     main.obj (.data)

.stack     0    20000000    00000200     UNINITIALIZED
                  20000000    00000004     rtsv7M4_T_le_v4SPD16_eabi.lib : boot_cortex_m.c.obj (.stack)
                  20000004    000001fc     --HOLE--

__llvm_prf_cnts 
*          0    20000000    00000000     UNINITIALIZED

MODULE SUMMARY

       Module                         code   ro data   rw data
       ------                         ----   -------   -------
    .\
       main.obj                       1356   0         7      
       tm4c123gh6pm_startup_ccs.obj   12     620       0      
    +--+------------------------------+------+---------+---------+
       Total:                         1368   620       7      
                                                              
    C:/ti/TivaWare_C_Series-2.1.4.178/driverlib/ccs/Debug/driverlib.lib
       sysctl.obj                     630    108       0      
       gpio.obj                       492    144       0      
       interrupt.obj                  120    112       0      
       uart.obj                       182    0         0      
       cpu.obj                        12     0         0      
       timer.obj                      4      0         0      
    +--+------------------------------+------+---------+---------+
       Total:                         1440   364       0      
                                                              
    C:\Program Files (x86)\ccs\tools\compiler\ti-cgt-arm_20.2.4.LTS\lib\rtsv7M4_T_le_v4SPD16_eabi.lib
       memcpy_t2.asm.obj              156    0         0      
       copy_decompress_lzss.c.obj     104    0         0      
       autoinit.c.obj                 68     0         0      
       boot_cortex_m.c.obj            52     0         0      
       copy_zero_init.c.obj           28     0         0      
       copy_decompress_none.c.obj     14     0         0      
       exit.c.obj                     4      0         0      
       pre_init.c.obj                 4      0         0      
    +--+------------------------------+------+---------+---------+
       Total:                         430    0         0      
                                                              
       Stack:                         0      0         512    
       Linker Generated:              0      42        0      
    +--+------------------------------+------+---------+---------+
       Grand Total:                   3238   1026      519    


LINKER GENERATED COPY TABLES

__TI_cinit_table @ 000010a8 records: 2, size/record: 8, table size: 16
	.bss: load addr=00001098, load size=00000008 bytes, run addr=20000200, run size=00000005 bytes, compression=zero_init
	.data: load addr=000010a0, load size=00000006 bytes, run addr=20000205, run size=00000002 bytes, compression=lzss


LINKER GENERATED HANDLER TABLE

__TI_handler_table @ 00001088 records: 3, size/record: 4, table size: 12
	index: 0, handler: __TI_decompress_lzss
	index: 1, handler: __TI_decompress_none
	index: 2, handler: __TI_zero_init


GLOBAL SYMBOLS: SORTED ALPHABETICALLY BY Name 

address   name                          
-------   ----                          
00000f15  C$$EXIT                       
00000ec3  CPUcpsie                      
00000579  DISPLAY                       
00000dd1  GPIODirModeSet                
000007b9  GPIOPadConfigSet              
00000c5d  GPIOPinConfigure              
00000ef7  GPIOPinRead                   
00000e65  GPIOPinTypeGPIOInput          
00000e39  GPIOPinTypeGPIOOutput         
00000e77  GPIOPinTypeUART               
00000efd  GPIOPinWrite                  
00000725  InitUART                      
00000b8d  IntEnable                     
00000e89  IntMasterEnable               
000003b1  LEDS_G_R                      
0000049b  Mostrar_display               
00000ecf  ResetISR                      
000008ed  SysCtlClockGet                
000009fd  SysCtlClockSet                
00000f03  SysCtlDelay                   
00000d69  SysCtlPeripheralEnable        
00000d31  SysCtlPeripheralReady         
0000036b  Timer0IntHandler              
00000f09  TimerIntClear                 
00000edb  UARTCharGet                   
00000e99  UARTCharPutNonBlocking        
00000ea7  UARTCharsAvail                
00000ca5  UARTConfigSetExpClk           
00000dfd  UARTDisable                   
00000e51  UARTEnable                    
00000f0d  UARTIntClear                  
00000eef  UARTIntEnable                 
00000377  UARTIntHandler                
00000ee5  UARTIntStatus                 
20000200  __STACK_END                   
00000200  __STACK_SIZE                  
20000200  __STACK_TOP                   
000010a8  __TI_CINIT_Base               
000010b8  __TI_CINIT_Limit              
00001088  __TI_Handler_Table_Base       
00001094  __TI_Handler_Table_Limit      
00000ced  __TI_auto_init_nobinit_nopinit
00000bf5  __TI_decompress_lzss          
00000eb5  __TI_decompress_none          
ffffffff  __TI_pprof_out_hndl           
ffffffff  __TI_prof_data_size           
ffffffff  __TI_prof_data_start          
00000000  __TI_static_base__            
00000e1d  __TI_zero_init_nomemset       
00000af1  __aeabi_memcpy                
00000af1  __aeabi_memcpy4               
00000af1  __aeabi_memcpy8               
ffffffff  __binit__                     
ffffffff  __c_args__                    
UNDEFED   __mpu_init                    
20000000  __stack                       
20000000  __start___llvm_prf_cnts       
20000000  __stop___llvm_prf_cnts        
00000d9d  _c_int00_noargs               
UNDEFED   _system_post_cinit            
00000f11  _system_pre_init              
00000f15  abort                         
20000205  ban_ocupado                   
ffffffff  binit                         
20000206  debouncing                    
00000787  delayMs                       
00000000  g_pfnVectors                  
20000204  letra                         
0000026d  main                          
00000af1  memcpy                        
20000200  ui32Status                    


GLOBAL SYMBOLS: SORTED BY Symbol Address 

address   name                          
-------   ----                          
00000000  __TI_static_base__            
00000000  g_pfnVectors                  
00000200  __STACK_SIZE                  
0000026d  main                          
0000036b  Timer0IntHandler              
00000377  UARTIntHandler                
000003b1  LEDS_G_R                      
0000049b  Mostrar_display               
00000579  DISPLAY                       
00000725  InitUART                      
00000787  delayMs                       
000007b9  GPIOPadConfigSet              
000008ed  SysCtlClockGet                
000009fd  SysCtlClockSet                
00000af1  __aeabi_memcpy                
00000af1  __aeabi_memcpy4               
00000af1  __aeabi_memcpy8               
00000af1  memcpy                        
00000b8d  IntEnable                     
00000bf5  __TI_decompress_lzss          
00000c5d  GPIOPinConfigure              
00000ca5  UARTConfigSetExpClk           
00000ced  __TI_auto_init_nobinit_nopinit
00000d31  SysCtlPeripheralReady         
00000d69  SysCtlPeripheralEnable        
00000d9d  _c_int00_noargs               
00000dd1  GPIODirModeSet                
00000dfd  UARTDisable                   
00000e1d  __TI_zero_init_nomemset       
00000e39  GPIOPinTypeGPIOOutput         
00000e51  UARTEnable                    
00000e65  GPIOPinTypeGPIOInput          
00000e77  GPIOPinTypeUART               
00000e89  IntMasterEnable               
00000e99  UARTCharPutNonBlocking        
00000ea7  UARTCharsAvail                
00000eb5  __TI_decompress_none          
00000ec3  CPUcpsie                      
00000ecf  ResetISR                      
00000edb  UARTCharGet                   
00000ee5  UARTIntStatus                 
00000eef  UARTIntEnable                 
00000ef7  GPIOPinRead                   
00000efd  GPIOPinWrite                  
00000f03  SysCtlDelay                   
00000f09  TimerIntClear                 
00000f0d  UARTIntClear                  
00000f11  _system_pre_init              
00000f15  C$$EXIT                       
00000f15  abort                         
00001088  __TI_Handler_Table_Base       
00001094  __TI_Handler_Table_Limit      
000010a8  __TI_CINIT_Base               
000010b8  __TI_CINIT_Limit              
20000000  __stack                       
20000000  __start___llvm_prf_cnts       
20000000  __stop___llvm_prf_cnts        
20000200  __STACK_END                   
20000200  __STACK_TOP                   
20000200  ui32Status                    
20000204  letra                         
20000205  ban_ocupado                   
20000206  debouncing                    
ffffffff  __TI_pprof_out_hndl           
ffffffff  __TI_prof_data_size           
ffffffff  __TI_prof_data_start          
ffffffff  __binit__                     
ffffffff  __c_args__                    
ffffffff  binit                         
UNDEFED   __mpu_init                    
UNDEFED   _system_post_cinit            

[71 symbols]
