******************************************************************************
                  TI ARM Linker PC v20.2.4                     
******************************************************************************
>> Linked Mon May 17 17:00:19 2021

OUTPUT FILE NAME:   <Proyecto4_D2.out>
ENTRY POINT SYMBOL: "_c_int00_noargs"  address: 00000fbd


MEMORY CONFIGURATION

         name            origin    length      used     unused   attr    fill
----------------------  --------  ---------  --------  --------  ----  --------
  FLASH                 00000000   00040000  000012d4  0003ed2c  R  X
  SRAM                  20000000   00008000  00000208  00007df8  RW X


SEGMENT ALLOCATION MAP

run origin  load origin   length   init length attrs members
----------  ----------- ---------- ----------- ----- -------
00000000    00000000    000012d8   000012d8    r-x
  00000000    00000000    0000026c   0000026c    r-- .intvecs
  0000026c    0000026c    00000ecc   00000ecc    r-x .text
  00001138    00001138    0000016c   0000016c    r-- .const
  000012a8    000012a8    00000030   00000030    r-- .cinit
20000000    20000000    00000208   00000000    rw-
  20000000    20000000    00000200   00000000    rw- .stack
  20000200    20000200    00000005   00000000    rw- .bss
  20000205    20000205    00000003   00000000    rw- .data


SECTION ALLOCATION MAP

 output                                  attributes/
section   page    origin      length       input sections
--------  ----  ----------  ----------   ----------------
.intvecs   0    00000000    0000026c     
                  00000000    0000026c     tm4c123gh6pm_startup_ccs.obj (.intvecs)

.text      0    0000026c    00000ecc     
                  0000026c    0000076c     main.obj (.text)
                  000009d8    00000132     driverlib.lib : gpio.obj (.text:GPIOPadConfigSet)
                  00000b0a    00000002     --HOLE-- [fill = 0]
                  00000b0c    00000110                   : sysctl.obj (.text:SysCtlClockGet)
                  00000c1c    000000f4                   : sysctl.obj (.text:SysCtlClockSet)
                  00000d10    0000009c     rtsv7M4_T_le_v4SPD16_eabi.lib : memcpy_t2.asm.obj (.text)
                  00000dac    00000068     driverlib.lib : interrupt.obj (.text:IntEnable)
                  00000e14    00000068     rtsv7M4_T_le_v4SPD16_eabi.lib : copy_decompress_lzss.c.obj (.text:decompress:lzss:__TI_decompress_lzss)
                  00000e7c    00000048     driverlib.lib : gpio.obj (.text:GPIOPinConfigure)
                  00000ec4    00000046                   : uart.obj (.text:UARTConfigSetExpClk)
                  00000f0a    00000002     --HOLE-- [fill = 0]
                  00000f0c    00000044     rtsv7M4_T_le_v4SPD16_eabi.lib : autoinit.c.obj (.text:__TI_auto_init_nobinit_nopinit:__TI_auto_init_nobinit_nopinit)
                  00000f50    00000038     driverlib.lib : sysctl.obj (.text:SysCtlPeripheralReady)
                  00000f88    00000034                   : sysctl.obj (.text:SysCtlPeripheralEnable)
                  00000fbc    00000034     rtsv7M4_T_le_v4SPD16_eabi.lib : boot_cortex_m.c.obj (.text:_c_int00_noargs:_c_int00_noargs)
                  00000ff0    0000002a     driverlib.lib : gpio.obj (.text:GPIODirModeSet)
                  0000101a    00000002     --HOLE-- [fill = 0]
                  0000101c    00000020                   : uart.obj (.text:UARTDisable)
                  0000103c    0000001c     rtsv7M4_T_le_v4SPD16_eabi.lib : copy_zero_init.c.obj (.text:decompress:ZI:__TI_zero_init_nomemset:__TI_zero_init_nomemset)
                  00001058    00000018     driverlib.lib : gpio.obj (.text:GPIOPinTypeGPIOOutput)
                  00001070    00000014                   : uart.obj (.text:UARTEnable)
                  00001084    00000012                   : gpio.obj (.text:GPIOPinTypeGPIOInput)
                  00001096    00000012                   : gpio.obj (.text:GPIOPinTypeUART)
                  000010a8    00000010                   : interrupt.obj (.text:IntMasterEnable)
                  000010b8    0000000e                   : uart.obj (.text:UARTCharPutNonBlocking)
                  000010c6    0000000e                   : uart.obj (.text:UARTCharsAvail)
                  000010d4    0000000e     rtsv7M4_T_le_v4SPD16_eabi.lib : copy_decompress_none.c.obj (.text:decompress:none:__TI_decompress_none)
                  000010e2    0000000c     driverlib.lib : cpu.obj (.text:CPUcpsie)
                  000010ee    0000000c     tm4c123gh6pm_startup_ccs.obj (.text)
                  000010fa    0000000a     driverlib.lib : uart.obj (.text:UARTCharGet)
                  00001104    0000000a                   : uart.obj (.text:UARTIntStatus)
                  0000110e    00000008                   : uart.obj (.text:UARTIntEnable)
                  00001116    00000006                   : gpio.obj (.text:GPIOPinRead)
                  0000111c    00000006                   : gpio.obj (.text:GPIOPinWrite)
                  00001122    00000006                   : sysctl.obj (.text:SysCtlDelay)
                  00001128    00000004                   : timer.obj (.text:TimerIntClear)
                  0000112c    00000004                   : uart.obj (.text:UARTIntClear)
                  00001130    00000004     rtsv7M4_T_le_v4SPD16_eabi.lib : pre_init.c.obj (.text:_system_pre_init)
                  00001134    00000004                                   : exit.c.obj (.text:abort:abort)

.const     0    00001138    0000016c     
                  00001138    00000090     driverlib.lib : gpio.obj (.const:g_pui32GPIOBaseAddrs)
                  000011c8    00000070                   : interrupt.obj (.const)
                  00001238    0000006c                   : sysctl.obj (.const:g_pui32Xtals)

.cinit     0    000012a8    00000030     
                  000012a8    0000000c     (__TI_handler_table)
                  000012b4    00000004     --HOLE-- [fill = 0]
                  000012b8    00000008     (.cinit..bss.load) [load image, compression = zero_init]
                  000012c0    00000007     (.cinit..data.load) [load image, compression = lzss]
                  000012c7    00000001     --HOLE-- [fill = 0]
                  000012c8    00000010     (__TI_cinit_table)

.init_array 
*          0    00000000    00000000     UNINITIALIZED

.bss       0    20000200    00000005     UNINITIALIZED
                  20000200    00000004     (.common:ui32Status)
                  20000204    00000001     (.common:letra)

.data      0    20000205    00000003     UNINITIALIZED
                  20000205    00000003     main.obj (.data)

.stack     0    20000000    00000200     UNINITIALIZED
                  20000000    00000004     rtsv7M4_T_le_v4SPD16_eabi.lib : boot_cortex_m.c.obj (.stack)
                  20000004    000001fc     --HOLE--

__llvm_prf_cnts 
*          0    20000000    00000000     UNINITIALIZED

MODULE SUMMARY

       Module                         code   ro data   rw data
       ------                         ----   -------   -------
    .\
       main.obj                       1900   0         8      
       tm4c123gh6pm_startup_ccs.obj   12     620       0      
    +--+------------------------------+------+---------+---------+
       Total:                         1912   620       8      
                                                              
    C:/ti/TivaWare_C_Series-2.1.4.178/driverlib/ccs/Debug/driverlib.lib
       sysctl.obj                     630    108       0      
       gpio.obj                       492    144       0      
       interrupt.obj                  120    112       0      
       uart.obj                       182    0         0      
       cpu.obj                        12     0         0      
       timer.obj                      4      0         0      
    +--+------------------------------+------+---------+---------+
       Total:                         1440   364       0      
                                                              
    C:\Program Files (x86)\ccs\tools\compiler\ti-cgt-arm_20.2.4.LTS\lib\rtsv7M4_T_le_v4SPD16_eabi.lib
       memcpy_t2.asm.obj              156    0         0      
       copy_decompress_lzss.c.obj     104    0         0      
       autoinit.c.obj                 68     0         0      
       boot_cortex_m.c.obj            52     0         0      
       copy_zero_init.c.obj           28     0         0      
       copy_decompress_none.c.obj     14     0         0      
       exit.c.obj                     4      0         0      
       pre_init.c.obj                 4      0         0      
    +--+------------------------------+------+---------+---------+
       Total:                         430    0         0      
                                                              
       Stack:                         0      0         512    
       Linker Generated:              0      43        0      
    +--+------------------------------+------+---------+---------+
       Grand Total:                   3782   1027      520    


LINKER GENERATED COPY TABLES

__TI_cinit_table @ 000012c8 records: 2, size/record: 8, table size: 16
	.bss: load addr=000012b8, load size=00000008 bytes, run addr=20000200, run size=00000005 bytes, compression=zero_init
	.data: load addr=000012c0, load size=00000007 bytes, run addr=20000205, run size=00000003 bytes, compression=lzss


LINKER GENERATED HANDLER TABLE

__TI_handler_table @ 000012a8 records: 3, size/record: 4, table size: 12
	index: 0, handler: __TI_decompress_lzss
	index: 1, handler: __TI_decompress_none
	index: 2, handler: __TI_zero_init


GLOBAL SYMBOLS: SORTED ALPHABETICALLY BY Name 

address   name                          
-------   ----                          
20000207  Aumento                       
00001135  C$$EXIT                       
000010e3  CPUcpsie                      
0000078b  DISPLAY                       
00000ff1  GPIODirModeSet                
000009d9  GPIOPadConfigSet              
00000e7d  GPIOPinConfigure              
00001117  GPIOPinRead                   
00001085  GPIOPinTypeGPIOInput          
00001059  GPIOPinTypeGPIOOutput         
00001097  GPIOPinTypeUART               
0000111d  GPIOPinWrite                  
0000092f  InitUART                      
00000dad  IntEnable                     
000010a9  IntMasterEnable               
000003cb  LEDS_G_R                      
000005bd  Mostrar_display               
000010ef  ResetISR                      
00000b0d  SysCtlClockGet                
00000c1d  SysCtlClockSet                
00001123  SysCtlDelay                   
00000f89  SysCtlPeripheralEnable        
00000f51  SysCtlPeripheralReady         
00000385  Timer0IntHandler              
00001129  TimerIntClear                 
000010fb  UARTCharGet                   
000010b9  UARTCharPutNonBlocking        
000010c7  UARTCharsAvail                
00000ec5  UARTConfigSetExpClk           
0000101d  UARTDisable                   
00001071  UARTEnable                    
0000112d  UARTIntClear                  
0000110f  UARTIntEnable                 
00000391  UARTIntHandler                
00001105  UARTIntStatus                 
20000200  __STACK_END                   
00000200  __STACK_SIZE                  
20000200  __STACK_TOP                   
000012c8  __TI_CINIT_Base               
000012d8  __TI_CINIT_Limit              
000012a8  __TI_Handler_Table_Base       
000012b4  __TI_Handler_Table_Limit      
00000f0d  __TI_auto_init_nobinit_nopinit
00000e15  __TI_decompress_lzss          
000010d5  __TI_decompress_none          
ffffffff  __TI_pprof_out_hndl           
ffffffff  __TI_prof_data_size           
ffffffff  __TI_prof_data_start          
00000000  __TI_static_base__            
0000103d  __TI_zero_init_nomemset       
00000d11  __aeabi_memcpy                
00000d11  __aeabi_memcpy4               
00000d11  __aeabi_memcpy8               
ffffffff  __binit__                     
ffffffff  __c_args__                    
UNDEFED   __mpu_init                    
20000000  __stack                       
20000000  __start___llvm_prf_cnts       
20000000  __stop___llvm_prf_cnts        
00000fbd  _c_int00_noargs               
UNDEFED   _system_post_cinit            
00001131  _system_pre_init              
00001135  abort                         
20000205  ban_ocupado                   
ffffffff  binit                         
20000206  debouncing                    
0000098d  delayMs                       
00000000  g_pfnVectors                  
20000204  letra                         
0000026d  main                          
00000d11  memcpy                        
20000200  ui32Status                    


GLOBAL SYMBOLS: SORTED BY Symbol Address 

address   name                          
-------   ----                          
00000000  __TI_static_base__            
00000000  g_pfnVectors                  
00000200  __STACK_SIZE                  
0000026d  main                          
00000385  Timer0IntHandler              
00000391  UARTIntHandler                
000003cb  LEDS_G_R                      
000005bd  Mostrar_display               
0000078b  DISPLAY                       
0000092f  InitUART                      
0000098d  delayMs                       
000009d9  GPIOPadConfigSet              
00000b0d  SysCtlClockGet                
00000c1d  SysCtlClockSet                
00000d11  __aeabi_memcpy                
00000d11  __aeabi_memcpy4               
00000d11  __aeabi_memcpy8               
00000d11  memcpy                        
00000dad  IntEnable                     
00000e15  __TI_decompress_lzss          
00000e7d  GPIOPinConfigure              
00000ec5  UARTConfigSetExpClk           
00000f0d  __TI_auto_init_nobinit_nopinit
00000f51  SysCtlPeripheralReady         
00000f89  SysCtlPeripheralEnable        
00000fbd  _c_int00_noargs               
00000ff1  GPIODirModeSet                
0000101d  UARTDisable                   
0000103d  __TI_zero_init_nomemset       
00001059  GPIOPinTypeGPIOOutput         
00001071  UARTEnable                    
00001085  GPIOPinTypeGPIOInput          
00001097  GPIOPinTypeUART               
000010a9  IntMasterEnable               
000010b9  UARTCharPutNonBlocking        
000010c7  UARTCharsAvail                
000010d5  __TI_decompress_none          
000010e3  CPUcpsie                      
000010ef  ResetISR                      
000010fb  UARTCharGet                   
00001105  UARTIntStatus                 
0000110f  UARTIntEnable                 
00001117  GPIOPinRead                   
0000111d  GPIOPinWrite                  
00001123  SysCtlDelay                   
00001129  TimerIntClear                 
0000112d  UARTIntClear                  
00001131  _system_pre_init              
00001135  C$$EXIT                       
00001135  abort                         
000012a8  __TI_Handler_Table_Base       
000012b4  __TI_Handler_Table_Limit      
000012c8  __TI_CINIT_Base               
000012d8  __TI_CINIT_Limit              
20000000  __stack                       
20000000  __start___llvm_prf_cnts       
20000000  __stop___llvm_prf_cnts        
20000200  __STACK_END                   
20000200  __STACK_TOP                   
20000200  ui32Status                    
20000204  letra                         
20000205  ban_ocupado                   
20000206  debouncing                    
20000207  Aumento                       
ffffffff  __TI_pprof_out_hndl           
ffffffff  __TI_prof_data_size           
ffffffff  __TI_prof_data_start          
ffffffff  __binit__                     
ffffffff  __c_args__                    
ffffffff  binit                         
UNDEFED   __mpu_init                    
UNDEFED   _system_post_cinit            

[72 symbols]
